Archive member included to satisfy reference by file (symbol)

C:/ST/STM32CubeIDE_1.14.1/STM32CubeIDE/plugins/com.st.stm32cube.ide.mcu.externaltools.gnu-tools-for-stm32.11.3.rel1.win32_1.1.100.202309141235/tools/bin/../lib/gcc/arm-none-eabi/11.3.1/../../../../arm-none-eabi/lib/thumb/v7e-m+fp/hard\libc_nano.a(libc_a-exit.o)
                              C:/ST/STM32CubeIDE_1.14.1/STM32CubeIDE/plugins/com.st.stm32cube.ide.mcu.externaltools.gnu-tools-for-stm32.11.3.rel1.win32_1.1.100.202309141235/tools/bin/../lib/gcc/arm-none-eabi/11.3.1/../../../../arm-none-eabi/lib/thumb/v7e-m+fp/hard/crt0.o (exit)
C:/ST/STM32CubeIDE_1.14.1/STM32CubeIDE/plugins/com.st.stm32cube.ide.mcu.externaltools.gnu-tools-for-stm32.11.3.rel1.win32_1.1.100.202309141235/tools/bin/../lib/gcc/arm-none-eabi/11.3.1/../../../../arm-none-eabi/lib/thumb/v7e-m+fp/hard\libc_nano.a(libc_a-findfp.o)
                              C:/ST/STM32CubeIDE_1.14.1/STM32CubeIDE/plugins/com.st.stm32cube.ide.mcu.externaltools.gnu-tools-for-stm32.11.3.rel1.win32_1.1.100.202309141235/tools/bin/../lib/gcc/arm-none-eabi/11.3.1/../../../../arm-none-eabi/lib/thumb/v7e-m+fp/hard\libc_nano.a(libc_a-exit.o) (__stdio_exit_handler)
C:/ST/STM32CubeIDE_1.14.1/STM32CubeIDE/plugins/com.st.stm32cube.ide.mcu.externaltools.gnu-tools-for-stm32.11.3.rel1.win32_1.1.100.202309141235/tools/bin/../lib/gcc/arm-none-eabi/11.3.1/../../../../arm-none-eabi/lib/thumb/v7e-m+fp/hard\libc_nano.a(libc_a-fwalk.o)
                              C:/ST/STM32CubeIDE_1.14.1/STM32CubeIDE/plugins/com.st.stm32cube.ide.mcu.externaltools.gnu-tools-for-stm32.11.3.rel1.win32_1.1.100.202309141235/tools/bin/../lib/gcc/arm-none-eabi/11.3.1/../../../../arm-none-eabi/lib/thumb/v7e-m+fp/hard\libc_nano.a(libc_a-findfp.o) (_fwalk_sglue)
C:/ST/STM32CubeIDE_1.14.1/STM32CubeIDE/plugins/com.st.stm32cube.ide.mcu.externaltools.gnu-tools-for-stm32.11.3.rel1.win32_1.1.100.202309141235/tools/bin/../lib/gcc/arm-none-eabi/11.3.1/../../../../arm-none-eabi/lib/thumb/v7e-m+fp/hard\libc_nano.a(libc_a-snprintf.o)
                              ./Core/Src/Device_Drivers_src/ssd1306_tests.o (snprintf)
C:/ST/STM32CubeIDE_1.14.1/STM32CubeIDE/plugins/com.st.stm32cube.ide.mcu.externaltools.gnu-tools-for-stm32.11.3.rel1.win32_1.1.100.202309141235/tools/bin/../lib/gcc/arm-none-eabi/11.3.1/../../../../arm-none-eabi/lib/thumb/v7e-m+fp/hard\libc_nano.a(libc_a-sprintf.o)
                              ./Core/Src/Device_Drivers_src/File_Handling_RTOS.o (sprintf)
C:/ST/STM32CubeIDE_1.14.1/STM32CubeIDE/plugins/com.st.stm32cube.ide.mcu.externaltools.gnu-tools-for-stm32.11.3.rel1.win32_1.1.100.202309141235/tools/bin/../lib/gcc/arm-none-eabi/11.3.1/../../../../arm-none-eabi/lib/thumb/v7e-m+fp/hard\libc_nano.a(libc_a-stdio.o)
                              C:/ST/STM32CubeIDE_1.14.1/STM32CubeIDE/plugins/com.st.stm32cube.ide.mcu.externaltools.gnu-tools-for-stm32.11.3.rel1.win32_1.1.100.202309141235/tools/bin/../lib/gcc/arm-none-eabi/11.3.1/../../../../arm-none-eabi/lib/thumb/v7e-m+fp/hard\libc_nano.a(libc_a-findfp.o) (__sread)
C:/ST/STM32CubeIDE_1.14.1/STM32CubeIDE/plugins/com.st.stm32cube.ide.mcu.externaltools.gnu-tools-for-stm32.11.3.rel1.win32_1.1.100.202309141235/tools/bin/../lib/gcc/arm-none-eabi/11.3.1/../../../../arm-none-eabi/lib/thumb/v7e-m+fp/hard\libc_nano.a(libc_a-memmove.o)
                              ./Core/Src/Device_Drivers_src/ssd1306_tests.o (memmove)
C:/ST/STM32CubeIDE_1.14.1/STM32CubeIDE/plugins/com.st.stm32cube.ide.mcu.externaltools.gnu-tools-for-stm32.11.3.rel1.win32_1.1.100.202309141235/tools/bin/../lib/gcc/arm-none-eabi/11.3.1/../../../../arm-none-eabi/lib/thumb/v7e-m+fp/hard\libc_nano.a(libc_a-memset.o)
                              C:/ST/STM32CubeIDE_1.14.1/STM32CubeIDE/plugins/com.st.stm32cube.ide.mcu.externaltools.gnu-tools-for-stm32.11.3.rel1.win32_1.1.100.202309141235/tools/bin/../lib/gcc/arm-none-eabi/11.3.1/../../../../arm-none-eabi/lib/thumb/v7e-m+fp/hard/crt0.o (memset)
C:/ST/STM32CubeIDE_1.14.1/STM32CubeIDE/plugins/com.st.stm32cube.ide.mcu.externaltools.gnu-tools-for-stm32.11.3.rel1.win32_1.1.100.202309141235/tools/bin/../lib/gcc/arm-none-eabi/11.3.1/../../../../arm-none-eabi/lib/thumb/v7e-m+fp/hard\libc_nano.a(libc_a-closer.o)
                              C:/ST/STM32CubeIDE_1.14.1/STM32CubeIDE/plugins/com.st.stm32cube.ide.mcu.externaltools.gnu-tools-for-stm32.11.3.rel1.win32_1.1.100.202309141235/tools/bin/../lib/gcc/arm-none-eabi/11.3.1/../../../../arm-none-eabi/lib/thumb/v7e-m+fp/hard\libc_nano.a(libc_a-stdio.o) (_close_r)
C:/ST/STM32CubeIDE_1.14.1/STM32CubeIDE/plugins/com.st.stm32cube.ide.mcu.externaltools.gnu-tools-for-stm32.11.3.rel1.win32_1.1.100.202309141235/tools/bin/../lib/gcc/arm-none-eabi/11.3.1/../../../../arm-none-eabi/lib/thumb/v7e-m+fp/hard\libc_nano.a(libc_a-reent.o)
[...]
Memory Configuration

Name             Origin             Length             Attributes
RAM              0x0000000020000000 0x0000000000018000 xrw
FLASH            0x0000000008000000 0x0000000000080000 xr
*default*        0x0000000000000000 0xffffffffffffffff

Linker script and memory map

LOAD C:/ST/STM32CubeIDE_1.14.1/STM32CubeIDE/plugins/com.st.stm32cube.ide.mcu.externaltools.gnu-tools-for-stm32.11.3.rel1.win32_1.1.100.202309141235/tools/bin/../lib/gcc/arm-none-eabi/11.3.1/thumb/v7e-m+fp/hard/crti.o
LOAD C:/ST/STM32CubeIDE_1.14.1/STM32CubeIDE/plugins/com.st.stm32cube.ide.mcu.externaltools.gnu-tools-for-stm32.11.3.rel1.win32_1.1.100.202309141235/tools/bin/../lib/gcc/arm-none-eabi/11.3.1/thumb/v7e-m+fp/hard/crtbegin.o
LOAD C:/ST/STM32CubeIDE_1.14.1/STM32CubeIDE/plugins/com.st.stm32cube.ide.mcu.externaltools.gnu-tools-for-stm32.11.3.rel1.win32_1.1.100.202309141235/tools/bin/../lib/gcc/arm-none-eabi/11.3.1/../../../../arm-none-eabi/lib/thumb/v7e-m+fp/hard/crt0.o
LOAD ./Core/Src/Device_Drivers_src/File_Handling_RTOS.o
LOAD ./Core/Src/Device_Drivers_src/adc.o
LOAD ./Core/Src/Device_Drivers_src/fatfs_sd.o
LOAD ./Core/Src/Device_Drivers_src/keypad.o
LOAD ./Core/Src/Device_Drivers_src/lock.o
LOAD ./Core/Src/Device_Drivers_src/screen.o
LOAD ./Core/Src/Device_Drivers_src/sd.o
LOAD ./Core/Src/Device_Drivers_src/ssd1306.o
LOAD ./Core/Src/Device_Drivers_src/ssd1306_fonts.o
LOAD ./Core/Src/Device_Drivers_src/ssd1306_tests.o
LOAD ./Core/Src/freertos.o
LOAD ./Core/Src/main.o
LOAD ./Core/Src/stm32f4xx_hal_msp.o
LOAD ./Core/Src/stm32f4xx_hal_timebase_tim.o
LOAD ./Core/Src/stm32f4xx_it.o
LOAD ./Core/Src/syscalls.o
LOAD ./Core/Src/sysmem.o
LOAD ./Core/Src/system_stm32f4xx.o
LOAD ./Core/Src/tasks.o
LOAD ./Core/Startup/startup_stm32f401retx.o
LOAD ./Drivers/STM32F4xx_HAL_Driver/Src/stm32f4xx_hal.o
LOAD ./Drivers/STM32F4xx_HAL_Driver/Src/stm32f4xx_hal_cortex.o
LOAD ./Drivers/STM32F4xx_HAL_Driver/Src/stm32f4xx_hal_dma.o
LOAD ./Drivers/STM32F4xx_HAL_Driver/Src/stm32f4xx_hal_dma_ex.o
LOAD ./Drivers/STM32F4xx_HAL_Driver/Src/stm32f4xx_hal_exti.o
LOAD ./Drivers/STM32F4xx_HAL_Driver/Src/stm32f4xx_hal_flash.o
LOAD ./Drivers/STM32F4xx_HAL_Driver/Src/stm32f4xx_hal_flash_ex.o
LOAD ./Drivers/STM32F4xx_HAL_Driver/Src/stm32f4xx_hal_flash_ramfunc.o
LOAD ./Drivers/STM32F4xx_HAL_Driver/Src/stm32f4xx_hal_gpio.o
LOAD ./Drivers/STM32F4xx_HAL_Driver/Src/stm32f4xx_hal_i2c.o
LOAD ./Drivers/STM32F4xx_HAL_Driver/Src/stm32f4xx_hal_i2c_ex.o
LOAD ./Drivers/STM32F4xx_HAL_Driver/Src/stm32f4xx_hal_pwr.o
LOAD ./Drivers/STM32F4xx_HAL_Driver/Src/stm32f4xx_hal_pwr_ex.o
LOAD ./Drivers/STM32F4xx_HAL_Driver/Src/stm32f4xx_hal_rcc.o
LOAD ./Drivers/STM32F4xx_HAL_Driver/Src/stm32f4xx_hal_rcc_ex.o
LOAD ./Drivers/STM32F4xx_HAL_Driver/Src/stm32f4xx_hal_spi.o
LOAD ./Drivers/STM32F4xx_HAL_Driver/Src/stm32f4xx_hal_tim.o
LOAD ./Drivers/STM32F4xx_HAL_Driver/Src/stm32f4xx_hal_tim_ex.o
LOAD ./Drivers/STM32F4xx_HAL_Driver/Src/stm32f4xx_hal_uart.o
LOAD ./FATFS/App/fatfs.o
LOAD ./FATFS/Target/user_diskio.o
LOAD ./Middlewares/Third_Party/FatFs/src/diskio.o
LOAD ./Middlewares/Third_Party/FatFs/src/ff.o
LOAD ./Middlewares/Third_Party/FatFs/src/ff_gen_drv.o
LOAD ./Middlewares/Third_Party/FatFs/src/option/ccsbcs.o
LOAD ./Middlewares/Third_Party/FatFs/src/option/syscall.o
LOAD ./Middlewares/Third_Party/FreeRTOS/Source/CMSIS_RTOS/cmsis_os.o
LOAD ./Middlewares/Third_Party/FreeRTOS/Source/croutine.o
LOAD ./Middlewares/Third_Party/FreeRTOS/Source/event_groups.o
LOAD ./Middlewares/Third_Party/FreeRTOS/Source/list.o
LOAD ./Middlewares/Third_Party/FreeRTOS/Source/queue.o
LOAD ./Middlewares/Third_Party/FreeRTOS/Source/stream_buffer.o
LOAD ./Middlewares/Third_Party/FreeRTOS/Source/tasks.o
LOAD ./Middlewares/Third_Party/FreeRTOS/Source/timers.o
LOAD ./Middlewares/Third_Party/FreeRTOS/Source/portable/GCC/ARM_CM4F/port.o
LOAD ./Middlewares/Third_Party/FreeRTOS/Source/portable/MemMang/heap_4.o
START GROUP
LOAD C:/ST/STM32CubeIDE_1.14.1/STM32CubeIDE/plugins/com.st.stm32cube.ide.mcu.externaltools.gnu-tools-for-stm32.11.3.rel1.win32_1.1.100.202309141235/tools/bin/../lib/gcc/arm-none-eabi/11.3.1/../../../../arm-none-eabi/lib/thumb/v7e-m+fp/hard\libc_nano.a
LOAD C:/ST/STM32CubeIDE_1.14.1/STM32CubeIDE/plugins/com.st.stm32cube.ide.mcu.externaltools.gnu-tools-for-stm32.11.3.rel1.win32_1.1.100.202309141235/tools/bin/../lib/gcc/arm-none-eabi/11.3.1/../../../../arm-none-eabi/lib/thumb/v7e-m+fp/hard\libm.a
END GROUP
START GROUP
LOAD C:/ST/STM32CubeIDE_1.14.1/STM32CubeIDE/plugins/com.st.stm32cube.ide.mcu.externaltools.gnu-tools-for-stm32.11.3.rel1.win32_1.1.100.202309141235/tools/bin/../lib/gcc/arm-none-eabi/11.3.1/thumb/v7e-m+fp/hard\libgcc.a
LOAD C:/ST/STM32CubeIDE_1.14.1/STM32CubeIDE/plugins/com.st.stm32cube.ide.mcu.externaltools.gnu-tools-for-stm32.11.3.rel1.win32_1.1.100.202309141235/tools/bin/../lib/gcc/arm-none-eabi/11.3.1/../../../../arm-none-eabi/lib/thumb/v7e-m+fp/hard\libc_nano.a
END GROUP
START GROUP
LOAD C:/ST/STM32CubeIDE_1.14.1/STM32CubeIDE/plugins/com.st.stm32cube.ide.mcu.externaltools.gnu-tools-for-stm32.11.3.rel1.win32_1.1.100.202309141235/tools/bin/../lib/gcc/arm-none-eabi/11.3.1/thumb/v7e-m+fp/hard\libgcc.a
LOAD C:/ST/STM32CubeIDE_1.14.1/STM32CubeIDE/plugins/com.st.stm32cube.ide.mcu.externaltools.gnu-tools-for-stm32.11.3.rel1.win32_1.1.100.202309141235/tools/bin/../lib/gcc/arm-none-eabi/11.3.1/../../../../arm-none-eabi/lib/thumb/v7e-m+fp/hard\libc_nano.a
LOAD C:/ST/STM32CubeIDE_1.14.1/STM32CubeIDE/plugins/com.st.stm32cube.ide.mcu.externaltools.gnu-tools-for-stm32.11.3.rel1.win32_1.1.100.202309141235/tools/bin/../lib/gcc/arm-none-eabi/11.3.1/../../../../arm-none-eabi/lib/thumb/v7e-m+fp/hard\libnosys.a
END GROUP
START GROUP
LOAD C:/ST/STM32CubeIDE_1.14.1/STM32CubeIDE/plugins/com.st.stm32cube.ide.mcu.externaltools.gnu-tools-for-stm32.11.3.rel1.win32_1.1.100.202309141235/tools/bin/../lib/gcc/arm-none-eabi/11.3.1/thumb/v7e-m+fp/hard\libgcc.a
LOAD C:/ST/STM32CubeIDE_1.14.1/STM32CubeIDE/plugins/com.st.stm32cube.ide.mcu.externaltools.gnu-tools-for-stm32.11.3.rel1.win32_1.1.100.202309141235/tools/bin/../lib/gcc/arm-none-eabi/11.3.1/../../../../arm-none-eabi/lib/thumb/v7e-m+fp/hard\libc_nano.a
LOAD C:/ST/STM32CubeIDE_1.14.1/STM32CubeIDE/plugins/com.st.stm32cube.ide.mcu.externaltools.gnu-tools-for-stm32.11.3.rel1.win32_1.1.100.202309141235/tools/bin/../lib/gcc/arm-none-eabi/11.3.1/../../../../arm-none-eabi/lib/thumb/v7e-m+fp/hard\libnosys.a
END GROUP
LOAD C:/ST/STM32CubeIDE_1.14.1/STM32CubeIDE/plugins/com.st.stm32cube.ide.mcu.externaltools.gnu-tools-for-stm32.11.3.rel1.win32_1.1.100.202309141235/tools/bin/../lib/gcc/arm-none-eabi/11.3.1/thumb/v7e-m+fp/hard/crtend.o
LOAD C:/ST/STM32CubeIDE_1.14.1/STM32CubeIDE/plugins/com.st.stm32cube.ide.mcu.externaltools.gnu-tools-for-stm32.11.3.rel1.win32_1.1.100.202309141235/tools/bin/../lib/gcc/arm-none-eabi/11.3.1/thumb/v7e-m+fp/hard/crtn.o
                0x0000000020018000                _estack = (ORIGIN (RAM) + LENGTH (RAM))
                0x0000000000000200                _Min_Heap_Size = 0x200
                0x0000000000000400                _Min_Stack_Size = 0x400

.isr_vector     0x0000000008000000      0x194
                0x0000000008000000                . = ALIGN (0x4)
 *(.isr_vector)
 .isr_vector    0x0000000008000000      0x194 ./Core/Startup/startup_stm32f401retx.o
                0x0000000008000000                g_pfnVectors
                0x0000000008000194                . = ALIGN (0x4)

.text           0x00000000080001a0     0x6d28
                0x00000000080001a0                . = ALIGN (0x4)
 *(.text)
 .text          0x00000000080001a0       0x40 C:/ST/STM32CubeIDE_1.14.1/STM32CubeIDE/plugins/com.st.stm32cube.ide.mcu.externaltools.gnu-tools-for-stm32.11.3.rel1.win32_1.1.100.202309141235/tools/bin/../lib/gcc/arm-none-eabi/11.3.1/thumb/v7e-m+fp/hard/crtbegin.o
 .text          0x00000000080001e0       0x30 C:/ST/STM32CubeIDE_1.14.1/STM32CubeIDE/plugins/com.st.stm32cube.ide.mcu.externaltools.gnu-tools-for-stm32.11.3.rel1.win32_1.1.100.202309141235/tools/bin/../lib/gcc/arm-none-eabi/11.3.1/thumb/v7e-m+fp/hard\libgcc.a(_aeabi_uldivmod.o)
                0x00000000080001e0                __aeabi_uldivmod
 .text          0x0000000008000210      0x2c8 C:/ST/STM32CubeIDE_1.14.1/STM32CubeIDE/plugins/com.st.stm32cube.ide.mcu.externaltools.gnu-tools-for-stm32.11.3.rel1.win32_1.1.100.202309141235/tools/bin/../lib/gcc/arm-none-eabi/11.3.1/thumb/v7e-m+fp/hard\libgcc.a(_udivmoddi4.o)
                0x0000000008000210                __udivmoddi4
 .text          0x00000000080004d8        0x4 C:/ST/STM32CubeIDE_1.14.1/STM32CubeIDE/plugins/com.st.stm32cube.ide.mcu.externaltools.gnu-tools-for-stm32.11.3.rel1.win32_1.1.100.202309141235/tools/bin/../lib/gcc/arm-none-eabi/11.3.1/thumb/v7e-m+fp/hard\libgcc.a(_dvmd_tls.o)
                0x00000000080004d8                __aeabi_idiv0
                0x00000000080004d8                __aeabi_ldiv0
 *(.text*)
 .text.SELECT   0x00000000080004dc       0x1c ./Core/Src/Device_Drivers_src/fatfs_sd.o
 .text.DESELECT
                0x00000000080004f8       0x1c ./Core/Src/Device_Drivers_src/fatfs_sd.o
 .text.SPI_TxByte
                0x0000000008000514       0x34 ./Core/Src/Device_Drivers_src/fatfs_sd.o
 .text.SPI_TxBuffer
                0x0000000008000548       0x34 ./Core/Src/Device_Drivers_src/fatfs_sd.o
 .text.SPI_RxByte
                0x000000000800057c       0x38 ./Core/Src/Device_Drivers_src/fatfs_sd.o
 .text.SPI_RxBytePtr
                0x00000000080005b4       0x1c ./Core/Src/Device_Drivers_src/fatfs_sd.o
 .text.SD_ReadyWait
                0x00000000080005d0       0x34 ./Core/Src/Device_Drivers_src/fatfs_sd.o
 .text.SD_PowerOn
                0x0000000008000604       0x84 ./Core/Src/Device_Drivers_src/fatfs_sd.o
 .text.SD_PowerOff
                0x0000000008000688       0x18 ./Core/Src/Device_Drivers_src/fatfs_sd.o
 .text.SD_CheckPower
                0x00000000080006a0       0x18 ./Core/Src/Device_Drivers_src/fatfs_sd.o
 .text.SD_RxDataBlock
                0x00000000080006b8       0x60 ./Core/Src/Device_Drivers_src/fatfs_sd.o
 .text.SD_TxDataBlock
                0x0000000008000718       0x86 ./Core/Src/Device_Drivers_src/fatfs_sd.o
 .text.SD_SendCmd
                0x000000000800079e       0xa8 ./Core/Src/Device_Drivers_src/fatfs_sd.o
 *fill*         0x0000000008000846        0x2 
 .text.SD_disk_initialize
                0x0000000008000848      0x1d8 ./Core/Src/Device_Drivers_src/fatfs_sd.o
                0x0000000008000848                SD_disk_initialize
 .text.SD_disk_status
                0x0000000008000a20       0x2c ./Core/Src/Device_Drivers_src/fatfs_sd.o
                0x0000000008000a20                SD_disk_status
 .text.SD_disk_read
                0x0000000008000a4c       0xd4 ./Core/Src/Device_Drivers_src/fatfs_sd.o
                0x0000000008000a4c                SD_disk_read
 .text.SD_disk_write
                0x0000000008000b20      0x108 ./Core/Src/Device_Drivers_src/fatfs_sd.o
                0x0000000008000b20                SD_disk_write
 .text.SD_disk_ioctl
                0x0000000008000c28      0x258 ./Core/Src/Device_Drivers_src/fatfs_sd.o
                0x0000000008000c28                SD_disk_ioctl
 .text.HandleInput
                0x0000000008000e80       0xc4 ./Core/Src/Device_Drivers_src/keypad.o
                0x0000000008000e80                HandleInput
 .text.GetKey   0x0000000008000f44      0x124 ./Core/Src/Device_Drivers_src/keypad.o
                0x0000000008000f44                GetKey
 .text.ClearBuffer
                0x0000000008001068       0x36 ./Core/Src/Device_Drivers_src/keypad.o
                0x0000000008001068                ClearBuffer
 .text.displayInit
                0x000000000800109e        0xc ./Core/Src/Device_Drivers_src/screen.o
                0x000000000800109e                displayInit
 *fill*         0x00000000080010aa        0x2 
 .text.displayInsertKeyMsg
                0x00000000080010ac       0x74 ./Core/Src/Device_Drivers_src/screen.o
                0x00000000080010ac                displayInsertKeyMsg
 .text.displayTimeoutMsg
                0x0000000008001120       0x44 ./Core/Src/Device_Drivers_src/screen.o
                0x0000000008001120                displayTimeoutMsg
 .text.displayIncompleteMsg
                0x0000000008001164       0x94 ./Core/Src/Device_Drivers_src/screen.o
                0x0000000008001164                displayIncompleteMsg
 .text.displayAccessState
                0x00000000080011f8       0x68 ./Core/Src/Device_Drivers_src/screen.o
                0x00000000080011f8                displayAccessState
 .text.ssd1306_Reset
                0x0000000008001260        0xe ./Core/Src/Device_Drivers_src/ssd1306.o
                0x0000000008001260                ssd1306_Reset
 *fill*         0x000000000800126e        0x2 
 .text.ssd1306_WriteCommand
                0x0000000008001270       0x30 ./Core/Src/Device_Drivers_src/ssd1306.o
                0x0000000008001270                ssd1306_WriteCommand
 .text.ssd1306_WriteData
                0x00000000080012a0       0x34 ./Core/Src/Device_Drivers_src/ssd1306.o
                0x00000000080012a0                ssd1306_WriteData
 .text.ssd1306_Init
                0x00000000080012d4       0xd4 ./Core/Src/Device_Drivers_src/ssd1306.o
                0x00000000080012d4                ssd1306_Init
 .text.ssd1306_Fill
                0x00000000080013a8       0x30 ./Core/Src/Device_Drivers_src/ssd1306.o
                0x00000000080013a8                ssd1306_Fill
 .text.ssd1306_UpdateScreen
                0x00000000080013d8       0x50 ./Core/Src/Device_Drivers_src/ssd1306.o
                0x00000000080013d8                ssd1306_UpdateScreen
 .text.ssd1306_DrawPixel
                0x0000000008001428       0xa8 ./Core/Src/Device_Drivers_src/ssd1306.o
                0x0000000008001428                ssd1306_DrawPixel
 .text.ssd1306_WriteChar
                0x00000000080014d0      0x124 ./Core/Src/Device_Drivers_src/ssd1306.o
                0x00000000080014d0                ssd1306_WriteChar
 .text.ssd1306_WriteString
                0x00000000080015f4       0x4c ./Core/Src/Device_Drivers_src/ssd1306.o
                0x00000000080015f4                ssd1306_WriteString
 .text.ssd1306_SetCursor
                0x0000000008001640       0x30 ./Core/Src/Device_Drivers_src/ssd1306.o
                0x0000000008001640                ssd1306_SetCursor
 .text.ssd1306_SetContrast
                0x0000000008001670       0x26 ./Core/Src/Device_Drivers_src/ssd1306.o
                0x0000000008001670                ssd1306_SetContrast
 *fill*         0x0000000008001696        0x2 
 .text.ssd1306_SetDisplayOn
                0x0000000008001698       0x3c ./Core/Src/Device_Drivers_src/ssd1306.o
                0x0000000008001698                ssd1306_SetDisplayOn
 .text.vApplicationGetIdleTaskMemory
                0x00000000080016d4       0x34 ./Core/Src/freertos.o
                0x00000000080016d4                vApplicationGetIdleTaskMemory
 .text.main     0x0000000008001708       0xa4 ./Core/Src/main.o
                0x0000000008001708                main
 .text.SystemClock_Config
                0x00000000080017ac       0xd8 ./Core/Src/main.o
                0x00000000080017ac                SystemClock_Config
 .text.MX_I2C1_Init
                0x0000000008001884       0x5c ./Core/Src/main.o
 .text.MX_SPI3_Init
                0x00000000080018e0       0x6c ./Core/Src/main.o
 .text.MX_USART2_UART_Init
                0x000000000800194c       0x54 ./Core/Src/main.o
 .text.MX_GPIO_Init
                0x00000000080019a0      0x164 ./Core/Src/main.o
 .text.HAL_TIM_PeriodElapsedCallback
                0x0000000008001b04       0x1e ./Core/Src/main.o
                0x0000000008001b04                HAL_TIM_PeriodElapsedCallback
 .text.Error_Handler
                0x0000000008001b22        0xa ./Core/Src/main.o
                0x0000000008001b22                Error_Handler
 .text.HAL_MspInit
                0x0000000008001b2c       0x58 ./Core/Src/stm32f4xx_hal_msp.o
                0x0000000008001b2c                HAL_MspInit
 .text.HAL_I2C_MspInit
                0x0000000008001b84       0x90 ./Core/Src/stm32f4xx_hal_msp.o
                0x0000000008001b84                HAL_I2C_MspInit
 .text.HAL_SPI_MspInit
                0x0000000008001c14       0x90 ./Core/Src/stm32f4xx_hal_msp.o
                0x0000000008001c14                HAL_SPI_MspInit
 .text.HAL_UART_MspInit
                0x0000000008001ca4       0x90 ./Core/Src/stm32f4xx_hal_msp.o
                0x0000000008001ca4                HAL_UART_MspInit
 .text.HAL_InitTick
                0x0000000008001d34       0xf8 ./Core/Src/stm32f4xx_hal_timebase_tim.o
                0x0000000008001d34                HAL_InitTick
 .text.SDTimer_Handler
                0x0000000008001e2c       0x48 ./Core/Src/stm32f4xx_it.o
                0x0000000008001e2c                SDTimer_Handler
 .text.NMI_Handler
                0x0000000008001e74        0x6 ./Core/Src/stm32f4xx_it.o
                0x0000000008001e74                NMI_Handler
 .text.HardFault_Handler
                0x0000000008001e7a        0x6 ./Core/Src/stm32f4xx_it.o
                0x0000000008001e7a                HardFault_Handler
 .text.MemManage_Handler
                0x0000000008001e80        0x6 ./Core/Src/stm32f4xx_it.o
                0x0000000008001e80                MemManage_Handler
 .text.BusFault_Handler
                0x0000000008001e86        0x6 ./Core/Src/stm32f4xx_it.o
                0x0000000008001e86                BusFault_Handler
 .text.UsageFault_Handler
                0x0000000008001e8c        0x6 ./Core/Src/stm32f4xx_it.o
                0x0000000008001e8c                UsageFault_Handler
 .text.DebugMon_Handler
                0x0000000008001e92        0xe ./Core/Src/stm32f4xx_it.o
                0x0000000008001e92                DebugMon_Handler
 .text.TIM2_IRQHandler
                0x0000000008001ea0       0x38 ./Core/Src/stm32f4xx_it.o
                0x0000000008001ea0                TIM2_IRQHandler
 .text.SystemInit
                0x0000000008001ed8       0x24 ./Core/Src/system_stm32f4xx.o
                0x0000000008001ed8                SystemInit
 .text.KeypadScanning
                0x0000000008001efc      0x1e8 ./Core/Src/tasks.o
                0x0000000008001efc                KeypadScanning
 .text.ScreenManager
                0x00000000080020e4       0xec ./Core/Src/tasks.o
                0x00000000080020e4                ScreenManager
 .text.IdleTask
                0x00000000080021d0        0xa ./Core/Src/tasks.o
                0x00000000080021d0                IdleTask
 *fill*         0x00000000080021da        0x2 
 .text.Reset_Handler
                0x00000000080021dc       0x50 ./Core/Startup/startup_stm32f401retx.o
                0x00000000080021dc                Reset_Handler
 .text.Default_Handler
                0x000000000800222c        0x2 ./Core/Startup/startup_stm32f401retx.o
                0x000000000800222c                RTC_Alarm_IRQHandler
                0x000000000800222c                EXTI2_IRQHandler
                0x000000000800222c                SPI4_IRQHandler
                0x000000000800222c                TIM1_CC_IRQHandler
                0x000000000800222c                DMA2_Stream5_IRQHandler
                0x000000000800222c                DMA1_Stream5_IRQHandler
                0x000000000800222c                PVD_IRQHandler
                0x000000000800222c                SDIO_IRQHandler
                0x000000000800222c                TAMP_STAMP_IRQHandler
                0x000000000800222c                EXTI3_IRQHandler
                0x000000000800222c                TIM1_UP_TIM10_IRQHandler
                0x000000000800222c                I2C3_ER_IRQHandler
                0x000000000800222c                EXTI0_IRQHandler
                0x000000000800222c                I2C2_EV_IRQHandler
                0x000000000800222c                DMA1_Stream2_IRQHandler
                0x000000000800222c                FPU_IRQHandler
                0x000000000800222c                DMA2_Stream2_IRQHandler
                0x000000000800222c                SPI1_IRQHandler
                0x000000000800222c                TIM1_BRK_TIM9_IRQHandler
                0x000000000800222c                DMA2_Stream3_IRQHandler
                0x000000000800222c                USART6_IRQHandler
                0x000000000800222c                DMA2_Stream0_IRQHandler
                0x000000000800222c                TIM4_IRQHandler
                0x000000000800222c                I2C1_EV_IRQHandler
                0x000000000800222c                DMA1_Stream6_IRQHandler
                0x000000000800222c                DMA1_Stream1_IRQHandler
                0x000000000800222c                TIM3_IRQHandler
                0x000000000800222c                RCC_IRQHandler
                0x000000000800222c                Default_Handler
                0x000000000800222c                EXTI15_10_IRQHandler
                0x000000000800222c                ADC_IRQHandler
                0x000000000800222c                DMA1_Stream7_IRQHandler
                0x000000000800222c                TIM5_IRQHandler
                0x000000000800222c                DMA2_Stream7_IRQHandler
                0x000000000800222c                I2C3_EV_IRQHandler
                0x000000000800222c                EXTI9_5_IRQHandler
                0x000000000800222c                RTC_WKUP_IRQHandler
                0x000000000800222c                SPI2_IRQHandler
                0x000000000800222c                DMA1_Stream0_IRQHandler
                0x000000000800222c                EXTI4_IRQHandler
                0x000000000800222c                WWDG_IRQHandler
                0x000000000800222c                OTG_FS_WKUP_IRQHandler
                0x000000000800222c                TIM1_TRG_COM_TIM11_IRQHandler
                0x000000000800222c                EXTI1_IRQHandler
                0x000000000800222c                USART2_IRQHandler
                0x000000000800222c                I2C2_ER_IRQHandler
                0x000000000800222c                DMA2_Stream1_IRQHandler
                0x000000000800222c                FLASH_IRQHandler
                0x000000000800222c                DMA2_Stream4_IRQHandler
                0x000000000800222c                USART1_IRQHandler
                0x000000000800222c                OTG_FS_IRQHandler
                0x000000000800222c                SPI3_IRQHandler
                0x000000000800222c                DMA1_Stream4_IRQHandler
                0x000000000800222c                I2C1_ER_IRQHandler
                0x000000000800222c                DMA2_Stream6_IRQHandler
                0x000000000800222c                DMA1_Stream3_IRQHandler
 *fill*         0x000000000800222e        0x2 
 .text.HAL_Init
                0x0000000008002230       0x44 ./Drivers/STM32F4xx_HAL_Driver/Src/stm32f4xx_hal.o
                0x0000000008002230                HAL_Init
 .text.HAL_IncTick
                0x0000000008002274       0x28 ./Drivers/STM32F4xx_HAL_Driver/Src/stm32f4xx_hal.o
                0x0000000008002274                HAL_IncTick
 .text.HAL_GetTick
                0x000000000800229c       0x18 ./Drivers/STM32F4xx_HAL_Driver/Src/stm32f4xx_hal.o
                0x000000000800229c                HAL_GetTick
 .text.HAL_Delay
                0x00000000080022b4       0x48 ./Drivers/STM32F4xx_HAL_Driver/Src/stm32f4xx_hal.o
                0x00000000080022b4                HAL_Delay
 .text.__NVIC_SetPriorityGrouping
                0x00000000080022fc       0x48 ./Drivers/STM32F4xx_HAL_Driver/Src/stm32f4xx_hal_cortex.o
 .text.__NVIC_GetPriorityGrouping
                0x0000000008002344       0x1c ./Drivers/STM32F4xx_HAL_Driver/Src/stm32f4xx_hal_cortex.o
 .text.__NVIC_EnableIRQ
                0x0000000008002360       0x3c ./Drivers/STM32F4xx_HAL_Driver/Src/stm32f4xx_hal_cortex.o
 .text.__NVIC_SetPriority
                0x000000000800239c       0x54 ./Drivers/STM32F4xx_HAL_Driver/Src/stm32f4xx_hal_cortex.o
 .text.NVIC_EncodePriority
                0x00000000080023f0       0x66 ./Drivers/STM32F4xx_HAL_Driver/Src/stm32f4xx_hal_cortex.o
 .text.HAL_NVIC_SetPriorityGrouping
                0x0000000008002456       0x16 ./Drivers/STM32F4xx_HAL_Driver/Src/stm32f4xx_hal_cortex.o
                0x0000000008002456                HAL_NVIC_SetPriorityGrouping
 .text.HAL_NVIC_SetPriority
                0x000000000800246c       0x38 ./Drivers/STM32F4xx_HAL_Driver/Src/stm32f4xx_hal_cortex.o
                0x000000000800246c                HAL_NVIC_SetPriority
 .text.HAL_NVIC_EnableIRQ
                0x00000000080024a4       0x1c ./Drivers/STM32F4xx_HAL_Driver/Src/stm32f4xx_hal_cortex.o
                0x00000000080024a4                HAL_NVIC_EnableIRQ
 .text.HAL_GPIO_Init
                0x00000000080024c0      0x308 ./Drivers/STM32F4xx_HAL_Driver/Src/stm32f4xx_hal_gpio.o
                0x00000000080024c0                HAL_GPIO_Init
 .text.HAL_GPIO_ReadPin
                0x00000000080027c8       0x30 ./Drivers/STM32F4xx_HAL_Driver/Src/stm32f4xx_hal_gpio.o
                0x00000000080027c8                HAL_GPIO_ReadPin
 .text.HAL_GPIO_WritePin
                0x00000000080027f8       0x32 ./Drivers/STM32F4xx_HAL_Driver/Src/stm32f4xx_hal_gpio.o
                0x00000000080027f8                HAL_GPIO_WritePin
 *fill*         0x000000000800282a        0x2 
 .text.HAL_I2C_Init
                0x000000000800282c      0x288 ./Drivers/STM32F4xx_HAL_Driver/Src/stm32f4xx_hal_i2c.o
                0x000000000800282c                HAL_I2C_Init
 .text.HAL_I2C_Mem_Write
                0x0000000008002ab4      0x1f4 ./Drivers/STM32F4xx_HAL_Driver/Src/stm32f4xx_hal_i2c.o
                0x0000000008002ab4                HAL_I2C_Mem_Write
 .text.I2C_RequestMemoryWrite
                0x0000000008002ca8      0x12c ./Drivers/STM32F4xx_HAL_Driver/Src/stm32f4xx_hal_i2c.o
 .text.I2C_WaitOnFlagUntilTimeout
                0x0000000008002dd4       0xf4 ./Drivers/STM32F4xx_HAL_Driver/Src/stm32f4xx_hal_i2c.o
 .text.I2C_WaitOnMasterAddressFlagUntilTimeout
                0x0000000008002ec8      0x140 ./Drivers/STM32F4xx_HAL_Driver/Src/stm32f4xx_hal_i2c.o
 .text.I2C_WaitOnTXEFlagUntilTimeout
                0x0000000008003008       0x90 ./Drivers/STM32F4xx_HAL_Driver/Src/stm32f4xx_hal_i2c.o
 .text.I2C_WaitOnBTFFlagUntilTimeout
                0x0000000008003098       0x90 ./Drivers/STM32F4xx_HAL_Driver/Src/stm32f4xx_hal_i2c.o
 .text.I2C_IsAcknowledgeFailed
                0x0000000008003128       0x5e ./Drivers/STM32F4xx_HAL_Driver/Src/stm32f4xx_hal_i2c.o
 *fill*         0x0000000008003186        0x2 
 .text.HAL_RCC_OscConfig
                0x0000000008003188      0x4f0 ./Drivers/STM32F4xx_HAL_Driver/Src/stm32f4xx_hal_rcc.o
                0x0000000008003188                HAL_RCC_OscConfig
 .text.HAL_RCC_ClockConfig
                0x0000000008003678      0x1cc ./Drivers/STM32F4xx_HAL_Driver/Src/stm32f4xx_hal_rcc.o
                0x0000000008003678                HAL_RCC_ClockConfig
 .text.HAL_RCC_GetSysClockFreq
                0x0000000008003844      0x20c ./Drivers/STM32F4xx_HAL_Driver/Src/stm32f4xx_hal_rcc.o
                0x0000000008003844                HAL_RCC_GetSysClockFreq
 .text.HAL_RCC_GetHCLKFreq
                0x0000000008003a50       0x18 ./Drivers/STM32F4xx_HAL_Driver/Src/stm32f4xx_hal_rcc.o
                0x0000000008003a50                HAL_RCC_GetHCLKFreq
 .text.HAL_RCC_GetPCLK1Freq
                0x0000000008003a68       0x28 ./Drivers/STM32F4xx_HAL_Driver/Src/stm32f4xx_hal_rcc.o
                0x0000000008003a68                HAL_RCC_GetPCLK1Freq
 .text.HAL_RCC_GetPCLK2Freq
                0x0000000008003a90       0x28 ./Drivers/STM32F4xx_HAL_Driver/Src/stm32f4xx_hal_rcc.o
                0x0000000008003a90                HAL_RCC_GetPCLK2Freq
 .text.HAL_RCC_GetClockConfig
                0x0000000008003ab8       0x64 ./Drivers/STM32F4xx_HAL_Driver/Src/stm32f4xx_hal_rcc.o
                0x0000000008003ab8                HAL_RCC_GetClockConfig
 .text.HAL_SPI_Init
                0x0000000008003b1c      0x112 ./Drivers/STM32F4xx_HAL_Driver/Src/stm32f4xx_hal_spi.o
                0x0000000008003b1c                HAL_SPI_Init
 .text.HAL_SPI_Transmit
                0x0000000008003c2e      0x286 ./Drivers/STM32F4xx_HAL_Driver/Src/stm32f4xx_hal_spi.o
                0x0000000008003c2e                HAL_SPI_Transmit
 .text.HAL_SPI_TransmitReceive
                0x0000000008003eb4      0x360 ./Drivers/STM32F4xx_HAL_Driver/Src/stm32f4xx_hal_spi.o
                0x0000000008003eb4                HAL_SPI_TransmitReceive
 .text.SPI_WaitFlagStateUntilTimeout
                0x0000000008004214      0x110 ./Drivers/STM32F4xx_HAL_Driver/Src/stm32f4xx_hal_spi.o
 .text.SPI_EndRxTxTransaction
                0x0000000008004324       0xa8 ./Drivers/STM32F4xx_HAL_Driver/Src/stm32f4xx_hal_spi.o
 .text.HAL_TIM_Base_Init
                0x00000000080043cc       0x9e ./Drivers/STM32F4xx_HAL_Driver/Src/stm32f4xx_hal_tim.o
                0x00000000080043cc                HAL_TIM_Base_Init
 .text.HAL_TIM_Base_MspInit
                0x000000000800446a       0x14 ./Drivers/STM32F4xx_HAL_Driver/Src/stm32f4xx_hal_tim.o
                0x000000000800446a                HAL_TIM_Base_MspInit
 *fill*         0x000000000800447e        0x2 
 .text.HAL_TIM_Base_Start_IT
                0x0000000008004480       0xc4 ./Drivers/STM32F4xx_HAL_Driver/Src/stm32f4xx_hal_tim.o
                0x0000000008004480                HAL_TIM_Base_Start_IT
 .text.HAL_TIM_IRQHandler
                0x0000000008004544      0x1e0 ./Drivers/STM32F4xx_HAL_Driver/Src/stm32f4xx_hal_tim.o
                0x0000000008004544                HAL_TIM_IRQHandler
 .text.HAL_TIM_OC_DelayElapsedCallback
                0x0000000008004724       0x14 ./Drivers/STM32F4xx_HAL_Driver/Src/stm32f4xx_hal_tim.o
                0x0000000008004724                HAL_TIM_OC_DelayElapsedCallback
 .text.HAL_TIM_IC_CaptureCallback
                0x0000000008004738       0x14 ./Drivers/STM32F4xx_HAL_Driver/Src/stm32f4xx_hal_tim.o
                0x0000000008004738                HAL_TIM_IC_CaptureCallback
 .text.HAL_TIM_PWM_PulseFinishedCallback
                0x000000000800474c       0x14 ./Drivers/STM32F4xx_HAL_Driver/Src/stm32f4xx_hal_tim.o
                0x000000000800474c                HAL_TIM_PWM_PulseFinishedCallback
 .text.HAL_TIM_TriggerCallback
                0x0000000008004760       0x14 ./Drivers/STM32F4xx_HAL_Driver/Src/stm32f4xx_hal_tim.o
                0x0000000008004760                HAL_TIM_TriggerCallback
 .text.TIM_Base_SetConfig
                0x0000000008004774      0x118 ./Drivers/STM32F4xx_HAL_Driver/Src/stm32f4xx_hal_tim.o
                0x0000000008004774                TIM_Base_SetConfig
 .text.HAL_TIMEx_CommutCallback
                0x000000000800488c       0x14 ./Drivers/STM32F4xx_HAL_Driver/Src/stm32f4xx_hal_tim_ex.o
                0x000000000800488c                HAL_TIMEx_CommutCallback
 .text.HAL_TIMEx_BreakCallback
                0x00000000080048a0       0x14 ./Drivers/STM32F4xx_HAL_Driver/Src/stm32f4xx_hal_tim_ex.o
                0x00000000080048a0                HAL_TIMEx_BreakCallback
 .text.HAL_UART_Init
                0x00000000080048b4       0xa0 ./Drivers/STM32F4xx_HAL_Driver/Src/stm32f4xx_hal_uart.o
                0x00000000080048b4                HAL_UART_Init
 .text.UART_SetConfig
                0x0000000008004954      0x4e8 ./Drivers/STM32F4xx_HAL_Driver/Src/stm32f4xx_hal_uart.o
 .text.MX_FATFS_Init
                0x0000000008004e3c       0x24 ./FATFS/App/fatfs.o
                0x0000000008004e3c                MX_FATFS_Init
 .text.USER_initialize
                0x0000000008004e60       0x1c ./FATFS/Target/user_diskio.o
                0x0000000008004e60                USER_initialize
 .text.USER_status
                0x0000000008004e7c       0x1c ./FATFS/Target/user_diskio.o
                0x0000000008004e7c                USER_status
 .text.USER_read
                0x0000000008004e98       0x26 ./FATFS/Target/user_diskio.o
                0x0000000008004e98                USER_read
 .text.USER_write
                0x0000000008004ebe       0x26 ./FATFS/Target/user_diskio.o
                0x0000000008004ebe                USER_write
 .text.USER_ioctl
                0x0000000008004ee4       0x26 ./FATFS/Target/user_diskio.o
                0x0000000008004ee4                USER_ioctl
 *fill*         0x0000000008004f0a        0x2 
 .text.FATFS_LinkDriverEx
                0x0000000008004f0c       0x98 ./Middlewares/Third_Party/FatFs/src/ff_gen_drv.o
                0x0000000008004f0c                FATFS_LinkDriverEx
 .text.FATFS_LinkDriver
                0x0000000008004fa4       0x1e ./Middlewares/Third_Party/FatFs/src/ff_gen_drv.o
                0x0000000008004fa4                FATFS_LinkDriver
 .text.vListInitialise
                0x0000000008004fc2       0x40 ./Middlewares/Third_Party/FreeRTOS/Source/list.o
                0x0000000008004fc2                vListInitialise
 .text.vListInitialiseItem
                0x0000000008005002       0x1a ./Middlewares/Third_Party/FreeRTOS/Source/list.o
                0x0000000008005002                vListInitialiseItem
 .text.vListInsertEnd
                0x000000000800501c       0x48 ./Middlewares/Third_Party/FreeRTOS/Source/list.o
                0x000000000800501c                vListInsertEnd
 .text.vListInsert
                0x0000000008005064       0x72 ./Middlewares/Third_Party/FreeRTOS/Source/list.o
                0x0000000008005064                vListInsert
 .text.uxListRemove
                0x00000000080050d6       0x54 ./Middlewares/Third_Party/FreeRTOS/Source/list.o
                0x00000000080050d6                uxListRemove
 *fill*         0x000000000800512a        0x2 
 .text.xQueueGenericReset
                0x000000000800512c       0xd0 ./Middlewares/Third_Party/FreeRTOS/Source/queue.o
                0x000000000800512c                xQueueGenericReset
 .text.xQueueGenericCreate
                0x00000000080051fc       0x74 ./Middlewares/Third_Party/FreeRTOS/Source/queue.o
                0x00000000080051fc                xQueueGenericCreate
 .text.prvInitialiseNewQueue
                0x0000000008005270       0x3e ./Middlewares/Third_Party/FreeRTOS/Source/queue.o
 *fill*         0x00000000080052ae        0x2 
 .text.xQueueGenericSend
                0x00000000080052b0      0x1fc ./Middlewares/Third_Party/FreeRTOS/Source/queue.o
                0x00000000080052b0                xQueueGenericSend
 .text.xQueueReceive
                0x00000000080054ac      0x1c0 ./Middlewares/Third_Party/FreeRTOS/Source/queue.o
                0x00000000080054ac                xQueueReceive
 .text.prvCopyDataToQueue
                0x000000000800566c       0xd4 ./Middlewares/Third_Party/FreeRTOS/Source/queue.o
 .text.prvCopyDataFromQueue
                0x0000000008005740       0x4c ./Middlewares/Third_Party/FreeRTOS/Source/queue.o
 .text.prvUnlockQueue
                0x000000000800578c       0xa4 ./Middlewares/Third_Party/FreeRTOS/Source/queue.o
 .text.prvIsQueueEmpty
                0x0000000008005830       0x2c ./Middlewares/Third_Party/FreeRTOS/Source/queue.o
 .text.prvIsQueueFull
                0x000000000800585c       0x30 ./Middlewares/Third_Party/FreeRTOS/Source/queue.o
 .text.xTaskCreateStatic
                0x000000000800588c       0xba ./Middlewares/Third_Party/FreeRTOS/Source/tasks.o
                0x000000000800588c                xTaskCreateStatic
 .text.xTaskCreate
                0x0000000008005946       0x8a ./Middlewares/Third_Party/FreeRTOS/Source/tasks.o
                0x0000000008005946                xTaskCreate
 .text.prvInitialiseNewTask
                0x00000000080059d0      0x10e ./Middlewares/Third_Party/FreeRTOS/Source/tasks.o
 *fill*         0x0000000008005ade        0x2 
 .text.prvAddNewTaskToReadyList
                0x0000000008005ae0       0xd4 ./Middlewares/Third_Party/FreeRTOS/Source/tasks.o
 .text.vTaskDelay
                0x0000000008005bb4       0x68 ./Middlewares/Third_Party/FreeRTOS/Source/tasks.o
                0x0000000008005bb4                vTaskDelay
 .text.vTaskStartScheduler
                0x0000000008005c1c       0xc0 ./Middlewares/Third_Party/FreeRTOS/Source/tasks.o
                0x0000000008005c1c                vTaskStartScheduler
 .text.vTaskSuspendAll
                0x0000000008005cdc       0x1c ./Middlewares/Third_Party/FreeRTOS/Source/tasks.o
                0x0000000008005cdc                vTaskSuspendAll
 .text.xTaskResumeAll
                0x0000000008005cf8      0x138 ./Middlewares/Third_Party/FreeRTOS/Source/tasks.o
                0x0000000008005cf8                xTaskResumeAll
 .text.xTaskGetTickCount
                0x0000000008005e30       0x20 ./Middlewares/Third_Party/FreeRTOS/Source/tasks.o
                0x0000000008005e30                xTaskGetTickCount
 .text.xTaskIncrementTick
                0x0000000008005e50      0x170 ./Middlewares/Third_Party/FreeRTOS/Source/tasks.o
                0x0000000008005e50                xTaskIncrementTick
 .text.vTaskSwitchContext
                0x0000000008005fc0       0xb8 ./Middlewares/Third_Party/FreeRTOS/Source/tasks.o
                0x0000000008005fc0                vTaskSwitchContext
 .text.vTaskPlaceOnEventList
                0x0000000008006078       0x48 ./Middlewares/Third_Party/FreeRTOS/Source/tasks.o
                0x0000000008006078                vTaskPlaceOnEventList
 .text.xTaskRemoveFromEventList
                0x00000000080060c0       0xc4 ./Middlewares/Third_Party/FreeRTOS/Source/tasks.o
                0x00000000080060c0                xTaskRemoveFromEventList
 .text.vTaskInternalSetTimeOutState
                0x0000000008006184       0x2c ./Middlewares/Third_Party/FreeRTOS/Source/tasks.o
                0x0000000008006184                vTaskInternalSetTimeOutState
 .text.xTaskCheckForTimeOut
                0x00000000080061b0       0xc4 ./Middlewares/Third_Party/FreeRTOS/Source/tasks.o
                0x00000000080061b0                xTaskCheckForTimeOut
 .text.vTaskMissedYield
                0x0000000008006274       0x18 ./Middlewares/Third_Party/FreeRTOS/Source/tasks.o
                0x0000000008006274                vTaskMissedYield
 .text.prvIdleTask
                0x000000000800628c       0x30 ./Middlewares/Third_Party/FreeRTOS/Source/tasks.o
 .text.prvInitialiseTaskLists
                0x00000000080062bc       0x80 ./Middlewares/Third_Party/FreeRTOS/Source/tasks.o
 .text.prvCheckTasksWaitingTermination
                0x000000000800633c       0x5c ./Middlewares/Third_Party/FreeRTOS/Source/tasks.o
 .text.prvDeleteTCB
                0x0000000008006398       0x5e ./Middlewares/Third_Party/FreeRTOS/Source/tasks.o
 *fill*         0x00000000080063f6        0x2 
 .text.prvResetNextTaskUnblockTime
                0x00000000080063f8       0x40 ./Middlewares/Third_Party/FreeRTOS/Source/tasks.o
 .text.xTaskGetSchedulerState
                0x0000000008006438       0x3c ./Middlewares/Third_Party/FreeRTOS/Source/tasks.o
                0x0000000008006438                xTaskGetSchedulerState
 .text.xTaskPriorityDisinherit
                0x0000000008006474      0x10c ./Middlewares/Third_Party/FreeRTOS/Source/tasks.o
                0x0000000008006474                xTaskPriorityDisinherit
 .text.prvAddCurrentTaskToDelayedList
                0x0000000008006580       0xcc ./Middlewares/Third_Party/FreeRTOS/Source/tasks.o
 .text.pxPortInitialiseStack
                0x000000000800664c       0x68 ./Middlewares/Third_Party/FreeRTOS/Source/portable/GCC/ARM_CM4F/port.o
                0x000000000800664c                pxPortInitialiseStack
 .text.prvTaskExitError
                0x00000000080066b4       0x58 ./Middlewares/Third_Party/FreeRTOS/Source/portable/GCC/ARM_CM4F/port.o
 *fill*         0x000000000800670c        0x4 
 .text.SVC_Handler
                0x0000000008006710       0x28 ./Middlewares/Third_Party/FreeRTOS/Source/portable/GCC/ARM_CM4F/port.o
                0x0000000008006710                SVC_Handler
 .text.prvPortStartFirstTask
                0x0000000008006738       0x28 ./Middlewares/Third_Party/FreeRTOS/Source/portable/GCC/ARM_CM4F/port.o
 .text.xPortStartScheduler
                0x0000000008006760      0x144 ./Middlewares/Third_Party/FreeRTOS/Source/portable/GCC/ARM_CM4F/port.o
                0x0000000008006760                xPortStartScheduler
 .text.vPortEnterCritical
                0x00000000080068a4       0x60 ./Middlewares/Third_Party/FreeRTOS/Source/portable/GCC/ARM_CM4F/port.o
                0x00000000080068a4                vPortEnterCritical
 .text.vPortExitCritical
                0x0000000008006904       0x54 ./Middlewares/Third_Party/FreeRTOS/Source/portable/GCC/ARM_CM4F/port.o
                0x0000000008006904                vPortExitCritical
 *fill*         0x0000000008006958        0x8 
 .text.PendSV_Handler
                0x0000000008006960       0x68 ./Middlewares/Third_Party/FreeRTOS/Source/portable/GCC/ARM_CM4F/port.o
                0x0000000008006960                PendSV_Handler
 .text.SysTick_Handler
                0x00000000080069c8       0x44 ./Middlewares/Third_Party/FreeRTOS/Source/portable/GCC/ARM_CM4F/port.o
                0x00000000080069c8                SysTick_Handler
 .text.vPortSetupTimerInterrupt
                0x0000000008006a0c       0x48 ./Middlewares/Third_Party/FreeRTOS/Source/portable/GCC/ARM_CM4F/port.o
                0x0000000008006a0c                vPortSetupTimerInterrupt
 .text.vPortEnableVFP
                0x0000000008006a54       0x14 ./Middlewares/Third_Party/FreeRTOS/Source/portable/GCC/ARM_CM4F/port.o
 .text.pvPortMalloc
                0x0000000008006a68      0x198 ./Middlewares/Third_Party/FreeRTOS/Source/portable/MemMang/heap_4.o
                0x0000000008006a68                pvPortMalloc
 .text.vPortFree
                0x0000000008006c00       0xc4 ./Middlewares/Third_Party/FreeRTOS/Source/portable/MemMang/heap_4.o
                0x0000000008006c00                vPortFree
 .text.prvHeapInit
                0x0000000008006cc4       0xc4 ./Middlewares/Third_Party/FreeRTOS/Source/portable/MemMang/heap_4.o
 .text.prvInsertBlockIntoFreeList
                0x0000000008006d88       0xb4 ./Middlewares/Third_Party/FreeRTOS/Source/portable/MemMang/heap_4.o
 .text.memset   0x0000000008006e3c       0x10 C:/ST/STM32CubeIDE_1.14.1/STM32CubeIDE/plugins/com.st.stm32cube.ide.mcu.externaltools.gnu-tools-for-stm32.11.3.rel1.win32_1.1.100.202309141235/tools/bin/../lib/gcc/arm-none-eabi/11.3.1/../../../../arm-none-eabi/lib/thumb/v7e-m+fp/hard\libc_nano.a(libc_a-memset.o)
                0x0000000008006e3c                memset
 .text.__libc_init_array
                0x0000000008006e4c       0x48 C:/ST/STM32CubeIDE_1.14.1/STM32CubeIDE/plugins/com.st.stm32cube.ide.mcu.externaltools.gnu-tools-for-stm32.11.3.rel1.win32_1.1.100.202309141235/tools/bin/../lib/gcc/arm-none-eabi/11.3.1/../../../../arm-none-eabi/lib/thumb/v7e-m+fp/hard\libc_nano.a(libc_a-init.o)
                0x0000000008006e4c                __libc_init_array
 .text.memcpy   0x0000000008006e94       0x1c C:/ST/STM32CubeIDE_1.14.1/STM32CubeIDE/plugins/com.st.stm32cube.ide.mcu.externaltools.gnu-tools-for-stm32.11.3.rel1.win32_1.1.100.202309141235/tools/bin/../lib/gcc/arm-none-eabi/11.3.1/../../../../arm-none-eabi/lib/thumb/v7e-m+fp/hard\libc_nano.a(libc_a-memcpy-stub.o)
                0x0000000008006e94                memcpy
 *(.glue_7)
 .glue_7        0x0000000008006eb0        0x0 linker stubs
 *(.glue_7t)
 .glue_7t       0x0000000008006eb0        0x0 linker stubs
 *(.eh_frame)
 .eh_frame      0x0000000008006eb0        0x0 C:/ST/STM32CubeIDE_1.14.1/STM32CubeIDE/plugins/com.st.stm32cube.ide.mcu.externaltools.gnu-tools-for-stm32.11.3.rel1.win32_1.1.100.202309141235/tools/bin/../lib/gcc/arm-none-eabi/11.3.1/thumb/v7e-m+fp/hard/crtbegin.o
 *(.init)
 .init          0x0000000008006eb0        0x4 C:/ST/STM32CubeIDE_1.14.1/STM32CubeIDE/plugins/com.st.stm32cube.ide.mcu.externaltools.gnu-tools-for-stm32.11.3.rel1.win32_1.1.100.202309141235/tools/bin/../lib/gcc/arm-none-eabi/11.3.1/thumb/v7e-m+fp/hard/crti.o
                0x0000000008006eb0                _init
 .init          0x0000000008006eb4        0x8 C:/ST/STM32CubeIDE_1.14.1/STM32CubeIDE/plugins/com.st.stm32cube.ide.mcu.externaltools.gnu-tools-for-stm32.11.3.rel1.win32_1.1.100.202309141235/tools/bin/../lib/gcc/arm-none-eabi/11.3.1/thumb/v7e-m+fp/hard/crtn.o
 *(.fini)
 .fini          0x0000000008006ebc        0x4 C:/ST/STM32CubeIDE_1.14.1/STM32CubeIDE/plugins/com.st.stm32cube.ide.mcu.externaltools.gnu-tools-for-stm32.11.3.rel1.win32_1.1.100.202309141235/tools/bin/../lib/gcc/arm-none-eabi/11.3.1/thumb/v7e-m+fp/hard/crti.o
                0x0000000008006ebc                _fini
 .fini          0x0000000008006ec0        0x8 C:/ST/STM32CubeIDE_1.14.1/STM32CubeIDE/plugins/com.st.stm32cube.ide.mcu.externaltools.gnu-tools-for-stm32.11.3.rel1.win32_1.1.100.202309141235/tools/bin/../lib/gcc/arm-none-eabi/11.3.1/thumb/v7e-m+fp/hard/crtn.o
                0x0000000008006ec8                . = ALIGN (0x4)
                0x0000000008006ec8                _etext = .

.vfp11_veneer   0x0000000008006ec8        0x0
 .vfp11_veneer  0x0000000008006ec8        0x0 linker stubs

.v4_bx          0x0000000008006ec8        0x0
 .v4_bx         0x0000000008006ec8        0x0 linker stubs

.iplt           0x0000000008006ec8        0x0
 .iplt          0x0000000008006ec8        0x0 C:/ST/STM32CubeIDE_1.14.1/STM32CubeIDE/plugins/com.st.stm32cube.ide.mcu.externaltools.gnu-tools-for-stm32.11.3.rel1.win32_1.1.100.202309141235/tools/bin/../lib/gcc/arm-none-eabi/11.3.1/thumb/v7e-m+fp/hard/crtbegin.o

.rodata         0x0000000008006ec8     0x21b4
                0x0000000008006ec8                . = ALIGN (0x4)
 *(.rodata)
 .rodata        0x0000000008006ec8       0x20 ./Core/Src/Device_Drivers_src/keypad.o
 .rodata        0x0000000008006ee8       0x42 ./Core/Src/Device_Drivers_src/screen.o
 *fill*         0x0000000008006f2a        0x2 
 .rodata        0x0000000008006f2c       0x23 ./Core/Src/main.o
 *fill*         0x0000000008006f4f        0x1 
 .rodata        0x0000000008006f50       0x49 ./Core/Src/tasks.o
 *fill*         0x0000000008006f99        0x3 
 .rodata        0x0000000008006f9c        0x5 ./Middlewares/Third_Party/FreeRTOS/Source/tasks.o
 *(.rodata*)
 *fill*         0x0000000008006fa1        0x3 
 .rodata.Font11x18
                0x0000000008006fa4      0xd5c ./Core/Src/Device_Drivers_src/ssd1306_fonts.o
 .rodata.Font16x26
                0x0000000008007d00     0x134c ./Core/Src/Device_Drivers_src/ssd1306_fonts.o
 .rodata.Font_11x18
                0x000000000800904c        0xc ./Core/Src/Device_Drivers_src/ssd1306_fonts.o
                0x000000000800904c                Font_11x18
 .rodata.Font_16x26
                0x0000000008009058        0xc ./Core/Src/Device_Drivers_src/ssd1306_fonts.o
                0x0000000008009058                Font_16x26
 .rodata.AHBPrescTable
                0x0000000008009064       0x10 ./Core/Src/system_stm32f4xx.o
                0x0000000008009064                AHBPrescTable
 .rodata.APBPrescTable
                0x0000000008009074        0x8 ./Core/Src/system_stm32f4xx.o
                0x0000000008009074                APBPrescTable
                0x000000000800907c                . = ALIGN (0x4)

.ARM.extab      0x000000000800907c        0x0
                0x000000000800907c                . = ALIGN (0x4)
 *(.ARM.extab* .gnu.linkonce.armextab.*)
                0x000000000800907c                . = ALIGN (0x4)

.ARM            0x000000000800907c        0x8
                0x000000000800907c                . = ALIGN (0x4)
                0x000000000800907c                __exidx_start = .
 *(.ARM.exidx*)
 .ARM.exidx     0x000000000800907c        0x8 C:/ST/STM32CubeIDE_1.14.1/STM32CubeIDE/plugins/com.st.stm32cube.ide.mcu.externaltools.gnu-tools-for-stm32.11.3.rel1.win32_1.1.100.202309141235/tools/bin/../lib/gcc/arm-none-eabi/11.3.1/thumb/v7e-m+fp/hard\libgcc.a(_udivmoddi4.o)
                0x0000000008009084                __exidx_end = .
                0x0000000008009084                . = ALIGN (0x4)

.preinit_array  0x0000000008009084        0x0
                0x0000000008009084                . = ALIGN (0x4)
                0x0000000008009084                PROVIDE (__preinit_array_start = .)
 *(.preinit_array*)
                0x0000000008009084                PROVIDE (__preinit_array_end = .)
                0x0000000008009084                . = ALIGN (0x4)

.init_array     0x0000000008009084        0x4
                0x0000000008009084                . = ALIGN (0x4)
                0x0000000008009084                PROVIDE (__init_array_start = .)
 *(SORT_BY_NAME(.init_array.*))
 *(.init_array*)
 .init_array    0x0000000008009084        0x4 C:/ST/STM32CubeIDE_1.14.1/STM32CubeIDE/plugins/com.st.stm32cube.ide.mcu.externaltools.gnu-tools-for-stm32.11.3.rel1.win32_1.1.100.202309141235/tools/bin/../lib/gcc/arm-none-eabi/11.3.1/thumb/v7e-m+fp/hard/crtbegin.o
                0x0000000008009088                PROVIDE (__init_array_end = .)
                0x0000000008009088                . = ALIGN (0x4)

.fini_array     0x0000000008009088        0x4
                0x0000000008009088                . = ALIGN (0x4)
                [!provide]                        PROVIDE (__fini_array_start = .)
 *(SORT_BY_NAME(.fini_array.*))
 *(.fini_array*)
 .fini_array    0x0000000008009088        0x4 C:/ST/STM32CubeIDE_1.14.1/STM32CubeIDE/plugins/com.st.stm32cube.ide.mcu.externaltools.gnu-tools-for-stm32.11.3.rel1.win32_1.1.100.202309141235/tools/bin/../lib/gcc/arm-none-eabi/11.3.1/thumb/v7e-m+fp/hard/crtbegin.o
                [!provide]                        PROVIDE (__fini_array_end = .)
                0x000000000800908c                . = ALIGN (0x4)
                0x000000000800908c                _sidata = LOADADDR (.data)

.rel.dyn        0x000000000800908c        0x0
 .rel.iplt      0x000000000800908c        0x0 C:/ST/STM32CubeIDE_1.14.1/STM32CubeIDE/plugins/com.st.stm32cube.ide.mcu.externaltools.gnu-tools-for-stm32.11.3.rel1.win32_1.1.100.202309141235/tools/bin/../lib/gcc/arm-none-eabi/11.3.1/thumb/v7e-m+fp/hard/crtbegin.o

.data           0x0000000020000000       0x28 load address 0x000000000800908c
                0x0000000020000000                . = ALIGN (0x4)
                0x0000000020000000                _sdata = .
 *(.data)
 *(.data*)
 .data.Stat     0x0000000020000000        0x1 ./Core/Src/Device_Drivers_src/fatfs_sd.o
 *fill*         0x0000000020000001        0x3 
 .data.SystemCoreClock
                0x0000000020000004        0x4 ./Core/Src/system_stm32f4xx.o
                0x0000000020000004                SystemCoreClock
 .data.uwTickPrio
                0x0000000020000008        0x4 ./Drivers/STM32F4xx_HAL_Driver/Src/stm32f4xx_hal.o
                0x0000000020000008                uwTickPrio
 .data.uwTickFreq
                0x000000002000000c        0x1 ./Drivers/STM32F4xx_HAL_Driver/Src/stm32f4xx_hal.o
                0x000000002000000c                uwTickFreq
 *fill*         0x000000002000000d        0x3 
 .data.USER_Driver
                0x0000000020000010       0x14 ./FATFS/Target/user_diskio.o
                0x0000000020000010                USER_Driver
 .data.uxCriticalNesting
                0x0000000020000024        0x4 ./Middlewares/Third_Party/FreeRTOS/Source/portable/GCC/ARM_CM4F/port.o
 *(.RamFunc)
 *(.RamFunc*)
                0x0000000020000028                . = ALIGN (0x4)
                0x0000000020000028                _edata = .

.igot.plt       0x0000000020000028        0x0 load address 0x00000000080090b4
 .igot.plt      0x0000000020000028        0x0 C:/ST/STM32CubeIDE_1.14.1/STM32CubeIDE/plugins/com.st.stm32cube.ide.mcu.externaltools.gnu-tools-for-stm32.11.3.rel1.win32_1.1.100.202309141235/tools/bin/../lib/gcc/arm-none-eabi/11.3.1/thumb/v7e-m+fp/hard/crtbegin.o
                0x0000000020000028                . = ALIGN (0x4)

.bss            0x0000000020000028     0x453c load address 0x00000000080090b4
                0x0000000020000028                _sbss = .
                0x0000000020000028                __bss_start__ = _sbss
 *(.bss)
 .bss           0x0000000020000028       0x1c C:/ST/STM32CubeIDE_1.14.1/STM32CubeIDE/plugins/com.st.stm32cube.ide.mcu.externaltools.gnu-tools-for-stm32.11.3.rel1.win32_1.1.100.202309141235/tools/bin/../lib/gcc/arm-none-eabi/11.3.1/thumb/v7e-m+fp/hard/crtbegin.o
 *(.bss*)
 .bss.CardType  0x0000000020000044        0x1 ./Core/Src/Device_Drivers_src/fatfs_sd.o
 .bss.PowerFlag
                0x0000000020000045        0x1 ./Core/Src/Device_Drivers_src/fatfs_sd.o
 *fill*         0x0000000020000046        0x2 
 .bss.SSD1306_Buffer
                0x0000000020000048      0x400 ./Core/Src/Device_Drivers_src/ssd1306.o
 .bss.SSD1306   0x0000000020000448        0x6 ./Core/Src/Device_Drivers_src/ssd1306.o
 *fill*         0x000000002000044e        0x2 
 .bss.xIdleTaskTCBBuffer
                0x0000000020000450       0x54 ./Core/Src/freertos.o
 .bss.xIdleStack
                0x00000000200004a4      0x200 ./Core/Src/freertos.o
 .bss.hi2c1     0x00000000200006a4       0x54 ./Core/Src/main.o
                0x00000000200006a4                hi2c1
 .bss.hspi3     0x00000000200006f8       0x58 ./Core/Src/main.o
                0x00000000200006f8                hspi3
 .bss.huart2    0x0000000020000750       0x48 ./Core/Src/main.o
                0x0000000020000750                huart2
 .bss.uiQueue   0x0000000020000798        0x4 ./Core/Src/main.o
                0x0000000020000798                uiQueue
 .bss.sequenceQueue
                0x000000002000079c        0x4 ./Core/Src/main.o
                0x000000002000079c                sequenceQueue
 .bss.htim2     0x00000000200007a0       0x48 ./Core/Src/stm32f4xx_hal_timebase_tim.o
                0x00000000200007a0                htim2
 .bss.FatFsCnt  0x00000000200007e8        0x1 ./Core/Src/stm32f4xx_it.o
                0x00000000200007e8                FatFsCnt
 .bss.Timer1    0x00000000200007e9        0x1 ./Core/Src/stm32f4xx_it.o
                0x00000000200007e9                Timer1
 .bss.Timer2    0x00000000200007ea        0x1 ./Core/Src/stm32f4xx_it.o
                0x00000000200007ea                Timer2
 *fill*         0x00000000200007eb        0x1 
 .bss.StateMachine
                0x00000000200007ec        0xc ./Core/Src/tasks.o
                0x00000000200007ec                StateMachine
 .bss.uwTick    0x00000000200007f8        0x4 ./Drivers/STM32F4xx_HAL_Driver/Src/stm32f4xx_hal.o
                0x00000000200007f8                uwTick
 .bss.retUSER   0x00000000200007fc        0x1 ./FATFS/App/fatfs.o
                0x00000000200007fc                retUSER
 *fill*         0x00000000200007fd        0x3 
 .bss.USERPath  0x0000000020000800        0x4 ./FATFS/App/fatfs.o
                0x0000000020000800                USERPath
 .bss.disk      0x0000000020000804        0xc ./Middlewares/Third_Party/FatFs/src/ff_gen_drv.o
                0x0000000020000804                disk
 .bss.pxCurrentTCB
                0x0000000020000810        0x4 ./Middlewares/Third_Party/FreeRTOS/Source/tasks.o
                0x0000000020000810                pxCurrentTCB
 .bss.pxReadyTasksLists
                0x0000000020000814       0x8c ./Middlewares/Third_Party/FreeRTOS/Source/tasks.o
 .bss.xDelayedTaskList1
                0x00000000200008a0       0x14 ./Middlewares/Third_Party/FreeRTOS/Source/tasks.o
 .bss.xDelayedTaskList2
                0x00000000200008b4       0x14 ./Middlewares/Third_Party/FreeRTOS/Source/tasks.o
 .bss.pxDelayedTaskList
                0x00000000200008c8        0x4 ./Middlewares/Third_Party/FreeRTOS/Source/tasks.o
 .bss.pxOverflowDelayedTaskList
                0x00000000200008cc        0x4 ./Middlewares/Third_Party/FreeRTOS/Source/tasks.o
 .bss.xPendingReadyList
                0x00000000200008d0       0x14 ./Middlewares/Third_Party/FreeRTOS/Source/tasks.o
 .bss.xTasksWaitingTermination
                0x00000000200008e4       0x14 ./Middlewares/Third_Party/FreeRTOS/Source/tasks.o
 .bss.uxDeletedTasksWaitingCleanUp
                0x00000000200008f8        0x4 ./Middlewares/Third_Party/FreeRTOS/Source/tasks.o
 .bss.xSuspendedTaskList
                0x00000000200008fc       0x14 ./Middlewares/Third_Party/FreeRTOS/Source/tasks.o
 .bss.uxCurrentNumberOfTasks
                0x0000000020000910        0x4 ./Middlewares/Third_Party/FreeRTOS/Source/tasks.o
 .bss.xTickCount
                0x0000000020000914        0x4 ./Middlewares/Third_Party/FreeRTOS/Source/tasks.o
 .bss.uxTopReadyPriority
                0x0000000020000918        0x4 ./Middlewares/Third_Party/FreeRTOS/Source/tasks.o
 .bss.xSchedulerRunning
                0x000000002000091c        0x4 ./Middlewares/Third_Party/FreeRTOS/Source/tasks.o
 .bss.xPendedTicks
                0x0000000020000920        0x4 ./Middlewares/Third_Party/FreeRTOS/Source/tasks.o
 .bss.xYieldPending
                0x0000000020000924        0x4 ./Middlewares/Third_Party/FreeRTOS/Source/tasks.o
 .bss.xNumOfOverflows
                0x0000000020000928        0x4 ./Middlewares/Third_Party/FreeRTOS/Source/tasks.o
 .bss.uxTaskNumber
                0x000000002000092c        0x4 ./Middlewares/Third_Party/FreeRTOS/Source/tasks.o
 .bss.xNextTaskUnblockTime
                0x0000000020000930        0x4 ./Middlewares/Third_Party/FreeRTOS/Source/tasks.o
 .bss.xIdleTaskHandle
                0x0000000020000934        0x4 ./Middlewares/Third_Party/FreeRTOS/Source/tasks.o
 .bss.uxSchedulerSuspended
                0x0000000020000938        0x4 ./Middlewares/Third_Party/FreeRTOS/Source/tasks.o
 .bss.ucMaxSysCallPriority
                0x000000002000093c        0x1 ./Middlewares/Third_Party/FreeRTOS/Source/portable/GCC/ARM_CM4F/port.o
 *fill*         0x000000002000093d        0x3 
 .bss.ulMaxPRIGROUPValue
                0x0000000020000940        0x4 ./Middlewares/Third_Party/FreeRTOS/Source/portable/GCC/ARM_CM4F/port.o
 .bss.ucHeap    0x0000000020000944     0x3c00 ./Middlewares/Third_Party/FreeRTOS/Source/portable/MemMang/heap_4.o
 .bss.xStart    0x0000000020004544        0x8 ./Middlewares/Third_Party/FreeRTOS/Source/portable/MemMang/heap_4.o
 .bss.pxEnd     0x000000002000454c        0x4 ./Middlewares/Third_Party/FreeRTOS/Source/portable/MemMang/heap_4.o
 .bss.xFreeBytesRemaining
                0x0000000020004550        0x4 ./Middlewares/Third_Party/FreeRTOS/Source/portable/MemMang/heap_4.o
 .bss.xMinimumEverFreeBytesRemaining
                0x0000000020004554        0x4 ./Middlewares/Third_Party/FreeRTOS/Source/portable/MemMang/heap_4.o
 .bss.xNumberOfSuccessfulAllocations
                0x0000000020004558        0x4 ./Middlewares/Third_Party/FreeRTOS/Source/portable/MemMang/heap_4.o
 .bss.xNumberOfSuccessfulFrees
                0x000000002000455c        0x4 ./Middlewares/Third_Party/FreeRTOS/Source/portable/MemMang/heap_4.o
 .bss.xBlockAllocatedBit
                0x0000000020004560        0x4 ./Middlewares/Third_Party/FreeRTOS/Source/portable/MemMang/heap_4.o
 *(COMMON)
                0x0000000020004564                . = ALIGN (0x4)
                0x0000000020004564                _ebss = .
                0x0000000020004564                __bss_end__ = _ebss

._user_heap_stack
                0x0000000020004564      0x604 load address 0x00000000080090b4
                0x0000000020004568                . = ALIGN (0x8)
 *fill*         0x0000000020004564        0x4 
                [!provide]                        PROVIDE (end = .)
                0x0000000020004568                PROVIDE (_end = .)
                0x0000000020004768                . = (. + _Min_Heap_Size)
 *fill*         0x0000000020004568      0x200 
                0x0000000020004b68                . = (. + _Min_Stack_Size)
 *fill*         0x0000000020004768      0x400 
                0x0000000020004b68                . = ALIGN (0x8)

/DISCARD/
 libc.a(*)
 libm.a(*)
 libgcc.a(*)

.ARM.attributes
                0x0000000000000000       0x30
 *(.ARM.attributes)
 .ARM.attributes
                0x0000000000000000       0x1e C:/ST/STM32CubeIDE_1.14.1/STM32CubeIDE/plugins/com.st.stm32cube.ide.mcu.externaltools.gnu-tools-for-stm32.11.3.rel1.win32_1.1.100.202309141235/tools/bin/../lib/gcc/arm-none-eabi/11.3.1/thumb/v7e-m+fp/hard/crti.o
 .ARM.attributes
                0x000000000000001e       0x34 C:/ST/STM32CubeIDE_1.14.1/STM32CubeIDE/plugins/com.st.stm32cube.ide.mcu.externaltools.gnu-tools-for-stm32.11.3.rel1.win32_1.1.100.202309141235/tools/bin/../lib/gcc/arm-none-eabi/11.3.1/thumb/v7e-m+fp/hard/crtbegin.o
 .ARM.attributes
                0x0000000000000052       0x34 ./Core/Src/Device_Drivers_src/fatfs_sd.o
 .ARM.attributes
                0x0000000000000086       0x34 ./Core/Src/Device_Drivers_src/keypad.o
 .ARM.attributes
                0x00000000000000ba       0x34 ./Core/Src/Device_Drivers_src/screen.o
 .ARM.attributes
                0x00000000000000ee       0x34 ./Core/Src/Device_Drivers_src/ssd1306.o
 .ARM.attributes
                0x0000000000000122       0x34 ./Core/Src/Device_Drivers_src/ssd1306_fonts.o
 .ARM.attributes
                0x0000000000000156       0x34 ./Core/Src/freertos.o
 .ARM.attributes
                0x000000000000018a       0x34 ./Core/Src/main.o
 .ARM.attributes
                0x00000000000001be       0x34 ./Core/Src/stm32f4xx_hal_msp.o
 .ARM.attributes
                0x00000000000001f2       0x34 ./Core/Src/stm32f4xx_hal_timebase_tim.o
 .ARM.attributes
                0x0000000000000226       0x34 ./Core/Src/stm32f4xx_it.o
 .ARM.attributes
                0x000000000000025a       0x34 ./Core/Src/system_stm32f4xx.o
 .ARM.attributes
                0x000000000000028e       0x34 ./Core/Src/tasks.o
 .ARM.attributes
                0x00000000000002c2       0x21 ./Core/Startup/startup_stm32f401retx.o
 .ARM.attributes
                0x00000000000002e3       0x34 ./Drivers/STM32F4xx_HAL_Driver/Src/stm32f4xx_hal.o
 .ARM.attributes
                0x0000000000000317       0x34 ./Drivers/STM32F4xx_HAL_Driver/Src/stm32f4xx_hal_cortex.o
 .ARM.attributes
                0x000000000000034b       0x34 ./Drivers/STM32F4xx_HAL_Driver/Src/stm32f4xx_hal_gpio.o
 .ARM.attributes
                0x000000000000037f       0x34 ./Drivers/STM32F4xx_HAL_Driver/Src/stm32f4xx_hal_i2c.o
 .ARM.attributes
                0x00000000000003b3       0x34 ./Drivers/STM32F4xx_HAL_Driver/Src/stm32f4xx_hal_rcc.o
 .ARM.attributes
                0x00000000000003e7       0x34 ./Drivers/STM32F4xx_HAL_Driver/Src/stm32f4xx_hal_spi.o
 .ARM.attributes
                0x000000000000041b       0x34 ./Drivers/STM32F4xx_HAL_Driver/Src/stm32f4xx_hal_tim.o
 .ARM.attributes
                0x000000000000044f       0x34 ./Drivers/STM32F4xx_HAL_Driver/Src/stm32f4xx_hal_tim_ex.o
 .ARM.attributes
                0x0000000000000483       0x34 ./Drivers/STM32F4xx_HAL_Driver/Src/stm32f4xx_hal_uart.o
 .ARM.attributes
                0x00000000000004b7       0x34 ./FATFS/App/fatfs.o
 .ARM.attributes
                0x00000000000004eb       0x34 ./FATFS/Target/user_diskio.o
 .ARM.attributes
                0x000000000000051f       0x34 ./Middlewares/Third_Party/FatFs/src/ff_gen_drv.o
 .ARM.attributes
                0x0000000000000553       0x34 ./Middlewares/Third_Party/FreeRTOS/Source/list.o
 .ARM.attributes
                0x0000000000000587       0x34 ./Middlewares/Third_Party/FreeRTOS/Source/queue.o
 .ARM.attributes
                0x00000000000005bb       0x34 ./Middlewares/Third_Party/FreeRTOS/Source/tasks.o
 .ARM.attributes
                0x00000000000005ef       0x34 ./Middlewares/Third_Party/FreeRTOS/Source/portable/GCC/ARM_CM4F/port.o
 .ARM.attributes
                0x0000000000000623       0x34 ./Middlewares/Third_Party/FreeRTOS/Source/portable/MemMang/heap_4.o
 .ARM.attributes
                0x0000000000000657       0x34 C:/ST/STM32CubeIDE_1.14.1/STM32CubeIDE/plugins/com.st.stm32cube.ide.mcu.externaltools.gnu-tools-for-stm32.11.3.rel1.win32_1.1.100.202309141235/tools/bin/../lib/gcc/arm-none-eabi/11.3.1/../../../../arm-none-eabi/lib/thumb/v7e-m+fp/hard\libc_nano.a(libc_a-memset.o)
 .ARM.attributes
                0x000000000000068b       0x34 C:/ST/STM32CubeIDE_1.14.1/STM32CubeIDE/plugins/com.st.stm32cube.ide.mcu.externaltools.gnu-tools-for-stm32.11.3.rel1.win32_1.1.100.202309141235/tools/bin/../lib/gcc/arm-none-eabi/11.3.1/../../../../arm-none-eabi/lib/thumb/v7e-m+fp/hard\libc_nano.a(libc_a-init.o)
 .ARM.attributes
                0x00000000000006bf       0x34 C:/ST/STM32CubeIDE_1.14.1/STM32CubeIDE/plugins/com.st.stm32cube.ide.mcu.externaltools.gnu-tools-for-stm32.11.3.rel1.win32_1.1.100.202309141235/tools/bin/../lib/gcc/arm-none-eabi/11.3.1/../../../../arm-none-eabi/lib/thumb/v7e-m+fp/hard\libc_nano.a(libc_a-memcpy-stub.o)
 .ARM.attributes
                0x00000000000006f3       0x1e C:/ST/STM32CubeIDE_1.14.1/STM32CubeIDE/plugins/com.st.stm32cube.ide.mcu.externaltools.gnu-tools-for-stm32.11.3.rel1.win32_1.1.100.202309141235/tools/bin/../lib/gcc/arm-none-eabi/11.3.1/thumb/v7e-m+fp/hard\libgcc.a(_aeabi_uldivmod.o)
 .ARM.attributes
                0x0000000000000711       0x34 C:/ST/STM32CubeIDE_1.14.1/STM32CubeIDE/plugins/com.st.stm32cube.ide.mcu.externaltools.gnu-tools-for-stm32.11.3.rel1.win32_1.1.100.202309141235/tools/bin/../lib/gcc/arm-none-eabi/11.3.1/thumb/v7e-m+fp/hard\libgcc.a(_udivmoddi4.o)
 .ARM.attributes
                0x0000000000000745       0x1e C:/ST/STM32CubeIDE_1.14.1/STM32CubeIDE/plugins/com.st.stm32cube.ide.mcu.externaltools.gnu-tools-for-stm32.11.3.rel1.win32_1.1.100.202309141235/tools/bin/../lib/gcc/arm-none-eabi/11.3.1/thumb/v7e-m+fp/hard\libgcc.a(_dvmd_tls.o)
 .ARM.attributes
                0x0000000000000763       0x1e C:/ST/STM32CubeIDE_1.14.1/STM32CubeIDE/plugins/com.st.stm32cube.ide.mcu.externaltools.gnu-tools-for-stm32.11.3.rel1.win32_1.1.100.202309141235/tools/bin/../lib/gcc/arm-none-eabi/11.3.1/thumb/v7e-m+fp/hard/crtn.o
OUTPUT(Control-de-acceso.elf elf32-littlearm)
LOAD linker stubs
LOAD C:/ST/STM32CubeIDE_1.14.1/STM32CubeIDE/plugins/com.st.stm32cube.ide.mcu.externaltools.gnu-tools-for-stm32.11.3.rel1.win32_1.1.100.202309141235/tools/bin/../lib/gcc/arm-none-eabi/11.3.1/../../../../arm-none-eabi/lib/thumb/v7e-m+fp/hard\libc.a
LOAD C:/ST/STM32CubeIDE_1.14.1/STM32CubeIDE/plugins/com.st.stm32cube.ide.mcu.externaltools.gnu-tools-for-stm32.11.3.rel1.win32_1.1.100.202309141235/tools/bin/../lib/gcc/arm-none-eabi/11.3.1/../../../../arm-none-eabi/lib/thumb/v7e-m+fp/hard\libm.a
LOAD C:/ST/STM32CubeIDE_1.14.1/STM32CubeIDE/plugins/com.st.stm32cube.ide.mcu.externaltools.gnu-tools-for-stm32.11.3.rel1.win32_1.1.100.202309141235/tools/bin/../lib/gcc/arm-none-eabi/11.3.1/thumb/v7e-m+fp/hard\libgcc.a

.comment        0x0000000000000000       0x43
 .comment       0x0000000000000000       0x43 C:/ST/STM32CubeIDE_1.14.1/STM32CubeIDE/plugins/com.st.stm32cube.ide.mcu.externaltools.gnu-tools-for-stm32.11.3.rel1.win32_1.1.100.202309141235/tools/bin/../lib/gcc/arm-none-eabi/11.3.1/thumb/v7e-m+fp/hard/crtbegin.o
                                         0x44 (size before relaxing)
 .comment       0x0000000000000043       0x44 ./Core/Src/Device_Drivers_src/fatfs_sd.o
 .comment       0x0000000000000043       0x44 ./Core/Src/Device_Drivers_src/keypad.o
 .comment       0x0000000000000043       0x44 ./Core/Src/Device_Drivers_src/screen.o
 .comment       0x0000000000000043       0x44 ./Core/Src/Device_Drivers_src/ssd1306.o
 .comment       0x0000000000000043       0x44 ./Core/Src/Device_Drivers_src/ssd1306_fonts.o
 .comment       0x0000000000000043       0x44 ./Core/Src/freertos.o
 .comment       0x0000000000000043       0x44 ./Core/Src/main.o
 .comment       0x0000000000000043       0x44 ./Core/Src/stm32f4xx_hal_msp.o
 .comment       0x0000000000000043       0x44 ./Core/Src/stm32f4xx_hal_timebase_tim.o
 .comment       0x0000000000000043       0x44 ./Core/Src/stm32f4xx_it.o
 .comment       0x0000000000000043       0x44 ./Core/Src/system_stm32f4xx.o
 .comment       0x0000000000000043       0x44 ./Core/Src/tasks.o
 .comment       0x0000000000000043       0x44 ./Drivers/STM32F4xx_HAL_Driver/Src/stm32f4xx_hal.o
 .comment       0x0000000000000043       0x44 ./Drivers/STM32F4xx_HAL_Driver/Src/stm32f4xx_hal_cortex.o
 .comment       0x0000000000000043       0x44 ./Drivers/STM32F4xx_HAL_Driver/Src/stm32f4xx_hal_gpio.o
 .comment       0x0000000000000043       0x44 ./Drivers/STM32F4xx_HAL_Driver/Src/stm32f4xx_hal_i2c.o
 .comment       0x0000000000000043       0x44 ./Drivers/STM32F4xx_HAL_Driver/Src/stm32f4xx_hal_rcc.o
 .comment       0x0000000000000043       0x44 ./Drivers/STM32F4xx_HAL_Driver/Src/stm32f4xx_hal_spi.o
 .comment       0x0000000000000043       0x44 ./Drivers/STM32F4xx_HAL_Driver/Src/stm32f4xx_hal_tim.o
 .comment       0x0000000000000043       0x44 ./Drivers/STM32F4xx_HAL_Driver/Src/stm32f4xx_hal_tim_ex.o
 .comment       0x0000000000000043       0x44 ./Drivers/STM32F4xx_HAL_Driver/Src/stm32f4xx_hal_uart.o
 .comment       0x0000000000000043       0x44 ./FATFS/App/fatfs.o
 .comment       0x0000000000000043       0x44 ./FATFS/Target/user_diskio.o
 .comment       0x0000000000000043       0x44 ./Middlewares/Third_Party/FatFs/src/ff_gen_drv.o
 .comment       0x0000000000000043       0x44 ./Middlewares/Third_Party/FreeRTOS/Source/list.o
 .comment       0x0000000000000043       0x44 ./Middlewares/Third_Party/FreeRTOS/Source/queue.o
 .comment       0x0000000000000043       0x44 ./Middlewares/Third_Party/FreeRTOS/Source/tasks.o
 .comment       0x0000000000000043       0x44 ./Middlewares/Third_Party/FreeRTOS/Source/portable/GCC/ARM_CM4F/port.o
 .comment       0x0000000000000043       0x44 ./Middlewares/Third_Party/FreeRTOS/Source/portable/MemMang/heap_4.o

.debug_info     0x0000000000000000    0x18bdc
 .debug_info    0x0000000000000000      0xc31 ./Core/Src/Device_Drivers_src/fatfs_sd.o
 .debug_info    0x0000000000000c31      0x4b0 ./Core/Src/Device_Drivers_src/keypad.o
 .debug_info    0x00000000000010e1      0x267 ./Core/Src/Device_Drivers_src/screen.o
 .debug_info    0x0000000000001348     0x12a2 ./Core/Src/Device_Drivers_src/ssd1306.o
 .debug_info    0x00000000000025ea      0x2a4 ./Core/Src/Device_Drivers_src/ssd1306_fonts.o
 .debug_info    0x000000000000288e      0x279 ./Core/Src/freertos.o
 .debug_info    0x0000000000002b07     0x1720 ./Core/Src/main.o
 .debug_info    0x0000000000004227     0x10ed ./Core/Src/stm32f4xx_hal_msp.o
 .debug_info    0x0000000000005314      0xb7d ./Core/Src/stm32f4xx_hal_timebase_tim.o
 .debug_info    0x0000000000005e91      0x704 ./Core/Src/stm32f4xx_it.o
 .debug_info    0x0000000000006595      0x53e ./Core/Src/system_stm32f4xx.o
 .debug_info    0x0000000000006ad3      0x583 ./Core/Src/tasks.o
 .debug_info    0x0000000000007056       0x23 ./Core/Startup/startup_stm32f401retx.o
 .debug_info    0x0000000000007079      0x8bb ./Drivers/STM32F4xx_HAL_Driver/Src/stm32f4xx_hal.o
 .debug_info    0x0000000000007934      0xcc1 ./Drivers/STM32F4xx_HAL_Driver/Src/stm32f4xx_hal_cortex.o
 .debug_info    0x00000000000085f5      0x6f9 ./Drivers/STM32F4xx_HAL_Driver/Src/stm32f4xx_hal_gpio.o
 .debug_info    0x0000000000008cee     0x2426 ./Drivers/STM32F4xx_HAL_Driver/Src/stm32f4xx_hal_i2c.o
 .debug_info    0x000000000000b114      0x8f3 ./Drivers/STM32F4xx_HAL_Driver/Src/stm32f4xx_hal_rcc.o
 .debug_info    0x000000000000ba07     0x1606 ./Drivers/STM32F4xx_HAL_Driver/Src/stm32f4xx_hal_spi.o
 .debug_info    0x000000000000d00d     0x2996 ./Drivers/STM32F4xx_HAL_Driver/Src/stm32f4xx_hal_tim.o
 .debug_info    0x000000000000f9a3     0x14d4 ./Drivers/STM32F4xx_HAL_Driver/Src/stm32f4xx_hal_tim_ex.o
 .debug_info    0x0000000000010e77     0x2f56 ./Drivers/STM32F4xx_HAL_Driver/Src/stm32f4xx_hal_uart.o
 .debug_info    0x0000000000013dcd      0x543 ./FATFS/App/fatfs.o
 .debug_info    0x0000000000014310      0x3a5 ./FATFS/Target/user_diskio.o
 .debug_info    0x00000000000146b5      0x37f ./Middlewares/Third_Party/FatFs/src/ff_gen_drv.o
 .debug_info    0x0000000000014a34      0x2af ./Middlewares/Third_Party/FreeRTOS/Source/list.o
 .debug_info    0x0000000000014ce3     0x17cd ./Middlewares/Third_Party/FreeRTOS/Source/queue.o
 .debug_info    0x00000000000164b0     0x1d79 ./Middlewares/Third_Party/FreeRTOS/Source/tasks.o
 .debug_info    0x0000000000018229      0x4de ./Middlewares/Third_Party/FreeRTOS/Source/portable/GCC/ARM_CM4F/port.o
 .debug_info    0x0000000000018707      0x4d5 ./Middlewares/Third_Party/FreeRTOS/Source/portable/MemMang/heap_4.o

.debug_abbrev   0x0000000000000000     0x3f3f
 .debug_abbrev  0x0000000000000000      0x2da ./Core/Src/Device_Drivers_src/fatfs_sd.o
 .debug_abbrev  0x00000000000002da      0x1fc ./Core/Src/Device_Drivers_src/keypad.o
 .debug_abbrev  0x00000000000004d6      0x131 ./Core/Src/Device_Drivers_src/screen.o
 .debug_abbrev  0x0000000000000607      0x351 ./Core/Src/Device_Drivers_src/ssd1306.o
 .debug_abbrev  0x0000000000000958       0xcf ./Core/Src/Device_Drivers_src/ssd1306_fonts.o
 .debug_abbrev  0x0000000000000a27       0xd2 ./Core/Src/freertos.o
 .debug_abbrev  0x0000000000000af9      0x310 ./Core/Src/main.o
 .debug_abbrev  0x0000000000000e09      0x1f5 ./Core/Src/stm32f4xx_hal_msp.o
 .debug_abbrev  0x0000000000000ffe      0x207 ./Core/Src/stm32f4xx_hal_timebase_tim.o
 .debug_abbrev  0x0000000000001205      0x1a4 ./Core/Src/stm32f4xx_it.o
 .debug_abbrev  0x00000000000013a9      0x11a ./Core/Src/system_stm32f4xx.o
 .debug_abbrev  0x00000000000014c3      0x231 ./Core/Src/tasks.o
 .debug_abbrev  0x00000000000016f4       0x12 ./Core/Startup/startup_stm32f401retx.o
 .debug_abbrev  0x0000000000001706      0x24b ./Drivers/STM32F4xx_HAL_Driver/Src/stm32f4xx_hal.o
 .debug_abbrev  0x0000000000001951      0x328 ./Drivers/STM32F4xx_HAL_Driver/Src/stm32f4xx_hal_cortex.o
 .debug_abbrev  0x0000000000001c79      0x1d3 ./Drivers/STM32F4xx_HAL_Driver/Src/stm32f4xx_hal_gpio.o
 .debug_abbrev  0x0000000000001e4c      0x2bc ./Drivers/STM32F4xx_HAL_Driver/Src/stm32f4xx_hal_i2c.o
 .debug_abbrev  0x0000000000002108      0x2b5 ./Drivers/STM32F4xx_HAL_Driver/Src/stm32f4xx_hal_rcc.o
 .debug_abbrev  0x00000000000023bd      0x280 ./Drivers/STM32F4xx_HAL_Driver/Src/stm32f4xx_hal_spi.o
 .debug_abbrev  0x000000000000263d      0x28b ./Drivers/STM32F4xx_HAL_Driver/Src/stm32f4xx_hal_tim.o
 .debug_abbrev  0x00000000000028c8      0x296 ./Drivers/STM32F4xx_HAL_Driver/Src/stm32f4xx_hal_tim_ex.o
 .debug_abbrev  0x0000000000002b5e      0x31b ./Drivers/STM32F4xx_HAL_Driver/Src/stm32f4xx_hal_uart.o
 .debug_abbrev  0x0000000000002e79      0x167 ./FATFS/App/fatfs.o
 .debug_abbrev  0x0000000000002fe0      0x144 ./FATFS/Target/user_diskio.o
 .debug_abbrev  0x0000000000003124      0x19f ./Middlewares/Third_Party/FatFs/src/ff_gen_drv.o
 .debug_abbrev  0x00000000000032c3       0xf5 ./Middlewares/Third_Party/FreeRTOS/Source/list.o
 .debug_abbrev  0x00000000000033b8      0x3b5 ./Middlewares/Third_Party/FreeRTOS/Source/queue.o
 .debug_abbrev  0x000000000000376d      0x359 ./Middlewares/Third_Party/FreeRTOS/Source/tasks.o
 .debug_abbrev  0x0000000000003ac6      0x25c ./Middlewares/Third_Party/FreeRTOS/Source/portable/GCC/ARM_CM4F/port.o
 .debug_abbrev  0x0000000000003d22      0x21d ./Middlewares/Third_Party/FreeRTOS/Source/portable/MemMang/heap_4.o

.debug_aranges  0x0000000000000000     0x1748
 .debug_aranges
                0x0000000000000000       0xa8 ./Core/Src/Device_Drivers_src/fatfs_sd.o
 .debug_aranges
                0x00000000000000a8       0x40 ./Core/Src/Device_Drivers_src/keypad.o
 .debug_aranges
                0x00000000000000e8       0x40 ./Core/Src/Device_Drivers_src/screen.o
 .debug_aranges
                0x0000000000000128       0xe8 ./Core/Src/Device_Drivers_src/ssd1306.o
 .debug_aranges
                0x0000000000000210       0x18 ./Core/Src/Device_Drivers_src/ssd1306_fonts.o
 .debug_aranges
                0x0000000000000228       0x20 ./Core/Src/freertos.o
 .debug_aranges
                0x0000000000000248       0x60 ./Core/Src/main.o
 .debug_aranges
                0x00000000000002a8       0x50 ./Core/Src/stm32f4xx_hal_msp.o
 .debug_aranges
                0x00000000000002f8       0x30 ./Core/Src/stm32f4xx_hal_timebase_tim.o
 .debug_aranges
                0x0000000000000328       0x58 ./Core/Src/stm32f4xx_it.o
 .debug_aranges
                0x0000000000000380       0x28 ./Core/Src/system_stm32f4xx.o
 .debug_aranges
                0x00000000000003a8       0x48 ./Core/Src/tasks.o
 .debug_aranges
                0x00000000000003f0       0x28 ./Core/Startup/startup_stm32f401retx.o
 .debug_aranges
                0x0000000000000418       0xf0 ./Drivers/STM32F4xx_HAL_Driver/Src/stm32f4xx_hal.o
 .debug_aranges
                0x0000000000000508      0x120 ./Drivers/STM32F4xx_HAL_Driver/Src/stm32f4xx_hal_cortex.o
 .debug_aranges
                0x0000000000000628       0x58 ./Drivers/STM32F4xx_HAL_Driver/Src/stm32f4xx_hal_gpio.o
 .debug_aranges
                0x0000000000000680      0x2a8 ./Drivers/STM32F4xx_HAL_Driver/Src/stm32f4xx_hal_i2c.o
 .debug_aranges
                0x0000000000000928       0x88 ./Drivers/STM32F4xx_HAL_Driver/Src/stm32f4xx_hal_rcc.o
 .debug_aranges
                0x00000000000009b0      0x1d0 ./Drivers/STM32F4xx_HAL_Driver/Src/stm32f4xx_hal_spi.o
 .debug_aranges
                0x0000000000000b80      0x3d0 ./Drivers/STM32F4xx_HAL_Driver/Src/stm32f4xx_hal_tim.o
 .debug_aranges
                0x0000000000000f50      0x168 ./Drivers/STM32F4xx_HAL_Driver/Src/stm32f4xx_hal_tim_ex.o
 .debug_aranges
                0x00000000000010b8      0x208 ./Drivers/STM32F4xx_HAL_Driver/Src/stm32f4xx_hal_uart.o
 .debug_aranges
                0x00000000000012c0       0x28 ./FATFS/App/fatfs.o
 .debug_aranges
                0x00000000000012e8       0x40 ./FATFS/Target/user_diskio.o
 .debug_aranges
                0x0000000000001328       0x40 ./Middlewares/Third_Party/FatFs/src/ff_gen_drv.o
 .debug_aranges
                0x0000000000001368       0x40 ./Middlewares/Third_Party/FreeRTOS/Source/list.o
 .debug_aranges
                0x00000000000013a8      0x108 ./Middlewares/Third_Party/FreeRTOS/Source/queue.o
 .debug_aranges
                0x00000000000014b0      0x1c0 ./Middlewares/Third_Party/FreeRTOS/Source/tasks.o
 .debug_aranges
                0x0000000000001670       0x80 ./Middlewares/Third_Party/FreeRTOS/Source/portable/GCC/ARM_CM4F/port.o
 .debug_aranges
                0x00000000000016f0       0x58 ./Middlewares/Third_Party/FreeRTOS/Source/portable/MemMang/heap_4.o

.debug_rnglists
                0x0000000000000000     0x121e
 .debug_rnglists
                0x0000000000000000       0x80 ./Core/Src/Device_Drivers_src/fatfs_sd.o
 .debug_rnglists
                0x0000000000000080       0x2d ./Core/Src/Device_Drivers_src/keypad.o
 .debug_rnglists
                0x00000000000000ad       0x2c ./Core/Src/Device_Drivers_src/screen.o
 .debug_rnglists
                0x00000000000000d9       0xb4 ./Core/Src/Device_Drivers_src/ssd1306.o
 .debug_rnglists
                0x000000000000018d       0x13 ./Core/Src/freertos.o
 .debug_rnglists
                0x00000000000001a0       0x46 ./Core/Src/main.o
 .debug_rnglists
                0x00000000000001e6       0x3a ./Core/Src/stm32f4xx_hal_msp.o
 .debug_rnglists
                0x0000000000000220       0x20 ./Core/Src/stm32f4xx_hal_timebase_tim.o
 .debug_rnglists
                0x0000000000000240       0x3d ./Core/Src/stm32f4xx_it.o
 .debug_rnglists
                0x000000000000027d       0x1a ./Core/Src/system_stm32f4xx.o
 .debug_rnglists
                0x0000000000000297       0x33 ./Core/Src/tasks.o
 .debug_rnglists
                0x00000000000002ca       0x19 ./Core/Startup/startup_stm32f401retx.o
 .debug_rnglists
                0x00000000000002e3       0xaf ./Drivers/STM32F4xx_HAL_Driver/Src/stm32f4xx_hal.o
 .debug_rnglists
                0x0000000000000392       0xd4 ./Drivers/STM32F4xx_HAL_Driver/Src/stm32f4xx_hal_cortex.o
 .debug_rnglists
                0x0000000000000466       0x3f ./Drivers/STM32F4xx_HAL_Driver/Src/stm32f4xx_hal_gpio.o
 .debug_rnglists
                0x00000000000004a5      0x23c ./Drivers/STM32F4xx_HAL_Driver/Src/stm32f4xx_hal_i2c.o
 .debug_rnglists
                0x00000000000006e1       0x66 ./Drivers/STM32F4xx_HAL_Driver/Src/stm32f4xx_hal_rcc.o
 .debug_rnglists
                0x0000000000000747      0x16f ./Drivers/STM32F4xx_HAL_Driver/Src/stm32f4xx_hal_spi.o
 .debug_rnglists
                0x00000000000008b6      0x31a ./Drivers/STM32F4xx_HAL_Driver/Src/stm32f4xx_hal_tim.o
 .debug_rnglists
                0x0000000000000bd0      0x125 ./Drivers/STM32F4xx_HAL_Driver/Src/stm32f4xx_hal_tim_ex.o
 .debug_rnglists
                0x0000000000000cf5      0x1bc ./Drivers/STM32F4xx_HAL_Driver/Src/stm32f4xx_hal_uart.o
 .debug_rnglists
                0x0000000000000eb1       0x19 ./FATFS/App/fatfs.o
 .debug_rnglists
                0x0000000000000eca       0x2b ./FATFS/Target/user_diskio.o
 .debug_rnglists
                0x0000000000000ef5       0x2c ./Middlewares/Third_Party/FatFs/src/ff_gen_drv.o
 .debug_rnglists
                0x0000000000000f21       0x2b ./Middlewares/Third_Party/FreeRTOS/Source/list.o
 .debug_rnglists
                0x0000000000000f4c       0xcd ./Middlewares/Third_Party/FreeRTOS/Source/queue.o
 .debug_rnglists
                0x0000000000001019      0x166 ./Middlewares/Third_Party/FreeRTOS/Source/tasks.o
 .debug_rnglists
                0x000000000000117f       0x5d ./Middlewares/Third_Party/FreeRTOS/Source/portable/GCC/ARM_CM4F/port.o
 .debug_rnglists
                0x00000000000011dc       0x42 ./Middlewares/Third_Party/FreeRTOS/Source/portable/MemMang/heap_4.o

.debug_macro    0x0000000000000000     0x4edc
 .debug_macro   0x0000000000000000      0x236 ./Core/Src/Device_Drivers_src/fatfs_sd.o
 .debug_macro   0x0000000000000236       0x16 ./Core/Src/Device_Drivers_src/fatfs_sd.o
 .debug_macro   0x000000000000024c       0x7c ./Core/Src/Device_Drivers_src/fatfs_sd.o
 .debug_macro   0x00000000000002c8      0x408 ./Core/Src/Device_Drivers_src/keypad.o
 .debug_macro   0x00000000000006d0       0x16 ./Core/Src/Device_Drivers_src/keypad.o
 .debug_macro   0x00000000000006e6       0x16 ./Core/Src/Device_Drivers_src/keypad.o
 .debug_macro   0x00000000000006fc       0x16 ./Core/Src/Device_Drivers_src/keypad.o
 .debug_macro   0x0000000000000712       0x46 ./Core/Src/Device_Drivers_src/keypad.o
 .debug_macro   0x0000000000000758       0x4c ./Core/Src/Device_Drivers_src/keypad.o
 .debug_macro   0x00000000000007a4       0x28 ./Core/Src/Device_Drivers_src/keypad.o
 .debug_macro   0x00000000000007cc      0x3ef ./Core/Src/Device_Drivers_src/screen.o
 .debug_macro   0x0000000000000bbb       0x28 ./Core/Src/Device_Drivers_src/screen.o
 .debug_macro   0x0000000000000be3       0x76 ./Core/Src/Device_Drivers_src/screen.o
 .debug_macro   0x0000000000000c59      0x3d8 ./Core/Src/Device_Drivers_src/ssd1306.o
 .debug_macro   0x0000000000001031      0x19b ./Core/Src/Device_Drivers_src/ssd1306.o
 .debug_macro   0x00000000000011cc       0x16 ./Core/Src/Device_Drivers_src/ssd1306.o
 .debug_macro   0x00000000000011e2       0x16 ./Core/Src/Device_Drivers_src/ssd1306.o
 .debug_macro   0x00000000000011f8       0x29 ./Core/Src/Device_Drivers_src/ssd1306.o
 .debug_macro   0x0000000000001221      0x247 ./Core/Src/Device_Drivers_src/ssd1306_fonts.o
 .debug_macro   0x0000000000001468      0x268 ./Core/Src/freertos.o
 .debug_macro   0x00000000000016d0       0xea ./Core/Src/freertos.o
 .debug_macro   0x00000000000017ba      0x493 ./Core/Src/main.o
 .debug_macro   0x0000000000001c4d      0x200 ./Core/Src/stm32f4xx_hal_msp.o
 .debug_macro   0x0000000000001e4d      0x1f1 ./Core/Src/stm32f4xx_hal_timebase_tim.o
 .debug_macro   0x000000000000203e      0x20a ./Core/Src/stm32f4xx_it.o
 .debug_macro   0x0000000000002248      0x1f1 ./Core/Src/system_stm32f4xx.o
 .debug_macro   0x0000000000002439      0x493 ./Core/Src/tasks.o
 .debug_macro   0x00000000000028cc      0x251 ./Drivers/STM32F4xx_HAL_Driver/Src/stm32f4xx_hal.o
 .debug_macro   0x0000000000002b1d      0x1f1 ./Drivers/STM32F4xx_HAL_Driver/Src/stm32f4xx_hal_cortex.o
 .debug_macro   0x0000000000002d0e      0x1f7 ./Drivers/STM32F4xx_HAL_Driver/Src/stm32f4xx_hal_gpio.o
 .debug_macro   0x0000000000002f05      0x23f ./Drivers/STM32F4xx_HAL_Driver/Src/stm32f4xx_hal_i2c.o
 .debug_macro   0x0000000000003144      0x215 ./Drivers/STM32F4xx_HAL_Driver/Src/stm32f4xx_hal_rcc.o
 .debug_macro   0x0000000000003359      0x200 ./Drivers/STM32F4xx_HAL_Driver/Src/stm32f4xx_hal_spi.o
 .debug_macro   0x0000000000003559      0x1f2 ./Drivers/STM32F4xx_HAL_Driver/Src/stm32f4xx_hal_tim.o
 .debug_macro   0x000000000000374b      0x1f1 ./Drivers/STM32F4xx_HAL_Driver/Src/stm32f4xx_hal_tim_ex.o
 .debug_macro   0x000000000000393c      0x1f2 ./Drivers/STM32F4xx_HAL_Driver/Src/stm32f4xx_hal_uart.o
 .debug_macro   0x0000000000003b2e      0x306 ./FATFS/App/fatfs.o
 .debug_macro   0x0000000000003e34      0x3c4 ./FATFS/Target/user_diskio.o
 .debug_macro   0x00000000000041f8      0x2f3 ./Middlewares/Third_Party/FatFs/src/ff_gen_drv.o
 .debug_macro   0x00000000000044eb      0x187 ./Middlewares/Third_Party/FreeRTOS/Source/list.o
 .debug_macro   0x0000000000004672      0x216 ./Middlewares/Third_Party/FreeRTOS/Source/queue.o
 .debug_macro   0x0000000000004888       0x87 ./Middlewares/Third_Party/FreeRTOS/Source/queue.o
 .debug_macro   0x000000000000490f      0x279 ./Middlewares/Third_Party/FreeRTOS/Source/tasks.o
 .debug_macro   0x0000000000004b88       0x10 ./Middlewares/Third_Party/FreeRTOS/Source/tasks.o
 .debug_macro   0x0000000000004b98      0x196 ./Middlewares/Third_Party/FreeRTOS/Source/portable/GCC/ARM_CM4F/port.o
 .debug_macro   0x0000000000004d2e      0x1ae ./Middlewares/Third_Party/FreeRTOS/Source/portable/MemMang/heap_4.o

.debug_line     0x0000000000000000    0x1f5ab
 .debug_line    0x0000000000000000      0xf14 ./Core/Src/Device_Drivers_src/fatfs_sd.o
 .debug_line    0x0000000000000f14      0xcc2 ./Core/Src/Device_Drivers_src/keypad.o
 .debug_line    0x0000000000001bd6      0xbdd ./Core/Src/Device_Drivers_src/screen.o
 .debug_line    0x00000000000027b3     0x13b7 ./Core/Src/Device_Drivers_src/ssd1306.o
 .debug_line    0x0000000000003b6a      0x8f9 ./Core/Src/Device_Drivers_src/ssd1306_fonts.o
 .debug_line    0x0000000000004463      0x895 ./Core/Src/freertos.o
 .debug_line    0x0000000000004cf8      0xdf6 ./Core/Src/main.o
 .debug_line    0x0000000000005aee      0x87f ./Core/Src/stm32f4xx_hal_msp.o
 .debug_line    0x000000000000636d      0x812 ./Core/Src/stm32f4xx_hal_timebase_tim.o
 .debug_line    0x0000000000006b7f      0x868 ./Core/Src/stm32f4xx_it.o
 .debug_line    0x00000000000073e7      0x818 ./Core/Src/system_stm32f4xx.o
 .debug_line    0x0000000000007bff      0xdea ./Core/Src/tasks.o
 .debug_line    0x00000000000089e9       0x7a ./Core/Startup/startup_stm32f401retx.o
 .debug_line    0x0000000000008a63      0xa7e ./Drivers/STM32F4xx_HAL_Driver/Src/stm32f4xx_hal.o
 .debug_line    0x00000000000094e1      0xd4a ./Drivers/STM32F4xx_HAL_Driver/Src/stm32f4xx_hal_cortex.o
 .debug_line    0x000000000000a22b      0xbb6 ./Drivers/STM32F4xx_HAL_Driver/Src/stm32f4xx_hal_gpio.o
 .debug_line    0x000000000000ade1     0x3ae0 ./Drivers/STM32F4xx_HAL_Driver/Src/stm32f4xx_hal_i2c.o
 .debug_line    0x000000000000e8c1      0xdf7 ./Drivers/STM32F4xx_HAL_Driver/Src/stm32f4xx_hal_rcc.o
 .debug_line    0x000000000000f6b8     0x1d55 ./Drivers/STM32F4xx_HAL_Driver/Src/stm32f4xx_hal_spi.o
 .debug_line    0x000000000001140d     0x35e4 ./Drivers/STM32F4xx_HAL_Driver/Src/stm32f4xx_hal_tim.o
 .debug_line    0x00000000000149f1     0x1a15 ./Drivers/STM32F4xx_HAL_Driver/Src/stm32f4xx_hal_tim_ex.o
 .debug_line    0x0000000000016406     0x293b ./Drivers/STM32F4xx_HAL_Driver/Src/stm32f4xx_hal_uart.o
 .debug_line    0x0000000000018d41      0x9ae ./FATFS/App/fatfs.o
 .debug_line    0x00000000000196ef      0xb9a ./FATFS/Target/user_diskio.o
 .debug_line    0x000000000001a289      0xa3b ./Middlewares/Third_Party/FatFs/src/ff_gen_drv.o
 .debug_line    0x000000000001acc4      0x796 ./Middlewares/Third_Party/FreeRTOS/Source/list.o
 .debug_line    0x000000000001b45a     0x1517 ./Middlewares/Third_Party/FreeRTOS/Source/queue.o
 .debug_line    0x000000000001c971     0x1a4d ./Middlewares/Third_Party/FreeRTOS/Source/tasks.o
 .debug_line    0x000000000001e3be      0x830 ./Middlewares/Third_Party/FreeRTOS/Source/portable/GCC/ARM_CM4F/port.o
 .debug_line    0x000000000001ebee      0x9bd ./Middlewares/Third_Party/FreeRTOS/Source/portable/MemMang/heap_4.o

.debug_str      0x0000000000000000    0x9bd7d
 .debug_str     0x0000000000000000    0x8987f ./Core/Src/Device_Drivers_src/fatfs_sd.o
                                      0x89b9b (size before relaxing)
 .debug_str     0x000000000008987f     0x9dc6 ./Core/Src/Device_Drivers_src/keypad.o
                                      0x93025 (size before relaxing)
 .debug_str     0x0000000000093645      0x128 ./Core/Src/Device_Drivers_src/screen.o
                                      0x92e0d (size before relaxing)
 .debug_str     0x000000000009376d      0xf09 ./Core/Src/Device_Drivers_src/ssd1306.o
                                      0x93924 (size before relaxing)
 .debug_str     0x0000000000094676       0x91 ./Core/Src/Device_Drivers_src/ssd1306_fonts.o
                                      0x89816 (size before relaxing)
 .debug_str     0x0000000000094707      0x144 ./Core/Src/freertos.o
                                      0x8d263 (size before relaxing)
 .debug_str     0x000000000009484b      0xe43 ./Core/Src/main.o
                                      0x9467a (size before relaxing)
 .debug_str     0x000000000009568e      0x455 ./Core/Src/stm32f4xx_hal_msp.o
                                      0x8a177 (size before relaxing)
 .debug_str     0x0000000000095ae3      0x11a ./Core/Src/stm32f4xx_hal_timebase_tim.o
                                      0x89d2a (size before relaxing)
 .debug_str     0x0000000000095bfd       0xce ./Core/Src/stm32f4xx_it.o
                                      0x89933 (size before relaxing)
 .debug_str     0x0000000000095ccb       0xdb ./Core/Src/system_stm32f4xx.o
                                      0x89395 (size before relaxing)
 .debug_str     0x0000000000095da6       0xe9 ./Core/Src/tasks.o
                                      0x93946 (size before relaxing)
 .debug_str     0x0000000000095e8f       0x34 ./Core/Startup/startup_stm32f401retx.o
                                         0x75 (size before relaxing)
 .debug_str     0x0000000000095ec3      0x5bf ./Drivers/STM32F4xx_HAL_Driver/Src/stm32f4xx_hal.o
                                      0x89db7 (size before relaxing)
 .debug_str     0x0000000000096482      0x33d ./Drivers/STM32F4xx_HAL_Driver/Src/stm32f4xx_hal_cortex.o
                                      0x89aef (size before relaxing)
 .debug_str     0x00000000000967bf      0x110 ./Drivers/STM32F4xx_HAL_Driver/Src/stm32f4xx_hal_gpio.o
                                      0x89510 (size before relaxing)
 .debug_str     0x00000000000968cf      0xb1e ./Drivers/STM32F4xx_HAL_Driver/Src/stm32f4xx_hal_i2c.o
                                      0x8a3a6 (size before relaxing)
 .debug_str     0x00000000000973ed      0x1f2 ./Drivers/STM32F4xx_HAL_Driver/Src/stm32f4xx_hal_rcc.o
                                      0x897c9 (size before relaxing)
 .debug_str     0x00000000000975df      0x537 ./Drivers/STM32F4xx_HAL_Driver/Src/stm32f4xx_hal_spi.o
                                      0x89c47 (size before relaxing)
 .debug_str     0x0000000000097b16      0xe41 ./Drivers/STM32F4xx_HAL_Driver/Src/stm32f4xx_hal_tim.o
                                      0x8a70d (size before relaxing)
 .debug_str     0x0000000000098957      0x503 ./Drivers/STM32F4xx_HAL_Driver/Src/stm32f4xx_hal_tim_ex.o
                                      0x89f19 (size before relaxing)
 .debug_str     0x0000000000098e5a      0x608 ./Drivers/STM32F4xx_HAL_Driver/Src/stm32f4xx_hal_uart.o
                                      0x89d98 (size before relaxing)
 .debug_str     0x0000000000099462      0x150 ./FATFS/App/fatfs.o
                                      0x8fb18 (size before relaxing)
 .debug_str     0x00000000000995b2       0x5a ./FATFS/Target/user_diskio.o
                                      0x92cac (size before relaxing)
 .debug_str     0x000000000009960c       0xba ./Middlewares/Third_Party/FatFs/src/ff_gen_drv.o
                                      0x8fa22 (size before relaxing)
 .debug_str     0x00000000000996c6      0x12d ./Middlewares/Third_Party/FreeRTOS/Source/list.o
                                       0xaa95 (size before relaxing)
 .debug_str     0x00000000000997f3      0xa1d ./Middlewares/Third_Party/FreeRTOS/Source/queue.o
                                       0xc428 (size before relaxing)
 .debug_str     0x000000000009a210     0x10bd ./Middlewares/Third_Party/FreeRTOS/Source/tasks.o
                                       0xce3f (size before relaxing)
 .debug_str     0x000000000009b2cd      0x783 ./Middlewares/Third_Party/FreeRTOS/Source/portable/GCC/ARM_CM4F/port.o
                                       0x86da (size before relaxing)
 .debug_str     0x000000000009ba50      0x32d ./Middlewares/Third_Party/FreeRTOS/Source/portable/MemMang/heap_4.o
                                       0xb3d7 (size before relaxing)

.debug_frame    0x0000000000000000     0x60b8
 .debug_frame   0x0000000000000000      0x28c ./Core/Src/Device_Drivers_src/fatfs_sd.o
 .debug_frame   0x000000000000028c       0xd4 ./Core/Src/Device_Drivers_src/keypad.o
 .debug_frame   0x0000000000000360       0xbc ./Core/Src/Device_Drivers_src/screen.o
 .debug_frame   0x000000000000041c      0x3e4 ./Core/Src/Device_Drivers_src/ssd1306.o
 .debug_frame   0x0000000000000800       0x38 ./Core/Src/freertos.o
 .debug_frame   0x0000000000000838      0x128 ./Core/Src/main.o
 .debug_frame   0x0000000000000960      0x10c ./Core/Src/stm32f4xx_hal_msp.o
 .debug_frame   0x0000000000000a6c       0x74 ./Core/Src/stm32f4xx_hal_timebase_tim.o
 .debug_frame   0x0000000000000ae0       0xe4 ./Core/Src/stm32f4xx_it.o
 .debug_frame   0x0000000000000bc4       0x58 ./Core/Src/system_stm32f4xx.o
 .debug_frame   0x0000000000000c1c       0xdc ./Core/Src/tasks.o
 .debug_frame   0x0000000000000cf8      0x374 ./Drivers/STM32F4xx_HAL_Driver/Src/stm32f4xx_hal.o
 .debug_frame   0x000000000000106c      0x4b8 ./Drivers/STM32F4xx_HAL_Driver/Src/stm32f4xx_hal_cortex.o
 .debug_frame   0x0000000000001524      0x14c ./Drivers/STM32F4xx_HAL_Driver/Src/stm32f4xx_hal_gpio.o
 .debug_frame   0x0000000000001670      0xc84 ./Drivers/STM32F4xx_HAL_Driver/Src/stm32f4xx_hal_i2c.o
 .debug_frame   0x00000000000022f4      0x1f4 ./Drivers/STM32F4xx_HAL_Driver/Src/stm32f4xx_hal_rcc.o