Archive member included to satisfy reference by file (symbol)

C:/ST/STM32CubeIDE_1.15.1/STM32CubeIDE/plugins/com.st.stm32cube.ide.mcu.externaltools.gnu-tools-for-stm32.12.3.rel1.win32_1.0.100.202403111256/tools/bin/../lib/gcc/arm-none-eabi/12.3.1/../../../../arm-none-eabi/lib/thumb/v7e-m+fp/hard\libc_nano.a(libc_a-exit.o)
                              C:/ST/STM32CubeIDE_1.15.1/STM32CubeIDE/plugins/com.st.stm32cube.ide.mcu.externaltools.gnu-tools-for-stm32.12.3.rel1.win32_1.0.100.202403111256/tools/bin/../lib/gcc/arm-none-eabi/12.3.1/../../../../arm-none-eabi/lib/thumb/v7e-m+fp/hard/crt0.o (exit)
C:/ST/STM32CubeIDE_1.15.1/STM32CubeIDE/plugins/com.st.stm32cube.ide.mcu.externaltools.gnu-tools-for-stm32.12.3.rel1.win32_1.0.100.202403111256/tools/bin/../lib/gcc/arm-none-eabi/12.3.1/../../../../arm-none-eabi/lib/thumb/v7e-m+fp/hard\libc_nano.a(libc_a-findfp.o)
                              C:/ST/STM32CubeIDE_1.15.1/STM32CubeIDE/plugins/com.st.stm32cube.ide.mcu.externaltools.gnu-tools-for-stm32.12.3.rel1.win32_1.0.100.202403111256/tools/bin/../lib/gcc/arm-none-eabi/12.3.1/../../../../arm-none-eabi/lib/thumb/v7e-m+fp/hard\libc_nano.a(libc_a-exit.o) (__stdio_exit_handler)
C:/ST/STM32CubeIDE_1.15.1/STM32CubeIDE/plugins/com.st.stm32cube.ide.mcu.externaltools.gnu-tools-for-stm32.12.3.rel1.win32_1.0.100.202403111256/tools/bin/../lib/gcc/arm-none-eabi/12.3.1/../../../../arm-none-eabi/lib/thumb/v7e-m+fp/hard\libc_nano.a(libc_a-fwalk.o)
                              C:/ST/STM32CubeIDE_1.15.1/STM32CubeIDE/plugins/com.st.stm32cube.ide.mcu.externaltools.gnu-tools-for-stm32.12.3.rel1.win32_1.0.100.202403111256/tools/bin/../lib/gcc/arm-none-eabi/12.3.1/../../../../arm-none-eabi/lib/thumb/v7e-m+fp/hard\libc_nano.a(libc_a-findfp.o) (_fwalk_sglue)
C:/ST/STM32CubeIDE_1.15.1/STM32CubeIDE/plugins/com.st.stm32cube.ide.mcu.externaltools.gnu-tools-for-stm32.12.3.rel1.win32_1.0.100.202403111256/tools/bin/../lib/gcc/arm-none-eabi/12.3.1/../../../../arm-none-eabi/lib/thumb/v7e-m+fp/hard\libc_nano.a(libc_a-snprintf.o)
                              ./Core/Src/Device_Drivers_src/ssd1306_tests.o (snprintf)
C:/ST/STM32CubeIDE_1.15.1/STM32CubeIDE/plugins/com.st.stm32cube.ide.mcu.externaltools.gnu-tools-for-stm32.12.3.rel1.win32_1.0.100.202403111256/tools/bin/../lib/gcc/arm-none-eabi/12.3.1/../../../../arm-none-eabi/lib/thumb/v7e-m+fp/hard\libc_nano.a(libc_a-stdio.o)
                              C:/ST/STM32CubeIDE_1.15.1/STM32CubeIDE/plugins/com.st.stm32cube.ide.mcu.externaltools.gnu-tools-for-stm32.12.3.rel1.win32_1.0.100.202403111256/tools/bin/../lib/gcc/arm-none-eabi/12.3.1/../../../../arm-none-eabi/lib/thumb/v7e-m+fp/hard\libc_nano.a(libc_a-findfp.o) (__sread)
C:/ST/STM32CubeIDE_1.15.1/STM32CubeIDE/plugins/com.st.stm32cube.ide.mcu.externaltools.gnu-tools-for-stm32.12.3.rel1.win32_1.0.100.202403111256/tools/bin/../lib/gcc/arm-none-eabi/12.3.1/../../../../arm-none-eabi/lib/thumb/v7e-m+fp/hard\libc_nano.a(libc_a-memmove.o)
                              ./Core/Src/Device_Drivers_src/ssd1306_tests.o (memmove)
C:/ST/STM32CubeIDE_1.15.1/STM32CubeIDE/plugins/com.st.stm32cube.ide.mcu.externaltools.gnu-tools-for-stm32.12.3.rel1.win32_1.0.100.202403111256/tools/bin/../lib/gcc/arm-none-eabi/12.3.1/../../../../arm-none-eabi/lib/thumb/v7e-m+fp/hard\libc_nano.a(libc_a-memset.o)
                              C:/ST/STM32CubeIDE_1.15.1/STM32CubeIDE/plugins/com.st.stm32cube.ide.mcu.externaltools.gnu-tools-for-stm32.12.3.rel1.win32_1.0.100.202403111256/tools/bin/../lib/gcc/arm-none-eabi/12.3.1/../../../../arm-none-eabi/lib/thumb/v7e-m+fp/hard/crt0.o (memset)
C:/ST/STM32CubeIDE_1.15.1/STM32CubeIDE/plugins/com.st.stm32cube.ide.mcu.externaltools.gnu-tools-for-stm32.12.3.rel1.win32_1.0.100.202403111256/tools/bin/../lib/gcc/arm-none-eabi/12.3.1/../../../../arm-none-eabi/lib/thumb/v7e-m+fp/hard\libc_nano.a(libc_a-closer.o)
                              C:/ST/STM32CubeIDE_1.15.1/STM32CubeIDE/plugins/com.st.stm32cube.ide.mcu.externaltools.gnu-tools-for-stm32.12.3.rel1.win32_1.0.100.202403111256/tools/bin/../lib/gcc/arm-none-eabi/12.3.1/../../../../arm-none-eabi/lib/thumb/v7e-m+fp/hard\libc_nano.a(libc_a-stdio.o) (_close_r)
C:/ST/STM32CubeIDE_1.15.1/STM32CubeIDE/plugins/com.st.stm32cube.ide.mcu.externaltools.gnu-tools-for-stm32.12.3.rel1.win32_1.0.100.202403111256/tools/bin/../lib/gcc/arm-none-eabi/12.3.1/../../../../arm-none-eabi/lib/thumb/v7e-m+fp/hard\libc_nano.a(libc_a-reent.o)
                              C:/ST/STM32CubeIDE_1.15.1/STM32CubeIDE/plugins/com.st.stm32cube.ide.mcu.externaltools.gnu-tools-for-stm32.12.3.rel1.win32_1.0.100.202403111256/tools/bin/../lib/gcc/arm-none-eabi/12.3.1/../../../../arm-none-eabi/lib/thumb/v7e-m+fp/hard\libc_nano.a(libc_a-closer.o) (errno)
C:/ST/STM32CubeIDE_1.15.1/STM32CubeIDE/plugins/com.st.stm32cube.ide.mcu.externaltools.gnu-tools-for-stm32.12.3.rel1.win32_1.0.100.202403111256/tools/bin/../lib/gcc/arm-none-eabi/12.3.1/../../../../arm-none-eabi/lib/thumb/v7e-m+fp/hard\libc_nano.a(libc_a-impure.o)
[...]
Memory Configuration

Name             Origin             Length             Attributes
RAM              0x20000000         0x00018000         xrw
FLASH            0x08000000         0x00080000         xr
*default*        0x00000000         0xffffffff

Linker script and memory map

LOAD C:/ST/STM32CubeIDE_1.15.1/STM32CubeIDE/plugins/com.st.stm32cube.ide.mcu.externaltools.gnu-tools-for-stm32.12.3.rel1.win32_1.0.100.202403111256/tools/bin/../lib/gcc/arm-none-eabi/12.3.1/thumb/v7e-m+fp/hard/crti.o
LOAD C:/ST/STM32CubeIDE_1.15.1/STM32CubeIDE/plugins/com.st.stm32cube.ide.mcu.externaltools.gnu-tools-for-stm32.12.3.rel1.win32_1.0.100.202403111256/tools/bin/../lib/gcc/arm-none-eabi/12.3.1/thumb/v7e-m+fp/hard/crtbegin.o
LOAD C:/ST/STM32CubeIDE_1.15.1/STM32CubeIDE/plugins/com.st.stm32cube.ide.mcu.externaltools.gnu-tools-for-stm32.12.3.rel1.win32_1.0.100.202403111256/tools/bin/../lib/gcc/arm-none-eabi/12.3.1/../../../../arm-none-eabi/lib/thumb/v7e-m+fp/hard/crt0.o
LOAD ./Core/Src/Device_Drivers_src/adc.o
LOAD ./Core/Src/Device_Drivers_src/keypad.o
LOAD ./Core/Src/Device_Drivers_src/lock.o
LOAD ./Core/Src/Device_Drivers_src/screen.o
LOAD ./Core/Src/Device_Drivers_src/sd.o
LOAD ./Core/Src/Device_Drivers_src/ssd1306.o
LOAD ./Core/Src/Device_Drivers_src/ssd1306_fonts.o
LOAD ./Core/Src/Device_Drivers_src/ssd1306_tests.o
LOAD ./Core/Src/freertos.o
LOAD ./Core/Src/main.o
LOAD ./Core/Src/stm32f4xx_hal_msp.o
LOAD ./Core/Src/stm32f4xx_hal_timebase_tim.o
LOAD ./Core/Src/stm32f4xx_it.o
LOAD ./Core/Src/syscalls.o
LOAD ./Core/Src/sysmem.o
LOAD ./Core/Src/system_stm32f4xx.o
LOAD ./Core/Src/tasks.o
LOAD ./Core/Startup/startup_stm32f401retx.o
LOAD ./Drivers/STM32F4xx_HAL_Driver/Src/stm32f4xx_hal.o
LOAD ./Drivers/STM32F4xx_HAL_Driver/Src/stm32f4xx_hal_cortex.o
LOAD ./Drivers/STM32F4xx_HAL_Driver/Src/stm32f4xx_hal_dma.o
LOAD ./Drivers/STM32F4xx_HAL_Driver/Src/stm32f4xx_hal_dma_ex.o
LOAD ./Drivers/STM32F4xx_HAL_Driver/Src/stm32f4xx_hal_exti.o
LOAD ./Drivers/STM32F4xx_HAL_Driver/Src/stm32f4xx_hal_flash.o
LOAD ./Drivers/STM32F4xx_HAL_Driver/Src/stm32f4xx_hal_flash_ex.o
LOAD ./Drivers/STM32F4xx_HAL_Driver/Src/stm32f4xx_hal_flash_ramfunc.o
LOAD ./Drivers/STM32F4xx_HAL_Driver/Src/stm32f4xx_hal_gpio.o
LOAD ./Drivers/STM32F4xx_HAL_Driver/Src/stm32f4xx_hal_i2c.o
LOAD ./Drivers/STM32F4xx_HAL_Driver/Src/stm32f4xx_hal_i2c_ex.o
LOAD ./Drivers/STM32F4xx_HAL_Driver/Src/stm32f4xx_hal_pwr.o
LOAD ./Drivers/STM32F4xx_HAL_Driver/Src/stm32f4xx_hal_pwr_ex.o
LOAD ./Drivers/STM32F4xx_HAL_Driver/Src/stm32f4xx_hal_rcc.o
LOAD ./Drivers/STM32F4xx_HAL_Driver/Src/stm32f4xx_hal_rcc_ex.o
LOAD ./Drivers/STM32F4xx_HAL_Driver/Src/stm32f4xx_hal_spi.o
LOAD ./Drivers/STM32F4xx_HAL_Driver/Src/stm32f4xx_hal_tim.o
LOAD ./Drivers/STM32F4xx_HAL_Driver/Src/stm32f4xx_hal_tim_ex.o
LOAD ./Drivers/STM32F4xx_HAL_Driver/Src/stm32f4xx_hal_uart.o
LOAD ./FATFS/App/fatfs.o
LOAD ./FATFS/Target/user_diskio.o
LOAD ./Middlewares/Third_Party/FatFs/src/diskio.o
LOAD ./Middlewares/Third_Party/FatFs/src/ff.o
LOAD ./Middlewares/Third_Party/FatFs/src/ff_gen_drv.o
LOAD ./Middlewares/Third_Party/FatFs/src/option/syscall.o
LOAD ./Middlewares/Third_Party/FreeRTOS/Source/CMSIS_RTOS/cmsis_os.o
LOAD ./Middlewares/Third_Party/FreeRTOS/Source/croutine.o
LOAD ./Middlewares/Third_Party/FreeRTOS/Source/event_groups.o
LOAD ./Middlewares/Third_Party/FreeRTOS/Source/list.o
LOAD ./Middlewares/Third_Party/FreeRTOS/Source/queue.o
LOAD ./Middlewares/Third_Party/FreeRTOS/Source/stream_buffer.o
LOAD ./Middlewares/Third_Party/FreeRTOS/Source/tasks.o
LOAD ./Middlewares/Third_Party/FreeRTOS/Source/timers.o
LOAD ./Middlewares/Third_Party/FreeRTOS/Source/portable/GCC/ARM_CM4F/port.o
LOAD ./Middlewares/Third_Party/FreeRTOS/Source/portable/MemMang/heap_4.o
START GROUP
LOAD C:/ST/STM32CubeIDE_1.15.1/STM32CubeIDE/plugins/com.st.stm32cube.ide.mcu.externaltools.gnu-tools-for-stm32.12.3.rel1.win32_1.0.100.202403111256/tools/bin/../lib/gcc/arm-none-eabi/12.3.1/../../../../arm-none-eabi/lib/thumb/v7e-m+fp/hard\libc_nano.a
LOAD C:/ST/STM32CubeIDE_1.15.1/STM32CubeIDE/plugins/com.st.stm32cube.ide.mcu.externaltools.gnu-tools-for-stm32.12.3.rel1.win32_1.0.100.202403111256/tools/bin/../lib/gcc/arm-none-eabi/12.3.1/../../../../arm-none-eabi/lib/thumb/v7e-m+fp/hard\libm.a
END GROUP
START GROUP
LOAD C:/ST/STM32CubeIDE_1.15.1/STM32CubeIDE/plugins/com.st.stm32cube.ide.mcu.externaltools.gnu-tools-for-stm32.12.3.rel1.win32_1.0.100.202403111256/tools/bin/../lib/gcc/arm-none-eabi/12.3.1/thumb/v7e-m+fp/hard\libgcc.a
LOAD C:/ST/STM32CubeIDE_1.15.1/STM32CubeIDE/plugins/com.st.stm32cube.ide.mcu.externaltools.gnu-tools-for-stm32.12.3.rel1.win32_1.0.100.202403111256/tools/bin/../lib/gcc/arm-none-eabi/12.3.1/../../../../arm-none-eabi/lib/thumb/v7e-m+fp/hard\libc_nano.a
END GROUP
START GROUP
LOAD C:/ST/STM32CubeIDE_1.15.1/STM32CubeIDE/plugins/com.st.stm32cube.ide.mcu.externaltools.gnu-tools-for-stm32.12.3.rel1.win32_1.0.100.202403111256/tools/bin/../lib/gcc/arm-none-eabi/12.3.1/thumb/v7e-m+fp/hard\libgcc.a
LOAD C:/ST/STM32CubeIDE_1.15.1/STM32CubeIDE/plugins/com.st.stm32cube.ide.mcu.externaltools.gnu-tools-for-stm32.12.3.rel1.win32_1.0.100.202403111256/tools/bin/../lib/gcc/arm-none-eabi/12.3.1/../../../../arm-none-eabi/lib/thumb/v7e-m+fp/hard\libc_nano.a
LOAD C:/ST/STM32CubeIDE_1.15.1/STM32CubeIDE/plugins/com.st.stm32cube.ide.mcu.externaltools.gnu-tools-for-stm32.12.3.rel1.win32_1.0.100.202403111256/tools/bin/../lib/gcc/arm-none-eabi/12.3.1/../../../../arm-none-eabi/lib/thumb/v7e-m+fp/hard\libnosys.a
END GROUP
START GROUP
LOAD C:/ST/STM32CubeIDE_1.15.1/STM32CubeIDE/plugins/com.st.stm32cube.ide.mcu.externaltools.gnu-tools-for-stm32.12.3.rel1.win32_1.0.100.202403111256/tools/bin/../lib/gcc/arm-none-eabi/12.3.1/thumb/v7e-m+fp/hard\libgcc.a
LOAD C:/ST/STM32CubeIDE_1.15.1/STM32CubeIDE/plugins/com.st.stm32cube.ide.mcu.externaltools.gnu-tools-for-stm32.12.3.rel1.win32_1.0.100.202403111256/tools/bin/../lib/gcc/arm-none-eabi/12.3.1/../../../../arm-none-eabi/lib/thumb/v7e-m+fp/hard\libc_nano.a
LOAD C:/ST/STM32CubeIDE_1.15.1/STM32CubeIDE/plugins/com.st.stm32cube.ide.mcu.externaltools.gnu-tools-for-stm32.12.3.rel1.win32_1.0.100.202403111256/tools/bin/../lib/gcc/arm-none-eabi/12.3.1/../../../../arm-none-eabi/lib/thumb/v7e-m+fp/hard\libnosys.a
END GROUP
LOAD C:/ST/STM32CubeIDE_1.15.1/STM32CubeIDE/plugins/com.st.stm32cube.ide.mcu.externaltools.gnu-tools-for-stm32.12.3.rel1.win32_1.0.100.202403111256/tools/bin/../lib/gcc/arm-none-eabi/12.3.1/thumb/v7e-m+fp/hard/crtend.o
LOAD C:/ST/STM32CubeIDE_1.15.1/STM32CubeIDE/plugins/com.st.stm32cube.ide.mcu.externaltools.gnu-tools-for-stm32.12.3.rel1.win32_1.0.100.202403111256/tools/bin/../lib/gcc/arm-none-eabi/12.3.1/thumb/v7e-m+fp/hard/crtn.o
                0x20018000                        _estack = (ORIGIN (RAM) + LENGTH (RAM))
                0x00000200                        _Min_Heap_Size = 0x200
                0x00000400                        _Min_Stack_Size = 0x400

.isr_vector     0x08000000      0x194
                0x08000000                        . = ALIGN (0x4)
 *(.isr_vector)
 .isr_vector    0x08000000      0x194 ./Core/Startup/startup_stm32f401retx.o
                0x08000000                g_pfnVectors
                0x08000194                        . = ALIGN (0x4)

.text           0x080001a0     0x5bb0
                0x080001a0                        . = ALIGN (0x4)
 *(.text)
 .text          0x080001a0       0x40 C:/ST/STM32CubeIDE_1.15.1/STM32CubeIDE/plugins/com.st.stm32cube.ide.mcu.externaltools.gnu-tools-for-stm32.12.3.rel1.win32_1.0.100.202403111256/tools/bin/../lib/gcc/arm-none-eabi/12.3.1/thumb/v7e-m+fp/hard/crtbegin.o
 .text          0x080001e0       0x30 C:/ST/STM32CubeIDE_1.15.1/STM32CubeIDE/plugins/com.st.stm32cube.ide.mcu.externaltools.gnu-tools-for-stm32.12.3.rel1.win32_1.0.100.202403111256/tools/bin/../lib/gcc/arm-none-eabi/12.3.1/thumb/v7e-m+fp/hard\libgcc.a(_aeabi_uldivmod.o)
                0x080001e0                __aeabi_uldivmod
 .text          0x08000210      0x2bc C:/ST/STM32CubeIDE_1.15.1/STM32CubeIDE/plugins/com.st.stm32cube.ide.mcu.externaltools.gnu-tools-for-stm32.12.3.rel1.win32_1.0.100.202403111256/tools/bin/../lib/gcc/arm-none-eabi/12.3.1/thumb/v7e-m+fp/hard\libgcc.a(_udivmoddi4.o)
                0x08000210                __udivmoddi4
 .text          0x080004cc        0x4 C:/ST/STM32CubeIDE_1.15.1/STM32CubeIDE/plugins/com.st.stm32cube.ide.mcu.externaltools.gnu-tools-for-stm32.12.3.rel1.win32_1.0.100.202403111256/tools/bin/../lib/gcc/arm-none-eabi/12.3.1/thumb/v7e-m+fp/hard\libgcc.a(_dvmd_tls.o)
                0x080004cc                __aeabi_idiv0
                0x080004cc                __aeabi_ldiv0
 *(.text*)
 .text.HandleInput
                0x080004d0       0xc4 ./Core/Src/Device_Drivers_src/keypad.o
                0x080004d0                HandleInput
 .text.GetKey   0x08000594      0x124 ./Core/Src/Device_Drivers_src/keypad.o
                0x08000594                GetKey
 .text.ClearBuffer
                0x080006b8       0x36 ./Core/Src/Device_Drivers_src/keypad.o
                0x080006b8                ClearBuffer
 .text.displayInit
                0x080006ee        0xc ./Core/Src/Device_Drivers_src/screen.o
                0x080006ee                displayInit
 *fill*         0x080006fa        0x2 
 .text.displayInsertKeyMsg
                0x080006fc       0x74 ./Core/Src/Device_Drivers_src/screen.o
                0x080006fc                displayInsertKeyMsg
 .text.displayTimeoutMsg
                0x08000770       0x44 ./Core/Src/Device_Drivers_src/screen.o
                0x08000770                displayTimeoutMsg
 .text.displayIncompleteMsg
                0x080007b4       0x94 ./Core/Src/Device_Drivers_src/screen.o
                0x080007b4                displayIncompleteMsg
 .text.displayAccessState
                0x08000848       0x68 ./Core/Src/Device_Drivers_src/screen.o
                0x08000848                displayAccessState
 .text.ssd1306_Reset
                0x080008b0        0xe ./Core/Src/Device_Drivers_src/ssd1306.o
                0x080008b0                ssd1306_Reset
 *fill*         0x080008be        0x2 
 .text.ssd1306_WriteCommand
                0x080008c0       0x30 ./Core/Src/Device_Drivers_src/ssd1306.o
                0x080008c0                ssd1306_WriteCommand
 .text.ssd1306_WriteData
                0x080008f0       0x34 ./Core/Src/Device_Drivers_src/ssd1306.o
                0x080008f0                ssd1306_WriteData
 .text.ssd1306_Init
                0x08000924       0xd4 ./Core/Src/Device_Drivers_src/ssd1306.o
                0x08000924                ssd1306_Init
 .text.ssd1306_Fill
                0x080009f8       0x30 ./Core/Src/Device_Drivers_src/ssd1306.o
                0x080009f8                ssd1306_Fill
 .text.ssd1306_UpdateScreen
                0x08000a28       0x50 ./Core/Src/Device_Drivers_src/ssd1306.o
                0x08000a28                ssd1306_UpdateScreen
 .text.ssd1306_DrawPixel
                0x08000a78       0xa8 ./Core/Src/Device_Drivers_src/ssd1306.o
                0x08000a78                ssd1306_DrawPixel
 .text.ssd1306_WriteChar
                0x08000b20      0x120 ./Core/Src/Device_Drivers_src/ssd1306.o
                0x08000b20                ssd1306_WriteChar
 .text.ssd1306_WriteString
                0x08000c40       0x4c ./Core/Src/Device_Drivers_src/ssd1306.o
                0x08000c40                ssd1306_WriteString
 .text.ssd1306_SetCursor
                0x08000c8c       0x30 ./Core/Src/Device_Drivers_src/ssd1306.o
                0x08000c8c                ssd1306_SetCursor
 .text.ssd1306_SetContrast
                0x08000cbc       0x26 ./Core/Src/Device_Drivers_src/ssd1306.o
                0x08000cbc                ssd1306_SetContrast
 *fill*         0x08000ce2        0x2 
 .text.ssd1306_SetDisplayOn
                0x08000ce4       0x3c ./Core/Src/Device_Drivers_src/ssd1306.o
                0x08000ce4                ssd1306_SetDisplayOn
 .text.vApplicationGetIdleTaskMemory
                0x08000d20       0x34 ./Core/Src/freertos.o
                0x08000d20                vApplicationGetIdleTaskMemory
 .text.main     0x08000d54       0x94 ./Core/Src/main.o
                0x08000d54                main
 .text.SystemClock_Config
                0x08000de8       0xd8 ./Core/Src/main.o
                0x08000de8                SystemClock_Config
 .text.MX_I2C1_Init
                0x08000ec0       0x5c ./Core/Src/main.o
 .text.MX_SPI3_Init
                0x08000f1c       0x6c ./Core/Src/main.o
 .text.MX_USART2_UART_Init
                0x08000f88       0x54 ./Core/Src/main.o
 .text.MX_GPIO_Init
                0x08000fdc      0x164 ./Core/Src/main.o
 .text.HAL_TIM_PeriodElapsedCallback
                0x08001140       0x1e ./Core/Src/main.o
                0x08001140                HAL_TIM_PeriodElapsedCallback
 .text.Error_Handler
                0x0800115e        0xc ./Core/Src/main.o
                0x0800115e                Error_Handler
 *fill*         0x0800116a        0x2 
 .text.HAL_MspInit
                0x0800116c       0x58 ./Core/Src/stm32f4xx_hal_msp.o
                0x0800116c                HAL_MspInit
 .text.HAL_I2C_MspInit
                0x080011c4       0x90 ./Core/Src/stm32f4xx_hal_msp.o
                0x080011c4                HAL_I2C_MspInit
 .text.HAL_SPI_MspInit
                0x08001254       0x90 ./Core/Src/stm32f4xx_hal_msp.o
                0x08001254                HAL_SPI_MspInit
 .text.HAL_UART_MspInit
                0x080012e4       0x90 ./Core/Src/stm32f4xx_hal_msp.o
                0x080012e4                HAL_UART_MspInit
 .text.HAL_InitTick
                0x08001374       0xf8 ./Core/Src/stm32f4xx_hal_timebase_tim.o
                0x08001374                HAL_InitTick
 .text.NMI_Handler
                0x0800146c        0x8 ./Core/Src/stm32f4xx_it.o
                0x0800146c                NMI_Handler
 .text.HardFault_Handler
                0x08001474        0x8 ./Core/Src/stm32f4xx_it.o
                0x08001474                HardFault_Handler
 .text.MemManage_Handler
                0x0800147c        0x8 ./Core/Src/stm32f4xx_it.o
                0x0800147c                MemManage_Handler
 .text.BusFault_Handler
                0x08001484        0x8 ./Core/Src/stm32f4xx_it.o
                0x08001484                BusFault_Handler
 .text.UsageFault_Handler
                0x0800148c        0x8 ./Core/Src/stm32f4xx_it.o
                0x0800148c                UsageFault_Handler
 .text.DebugMon_Handler
                0x08001494        0xe ./Core/Src/stm32f4xx_it.o
                0x08001494                DebugMon_Handler
 *fill*         0x080014a2        0x2 
 .text.TIM2_IRQHandler
                0x080014a4       0x14 ./Core/Src/stm32f4xx_it.o
                0x080014a4                TIM2_IRQHandler
 .text.SystemInit
                0x080014b8       0x24 ./Core/Src/system_stm32f4xx.o
                0x080014b8                SystemInit
 .text.KeypadScanning
                0x080014dc      0x1e8 ./Core/Src/tasks.o
                0x080014dc                KeypadScanning
 .text.ScreenManager
                0x080016c4       0xec ./Core/Src/tasks.o
                0x080016c4                ScreenManager
 .text.IdleTask
                0x080017b0        0xc ./Core/Src/tasks.o
                0x080017b0                IdleTask
 .text.Reset_Handler
                0x080017bc       0x50 ./Core/Startup/startup_stm32f401retx.o
                0x080017bc                Reset_Handler
 .text.Default_Handler
                0x0800180c        0x2 ./Core/Startup/startup_stm32f401retx.o
                0x0800180c                RTC_Alarm_IRQHandler
                0x0800180c                EXTI2_IRQHandler
                0x0800180c                SPI4_IRQHandler
                0x0800180c                TIM1_CC_IRQHandler
                0x0800180c                DMA2_Stream5_IRQHandler
                0x0800180c                DMA1_Stream5_IRQHandler
                0x0800180c                PVD_IRQHandler
                0x0800180c                SDIO_IRQHandler
                0x0800180c                TAMP_STAMP_IRQHandler
                0x0800180c                EXTI3_IRQHandler
                0x0800180c                TIM1_UP_TIM10_IRQHandler
                0x0800180c                I2C3_ER_IRQHandler
                0x0800180c                EXTI0_IRQHandler
                0x0800180c                I2C2_EV_IRQHandler
                0x0800180c                DMA1_Stream2_IRQHandler
                0x0800180c                FPU_IRQHandler
                0x0800180c                DMA2_Stream2_IRQHandler
                0x0800180c                SPI1_IRQHandler
                0x0800180c                TIM1_BRK_TIM9_IRQHandler
                0x0800180c                DMA2_Stream3_IRQHandler
                0x0800180c                USART6_IRQHandler
                0x0800180c                DMA2_Stream0_IRQHandler
                0x0800180c                TIM4_IRQHandler
                0x0800180c                I2C1_EV_IRQHandler
                0x0800180c                DMA1_Stream6_IRQHandler
                0x0800180c                DMA1_Stream1_IRQHandler
                0x0800180c                TIM3_IRQHandler
                0x0800180c                RCC_IRQHandler
                0x0800180c                Default_Handler
                0x0800180c                EXTI15_10_IRQHandler
                0x0800180c                ADC_IRQHandler
                0x0800180c                DMA1_Stream7_IRQHandler
                0x0800180c                TIM5_IRQHandler
                0x0800180c                DMA2_Stream7_IRQHandler
                0x0800180c                I2C3_EV_IRQHandler
                0x0800180c                EXTI9_5_IRQHandler
                0x0800180c                RTC_WKUP_IRQHandler
                0x0800180c                SPI2_IRQHandler
                0x0800180c                DMA1_Stream0_IRQHandler
                0x0800180c                EXTI4_IRQHandler
                0x0800180c                WWDG_IRQHandler
                0x0800180c                OTG_FS_WKUP_IRQHandler
                0x0800180c                TIM1_TRG_COM_TIM11_IRQHandler
                0x0800180c                EXTI1_IRQHandler
                0x0800180c                USART2_IRQHandler
                0x0800180c                I2C2_ER_IRQHandler
                0x0800180c                DMA2_Stream1_IRQHandler
                0x0800180c                FLASH_IRQHandler
                0x0800180c                DMA2_Stream4_IRQHandler
                0x0800180c                USART1_IRQHandler
                0x0800180c                OTG_FS_IRQHandler
                0x0800180c                SPI3_IRQHandler
                0x0800180c                DMA1_Stream4_IRQHandler
                0x0800180c                I2C1_ER_IRQHandler
                0x0800180c                DMA2_Stream6_IRQHandler
                0x0800180c                DMA1_Stream3_IRQHandler
 *fill*         0x0800180e        0x2 
 .text.HAL_Init
                0x08001810       0x44 ./Drivers/STM32F4xx_HAL_Driver/Src/stm32f4xx_hal.o
                0x08001810                HAL_Init
 .text.HAL_IncTick
                0x08001854       0x28 ./Drivers/STM32F4xx_HAL_Driver/Src/stm32f4xx_hal.o
                0x08001854                HAL_IncTick
 .text.HAL_GetTick
                0x0800187c       0x18 ./Drivers/STM32F4xx_HAL_Driver/Src/stm32f4xx_hal.o
                0x0800187c                HAL_GetTick
 .text.HAL_Delay
                0x08001894       0x48 ./Drivers/STM32F4xx_HAL_Driver/Src/stm32f4xx_hal.o
                0x08001894                HAL_Delay
 .text.__NVIC_SetPriorityGrouping
                0x080018dc       0x48 ./Drivers/STM32F4xx_HAL_Driver/Src/stm32f4xx_hal_cortex.o
 .text.__NVIC_GetPriorityGrouping
                0x08001924       0x1c ./Drivers/STM32F4xx_HAL_Driver/Src/stm32f4xx_hal_cortex.o
 .text.__NVIC_EnableIRQ
                0x08001940       0x3c ./Drivers/STM32F4xx_HAL_Driver/Src/stm32f4xx_hal_cortex.o
 .text.__NVIC_SetPriority
                0x0800197c       0x54 ./Drivers/STM32F4xx_HAL_Driver/Src/stm32f4xx_hal_cortex.o
 .text.NVIC_EncodePriority
                0x080019d0       0x66 ./Drivers/STM32F4xx_HAL_Driver/Src/stm32f4xx_hal_cortex.o
 .text.HAL_NVIC_SetPriorityGrouping
                0x08001a36       0x16 ./Drivers/STM32F4xx_HAL_Driver/Src/stm32f4xx_hal_cortex.o
                0x08001a36                HAL_NVIC_SetPriorityGrouping
 .text.HAL_NVIC_SetPriority
                0x08001a4c       0x38 ./Drivers/STM32F4xx_HAL_Driver/Src/stm32f4xx_hal_cortex.o
                0x08001a4c                HAL_NVIC_SetPriority
 .text.HAL_NVIC_EnableIRQ
                0x08001a84       0x1c ./Drivers/STM32F4xx_HAL_Driver/Src/stm32f4xx_hal_cortex.o
                0x08001a84                HAL_NVIC_EnableIRQ
 .text.HAL_GPIO_Init
                0x08001aa0      0x308 ./Drivers/STM32F4xx_HAL_Driver/Src/stm32f4xx_hal_gpio.o
                0x08001aa0                HAL_GPIO_Init
 .text.HAL_GPIO_ReadPin
                0x08001da8       0x30 ./Drivers/STM32F4xx_HAL_Driver/Src/stm32f4xx_hal_gpio.o
                0x08001da8                HAL_GPIO_ReadPin
 .text.HAL_GPIO_WritePin
                0x08001dd8       0x32 ./Drivers/STM32F4xx_HAL_Driver/Src/stm32f4xx_hal_gpio.o
                0x08001dd8                HAL_GPIO_WritePin
 *fill*         0x08001e0a        0x2 
 .text.HAL_I2C_Init
                0x08001e0c      0x288 ./Drivers/STM32F4xx_HAL_Driver/Src/stm32f4xx_hal_i2c.o
                0x08001e0c                HAL_I2C_Init
 .text.HAL_I2C_Mem_Write
                0x08002094      0x1f4 ./Drivers/STM32F4xx_HAL_Driver/Src/stm32f4xx_hal_i2c.o
                0x08002094                HAL_I2C_Mem_Write
 .text.I2C_RequestMemoryWrite
                0x08002288      0x12c ./Drivers/STM32F4xx_HAL_Driver/Src/stm32f4xx_hal_i2c.o
 .text.I2C_WaitOnFlagUntilTimeout
                0x080023b4       0xf4 ./Drivers/STM32F4xx_HAL_Driver/Src/stm32f4xx_hal_i2c.o
 .text.I2C_WaitOnMasterAddressFlagUntilTimeout
                0x080024a8      0x140 ./Drivers/STM32F4xx_HAL_Driver/Src/stm32f4xx_hal_i2c.o
 .text.I2C_WaitOnTXEFlagUntilTimeout
                0x080025e8       0x90 ./Drivers/STM32F4xx_HAL_Driver/Src/stm32f4xx_hal_i2c.o
 .text.I2C_WaitOnBTFFlagUntilTimeout
                0x08002678       0x90 ./Drivers/STM32F4xx_HAL_Driver/Src/stm32f4xx_hal_i2c.o
 .text.I2C_IsAcknowledgeFailed
                0x08002708       0x5e ./Drivers/STM32F4xx_HAL_Driver/Src/stm32f4xx_hal_i2c.o
 *fill*         0x08002766        0x2 
 .text.HAL_RCC_OscConfig
                0x08002768      0x4f0 ./Drivers/STM32F4xx_HAL_Driver/Src/stm32f4xx_hal_rcc.o
                0x08002768                HAL_RCC_OscConfig
 .text.HAL_RCC_ClockConfig
                0x08002c58      0x1cc ./Drivers/STM32F4xx_HAL_Driver/Src/stm32f4xx_hal_rcc.o
                0x08002c58                HAL_RCC_ClockConfig
 .text.HAL_RCC_GetSysClockFreq
                0x08002e24      0x20c ./Drivers/STM32F4xx_HAL_Driver/Src/stm32f4xx_hal_rcc.o
                0x08002e24                HAL_RCC_GetSysClockFreq
 .text.HAL_RCC_GetHCLKFreq
                0x08003030       0x18 ./Drivers/STM32F4xx_HAL_Driver/Src/stm32f4xx_hal_rcc.o
                0x08003030                HAL_RCC_GetHCLKFreq
 .text.HAL_RCC_GetPCLK1Freq
                0x08003048       0x28 ./Drivers/STM32F4xx_HAL_Driver/Src/stm32f4xx_hal_rcc.o
                0x08003048                HAL_RCC_GetPCLK1Freq
 .text.HAL_RCC_GetPCLK2Freq
                0x08003070       0x28 ./Drivers/STM32F4xx_HAL_Driver/Src/stm32f4xx_hal_rcc.o
                0x08003070                HAL_RCC_GetPCLK2Freq
 .text.HAL_RCC_GetClockConfig
                0x08003098       0x64 ./Drivers/STM32F4xx_HAL_Driver/Src/stm32f4xx_hal_rcc.o
                0x08003098                HAL_RCC_GetClockConfig
 .text.HAL_SPI_Init
                0x080030fc      0x112 ./Drivers/STM32F4xx_HAL_Driver/Src/stm32f4xx_hal_spi.o
                0x080030fc                HAL_SPI_Init
 .text.HAL_TIM_Base_Init
                0x0800320e       0x9e ./Drivers/STM32F4xx_HAL_Driver/Src/stm32f4xx_hal_tim.o
                0x0800320e                HAL_TIM_Base_Init
 .text.HAL_TIM_Base_MspInit
                0x080032ac       0x14 ./Drivers/STM32F4xx_HAL_Driver/Src/stm32f4xx_hal_tim.o
                0x080032ac                HAL_TIM_Base_MspInit
 .text.HAL_TIM_Base_Start_IT
                0x080032c0       0xc4 ./Drivers/STM32F4xx_HAL_Driver/Src/stm32f4xx_hal_tim.o
                0x080032c0                HAL_TIM_Base_Start_IT
 .text.HAL_TIM_IRQHandler
                0x08003384      0x1e0 ./Drivers/STM32F4xx_HAL_Driver/Src/stm32f4xx_hal_tim.o
                0x08003384                HAL_TIM_IRQHandler
 .text.HAL_TIM_OC_DelayElapsedCallback
                0x08003564       0x14 ./Drivers/STM32F4xx_HAL_Driver/Src/stm32f4xx_hal_tim.o
                0x08003564                HAL_TIM_OC_DelayElapsedCallback
 .text.HAL_TIM_IC_CaptureCallback
                0x08003578       0x14 ./Drivers/STM32F4xx_HAL_Driver/Src/stm32f4xx_hal_tim.o
                0x08003578                HAL_TIM_IC_CaptureCallback
 .text.HAL_TIM_PWM_PulseFinishedCallback
                0x0800358c       0x14 ./Drivers/STM32F4xx_HAL_Driver/Src/stm32f4xx_hal_tim.o
                0x0800358c                HAL_TIM_PWM_PulseFinishedCallback
 .text.HAL_TIM_TriggerCallback
                0x080035a0       0x14 ./Drivers/STM32F4xx_HAL_Driver/Src/stm32f4xx_hal_tim.o
                0x080035a0                HAL_TIM_TriggerCallback
 .text.TIM_Base_SetConfig
                0x080035b4      0x118 ./Drivers/STM32F4xx_HAL_Driver/Src/stm32f4xx_hal_tim.o
                0x080035b4                TIM_Base_SetConfig
 .text.HAL_TIMEx_CommutCallback
                0x080036cc       0x14 ./Drivers/STM32F4xx_HAL_Driver/Src/stm32f4xx_hal_tim_ex.o
                0x080036cc                HAL_TIMEx_CommutCallback
 .text.HAL_TIMEx_BreakCallback
                0x080036e0       0x14 ./Drivers/STM32F4xx_HAL_Driver/Src/stm32f4xx_hal_tim_ex.o
                0x080036e0                HAL_TIMEx_BreakCallback
 .text.HAL_UART_Init
                0x080036f4       0xa0 ./Drivers/STM32F4xx_HAL_Driver/Src/stm32f4xx_hal_uart.o
                0x080036f4                HAL_UART_Init
 .text.UART_SetConfig
                0x08003794      0x4e8 ./Drivers/STM32F4xx_HAL_Driver/Src/stm32f4xx_hal_uart.o
 .text.MX_FATFS_Init
                0x08003c7c       0x24 ./FATFS/App/fatfs.o
                0x08003c7c                MX_FATFS_Init
 .text.USER_initialize
                0x08003ca0       0x28 ./FATFS/Target/user_diskio.o
                0x08003ca0                USER_initialize
 .text.USER_status
                0x08003cc8       0x28 ./FATFS/Target/user_diskio.o
                0x08003cc8                USER_status
 .text.USER_read
                0x08003cf0       0x1e ./FATFS/Target/user_diskio.o
                0x08003cf0                USER_read
 .text.USER_write
                0x08003d0e       0x1e ./FATFS/Target/user_diskio.o
                0x08003d0e                USER_write
 .text.USER_ioctl
                0x08003d2c       0x22 ./FATFS/Target/user_diskio.o
                0x08003d2c                USER_ioctl
 *fill*         0x08003d4e        0x2 
 .text.FATFS_LinkDriverEx
                0x08003d50       0x98 ./Middlewares/Third_Party/FatFs/src/ff_gen_drv.o
                0x08003d50                FATFS_LinkDriverEx
 .text.FATFS_LinkDriver
                0x08003de8       0x1e ./Middlewares/Third_Party/FatFs/src/ff_gen_drv.o
                0x08003de8                FATFS_LinkDriver
 .text.vListInitialise
                0x08003e06       0x40 ./Middlewares/Third_Party/FreeRTOS/Source/list.o
                0x08003e06                vListInitialise
 .text.vListInitialiseItem
                0x08003e46       0x1a ./Middlewares/Third_Party/FreeRTOS/Source/list.o
                0x08003e46                vListInitialiseItem
 .text.vListInsertEnd
                0x08003e60       0x48 ./Middlewares/Third_Party/FreeRTOS/Source/list.o
                0x08003e60                vListInsertEnd
 .text.vListInsert
                0x08003ea8       0x72 ./Middlewares/Third_Party/FreeRTOS/Source/list.o
                0x08003ea8                vListInsert
 .text.uxListRemove
                0x08003f1a       0x54 ./Middlewares/Third_Party/FreeRTOS/Source/list.o
                0x08003f1a                uxListRemove
 *fill*         0x08003f6e        0x2 
 .text.xQueueGenericReset
                0x08003f70       0xd4 ./Middlewares/Third_Party/FreeRTOS/Source/queue.o
                0x08003f70                xQueueGenericReset
 .text.xQueueGenericCreate
                0x08004044       0x76 ./Middlewares/Third_Party/FreeRTOS/Source/queue.o
                0x08004044                xQueueGenericCreate
 .text.prvInitialiseNewQueue
                0x080040ba       0x3e ./Middlewares/Third_Party/FreeRTOS/Source/queue.o
 .text.xQueueGenericSend
                0x080040f8      0x204 ./Middlewares/Third_Party/FreeRTOS/Source/queue.o
                0x080040f8                xQueueGenericSend
 .text.xQueueReceive
                0x080042fc      0x1c4 ./Middlewares/Third_Party/FreeRTOS/Source/queue.o
                0x080042fc                xQueueReceive
 .text.prvCopyDataToQueue
                0x080044c0       0xd4 ./Middlewares/Third_Party/FreeRTOS/Source/queue.o
 .text.prvCopyDataFromQueue
                0x08004594       0x4c ./Middlewares/Third_Party/FreeRTOS/Source/queue.o
 .text.prvUnlockQueue
                0x080045e0       0xa4 ./Middlewares/Third_Party/FreeRTOS/Source/queue.o
 .text.prvIsQueueEmpty
                0x08004684       0x2c ./Middlewares/Third_Party/FreeRTOS/Source/queue.o
 .text.prvIsQueueFull
                0x080046b0       0x30 ./Middlewares/Third_Party/FreeRTOS/Source/queue.o
 .text.xTaskCreateStatic
                0x080046e0       0xc0 ./Middlewares/Third_Party/FreeRTOS/Source/tasks.o
                0x080046e0                xTaskCreateStatic
 .text.xTaskCreate
                0x080047a0       0x8a ./Middlewares/Third_Party/FreeRTOS/Source/tasks.o
                0x080047a0                xTaskCreate
 .text.prvInitialiseNewTask
                0x0800482a      0x110 ./Middlewares/Third_Party/FreeRTOS/Source/tasks.o
 *fill*         0x0800493a        0x2 
 .text.prvAddNewTaskToReadyList
                0x0800493c       0xd4 ./Middlewares/Third_Party/FreeRTOS/Source/tasks.o
 .text.vTaskDelay
                0x08004a10       0x6c ./Middlewares/Third_Party/FreeRTOS/Source/tasks.o
                0x08004a10                vTaskDelay
 .text.vTaskStartScheduler
                0x08004a7c       0xc4 ./Middlewares/Third_Party/FreeRTOS/Source/tasks.o
                0x08004a7c                vTaskStartScheduler
 .text.vTaskSuspendAll
                0x08004b40       0x1c ./Middlewares/Third_Party/FreeRTOS/Source/tasks.o
                0x08004b40                vTaskSuspendAll
 .text.xTaskResumeAll
                0x08004b5c      0x13c ./Middlewares/Third_Party/FreeRTOS/Source/tasks.o
                0x08004b5c                xTaskResumeAll
 .text.xTaskGetTickCount
                0x08004c98       0x20 ./Middlewares/Third_Party/FreeRTOS/Source/tasks.o
                0x08004c98                xTaskGetTickCount
 .text.xTaskIncrementTick
                0x08004cb8      0x174 ./Middlewares/Third_Party/FreeRTOS/Source/tasks.o
                0x08004cb8                xTaskIncrementTick
 .text.vTaskSwitchContext
                0x08004e2c       0xb8 ./Middlewares/Third_Party/FreeRTOS/Source/tasks.o
                0x08004e2c                vTaskSwitchContext
 .text.vTaskPlaceOnEventList
                0x08004ee4       0x4c ./Middlewares/Third_Party/FreeRTOS/Source/tasks.o
                0x08004ee4                vTaskPlaceOnEventList
 .text.xTaskRemoveFromEventList
                0x08004f30       0xc8 ./Middlewares/Third_Party/FreeRTOS/Source/tasks.o
                0x08004f30                xTaskRemoveFromEventList
 .text.vTaskInternalSetTimeOutState
                0x08004ff8       0x2c ./Middlewares/Third_Party/FreeRTOS/Source/tasks.o
                0x08004ff8                vTaskInternalSetTimeOutState
 .text.xTaskCheckForTimeOut
                0x08005024       0xc8 ./Middlewares/Third_Party/FreeRTOS/Source/tasks.o
                0x08005024                xTaskCheckForTimeOut
 .text.vTaskMissedYield
                0x080050ec       0x18 ./Middlewares/Third_Party/FreeRTOS/Source/tasks.o
                0x080050ec                vTaskMissedYield
 .text.prvIdleTask
                0x08005104       0x30 ./Middlewares/Third_Party/FreeRTOS/Source/tasks.o
 .text.prvInitialiseTaskLists
                0x08005134       0x80 ./Middlewares/Third_Party/FreeRTOS/Source/tasks.o
 .text.prvCheckTasksWaitingTermination
                0x080051b4       0x5c ./Middlewares/Third_Party/FreeRTOS/Source/tasks.o
 .text.prvDeleteTCB
                0x08005210       0x60 ./Middlewares/Third_Party/FreeRTOS/Source/tasks.o
 .text.prvResetNextTaskUnblockTime
                0x08005270       0x40 ./Middlewares/Third_Party/FreeRTOS/Source/tasks.o
 .text.xTaskGetSchedulerState
                0x080052b0       0x3c ./Middlewares/Third_Party/FreeRTOS/Source/tasks.o
                0x080052b0                xTaskGetSchedulerState
 .text.xTaskPriorityDisinherit
                0x080052ec      0x110 ./Middlewares/Third_Party/FreeRTOS/Source/tasks.o
                0x080052ec                xTaskPriorityDisinherit
 .text.prvAddCurrentTaskToDelayedList
                0x080053fc       0xcc ./Middlewares/Third_Party/FreeRTOS/Source/tasks.o
 .text.pxPortInitialiseStack
                0x080054c8       0x68 ./Middlewares/Third_Party/FreeRTOS/Source/portable/GCC/ARM_CM4F/port.o
                0x080054c8                pxPortInitialiseStack
 .text.prvTaskExitError
                0x08005530       0x5c ./Middlewares/Third_Party/FreeRTOS/Source/portable/GCC/ARM_CM4F/port.o
 *fill*         0x0800558c        0x4 
 .text.SVC_Handler
                0x08005590       0x28 ./Middlewares/Third_Party/FreeRTOS/Source/portable/GCC/ARM_CM4F/port.o
                0x08005590                SVC_Handler
 .text.prvPortStartFirstTask
                0x080055b8       0x28 ./Middlewares/Third_Party/FreeRTOS/Source/portable/GCC/ARM_CM4F/port.o
 .text.xPortStartScheduler
                0x080055e0      0x148 ./Middlewares/Third_Party/FreeRTOS/Source/portable/GCC/ARM_CM4F/port.o
                0x080055e0                xPortStartScheduler
 .text.vPortEnterCritical
                0x08005728       0x64 ./Middlewares/Third_Party/FreeRTOS/Source/portable/GCC/ARM_CM4F/port.o
                0x08005728                vPortEnterCritical
 .text.vPortExitCritical
                0x0800578c       0x54 ./Middlewares/Third_Party/FreeRTOS/Source/portable/GCC/ARM_CM4F/port.o
                0x0800578c                vPortExitCritical
 .text.PendSV_Handler
                0x080057e0       0x68 ./Middlewares/Third_Party/FreeRTOS/Source/portable/GCC/ARM_CM4F/port.o
                0x080057e0                PendSV_Handler
 .text.SysTick_Handler
                0x08005848       0x44 ./Middlewares/Third_Party/FreeRTOS/Source/portable/GCC/ARM_CM4F/port.o
                0x08005848                SysTick_Handler
 .text.vPortSetupTimerInterrupt
                0x0800588c       0x48 ./Middlewares/Third_Party/FreeRTOS/Source/portable/GCC/ARM_CM4F/port.o
                0x0800588c                vPortSetupTimerInterrupt
 .text.vPortEnableVFP
                0x080058d4       0x14 ./Middlewares/Third_Party/FreeRTOS/Source/portable/GCC/ARM_CM4F/port.o
 .text.pvPortMalloc
                0x080058e8      0x19c ./Middlewares/Third_Party/FreeRTOS/Source/portable/MemMang/heap_4.o
                0x080058e8                pvPortMalloc
 .text.vPortFree
                0x08005a84       0xc8 ./Middlewares/Third_Party/FreeRTOS/Source/portable/MemMang/heap_4.o
                0x08005a84                vPortFree
 .text.prvHeapInit
                0x08005b4c       0xc4 ./Middlewares/Third_Party/FreeRTOS/Source/portable/MemMang/heap_4.o
 .text.prvInsertBlockIntoFreeList
                0x08005c10       0xb4 ./Middlewares/Third_Party/FreeRTOS/Source/portable/MemMang/heap_4.o
 .text.memset   0x08005cc4       0x10 C:/ST/STM32CubeIDE_1.15.1/STM32CubeIDE/plugins/com.st.stm32cube.ide.mcu.externaltools.gnu-tools-for-stm32.12.3.rel1.win32_1.0.100.202403111256/tools/bin/../lib/gcc/arm-none-eabi/12.3.1/../../../../arm-none-eabi/lib/thumb/v7e-m+fp/hard\libc_nano.a(libc_a-memset.o)
                0x08005cc4                memset
 .text.__libc_init_array
                0x08005cd4       0x48 C:/ST/STM32CubeIDE_1.15.1/STM32CubeIDE/plugins/com.st.stm32cube.ide.mcu.externaltools.gnu-tools-for-stm32.12.3.rel1.win32_1.0.100.202403111256/tools/bin/../lib/gcc/arm-none-eabi/12.3.1/../../../../arm-none-eabi/lib/thumb/v7e-m+fp/hard\libc_nano.a(libc_a-init.o)
                0x08005cd4                __libc_init_array
 .text.memcpy   0x08005d1c       0x1c C:/ST/STM32CubeIDE_1.15.1/STM32CubeIDE/plugins/com.st.stm32cube.ide.mcu.externaltools.gnu-tools-for-stm32.12.3.rel1.win32_1.0.100.202403111256/tools/bin/../lib/gcc/arm-none-eabi/12.3.1/../../../../arm-none-eabi/lib/thumb/v7e-m+fp/hard\libc_nano.a(libc_a-memcpy-stub.o)
                0x08005d1c                memcpy
 *(.glue_7)
 .glue_7        0x08005d38        0x0 linker stubs
 *(.glue_7t)
 .glue_7t       0x08005d38        0x0 linker stubs
 *(.eh_frame)
 .eh_frame      0x08005d38        0x0 C:/ST/STM32CubeIDE_1.15.1/STM32CubeIDE/plugins/com.st.stm32cube.ide.mcu.externaltools.gnu-tools-for-stm32.12.3.rel1.win32_1.0.100.202403111256/tools/bin/../lib/gcc/arm-none-eabi/12.3.1/thumb/v7e-m+fp/hard/crtbegin.o
 *(.init)
 .init          0x08005d38        0x4 C:/ST/STM32CubeIDE_1.15.1/STM32CubeIDE/plugins/com.st.stm32cube.ide.mcu.externaltools.gnu-tools-for-stm32.12.3.rel1.win32_1.0.100.202403111256/tools/bin/../lib/gcc/arm-none-eabi/12.3.1/thumb/v7e-m+fp/hard/crti.o
                0x08005d38                _init
 .init          0x08005d3c        0x8 C:/ST/STM32CubeIDE_1.15.1/STM32CubeIDE/plugins/com.st.stm32cube.ide.mcu.externaltools.gnu-tools-for-stm32.12.3.rel1.win32_1.0.100.202403111256/tools/bin/../lib/gcc/arm-none-eabi/12.3.1/thumb/v7e-m+fp/hard/crtn.o
 *(.fini)
 .fini          0x08005d44        0x4 C:/ST/STM32CubeIDE_1.15.1/STM32CubeIDE/plugins/com.st.stm32cube.ide.mcu.externaltools.gnu-tools-for-stm32.12.3.rel1.win32_1.0.100.202403111256/tools/bin/../lib/gcc/arm-none-eabi/12.3.1/thumb/v7e-m+fp/hard/crti.o
                0x08005d44                _fini
 .fini          0x08005d48        0x8 C:/ST/STM32CubeIDE_1.15.1/STM32CubeIDE/plugins/com.st.stm32cube.ide.mcu.externaltools.gnu-tools-for-stm32.12.3.rel1.win32_1.0.100.202403111256/tools/bin/../lib/gcc/arm-none-eabi/12.3.1/thumb/v7e-m+fp/hard/crtn.o
                0x08005d50                        . = ALIGN (0x4)
                0x08005d50                        _etext = .

.vfp11_veneer   0x08005d50        0x0
 .vfp11_veneer  0x08005d50        0x0 linker stubs

.v4_bx          0x08005d50        0x0
 .v4_bx         0x08005d50        0x0 linker stubs

.iplt           0x08005d50        0x0
 .iplt          0x08005d50        0x0 C:/ST/STM32CubeIDE_1.15.1/STM32CubeIDE/plugins/com.st.stm32cube.ide.mcu.externaltools.gnu-tools-for-stm32.12.3.rel1.win32_1.0.100.202403111256/tools/bin/../lib/gcc/arm-none-eabi/12.3.1/thumb/v7e-m+fp/hard/crtbegin.o

.rodata         0x08005d50     0x2170
                0x08005d50                        . = ALIGN (0x4)
 *(.rodata)
 .rodata        0x08005d50       0x20 ./Core/Src/Device_Drivers_src/keypad.o
 .rodata        0x08005d70       0x42 ./Core/Src/Device_Drivers_src/screen.o
 *fill*         0x08005db2        0x2 
 .rodata        0x08005db4       0x23 ./Core/Src/main.o
 *fill*         0x08005dd7        0x1 
 .rodata        0x08005dd8        0x6 ./Core/Src/tasks.o
 *fill*         0x08005dde        0x2 
 .rodata        0x08005de0        0x5 ./Middlewares/Third_Party/FreeRTOS/Source/tasks.o
 *(.rodata*)
 *fill*         0x08005de5        0x3 
 .rodata.Font11x18
                0x08005de8      0xd5c ./Core/Src/Device_Drivers_src/ssd1306_fonts.o
 .rodata.Font16x26
                0x08006b44     0x134c ./Core/Src/Device_Drivers_src/ssd1306_fonts.o
 .rodata.Font_11x18
                0x08007e90        0xc ./Core/Src/Device_Drivers_src/ssd1306_fonts.o
                0x08007e90                Font_11x18
 .rodata.Font_16x26
                0x08007e9c        0xc ./Core/Src/Device_Drivers_src/ssd1306_fonts.o
                0x08007e9c                Font_16x26
 .rodata.AHBPrescTable
                0x08007ea8       0x10 ./Core/Src/system_stm32f4xx.o
                0x08007ea8                AHBPrescTable
 .rodata.APBPrescTable
                0x08007eb8        0x8 ./Core/Src/system_stm32f4xx.o
                0x08007eb8                APBPrescTable
                0x08007ec0                        . = ALIGN (0x4)

.ARM.extab      0x08007ec0        0x0
                0x08007ec0                        . = ALIGN (0x4)
 *(.ARM.extab* .gnu.linkonce.armextab.*)
                0x08007ec0                        . = ALIGN (0x4)

.ARM            0x08007ec0        0x8
                0x08007ec0                        . = ALIGN (0x4)
                0x08007ec0                        __exidx_start = .
 *(.ARM.exidx*)
 .ARM.exidx     0x08007ec0        0x8 C:/ST/STM32CubeIDE_1.15.1/STM32CubeIDE/plugins/com.st.stm32cube.ide.mcu.externaltools.gnu-tools-for-stm32.12.3.rel1.win32_1.0.100.202403111256/tools/bin/../lib/gcc/arm-none-eabi/12.3.1/thumb/v7e-m+fp/hard\libgcc.a(_udivmoddi4.o)
                0x08007ec8                        __exidx_end = .
                0x08007ec8                        . = ALIGN (0x4)

.preinit_array  0x08007ec8        0x0
                0x08007ec8                        . = ALIGN (0x4)
                0x08007ec8                        PROVIDE (__preinit_array_start = .)
 *(.preinit_array*)
                0x08007ec8                        PROVIDE (__preinit_array_end = .)
                0x08007ec8                        . = ALIGN (0x4)

.init_array     0x08007ec8        0x4
                0x08007ec8                        . = ALIGN (0x4)
                0x08007ec8                        PROVIDE (__init_array_start = .)
 *(SORT_BY_NAME(.init_array.*))
 *(.init_array*)
 .init_array    0x08007ec8        0x4 C:/ST/STM32CubeIDE_1.15.1/STM32CubeIDE/plugins/com.st.stm32cube.ide.mcu.externaltools.gnu-tools-for-stm32.12.3.rel1.win32_1.0.100.202403111256/tools/bin/../lib/gcc/arm-none-eabi/12.3.1/thumb/v7e-m+fp/hard/crtbegin.o
                0x08007ecc                        PROVIDE (__init_array_end = .)
                0x08007ecc                        . = ALIGN (0x4)

.fini_array     0x08007ecc        0x4
                0x08007ecc                        . = ALIGN (0x4)
                [!provide]                        PROVIDE (__fini_array_start = .)
 *(SORT_BY_NAME(.fini_array.*))
 *(.fini_array*)
 .fini_array    0x08007ecc        0x4 C:/ST/STM32CubeIDE_1.15.1/STM32CubeIDE/plugins/com.st.stm32cube.ide.mcu.externaltools.gnu-tools-for-stm32.12.3.rel1.win32_1.0.100.202403111256/tools/bin/../lib/gcc/arm-none-eabi/12.3.1/thumb/v7e-m+fp/hard/crtbegin.o
                [!provide]                        PROVIDE (__fini_array_end = .)
                0x08007ed0                        . = ALIGN (0x4)
                0x08007ed0                        _sidata = LOADADDR (.data)

.rel.dyn        0x08007ed0        0x0
 .rel.iplt      0x08007ed0        0x0 C:/ST/STM32CubeIDE_1.15.1/STM32CubeIDE/plugins/com.st.stm32cube.ide.mcu.externaltools.gnu-tools-for-stm32.12.3.rel1.win32_1.0.100.202403111256/tools/bin/../lib/gcc/arm-none-eabi/12.3.1/thumb/v7e-m+fp/hard/crtbegin.o

.data           0x20000000       0x24 load address 0x08007ed0
                0x20000000                        . = ALIGN (0x4)
                0x20000000                        _sdata = .
 *(.data)
 *(.data*)
 .data.SystemCoreClock
                0x20000000        0x4 ./Core/Src/system_stm32f4xx.o
                0x20000000                SystemCoreClock
 .data.uwTickPrio
                0x20000004        0x4 ./Drivers/STM32F4xx_HAL_Driver/Src/stm32f4xx_hal.o
                0x20000004                uwTickPrio
 .data.uwTickFreq
                0x20000008        0x1 ./Drivers/STM32F4xx_HAL_Driver/Src/stm32f4xx_hal.o
                0x20000008                uwTickFreq
 .data.Stat     0x20000009        0x1 ./FATFS/Target/user_diskio.o
 *fill*         0x2000000a        0x2 
 .data.USER_Driver
                0x2000000c       0x14 ./FATFS/Target/user_diskio.o
                0x2000000c                USER_Driver
 .data.uxCriticalNesting
                0x20000020        0x4 ./Middlewares/Third_Party/FreeRTOS/Source/portable/GCC/ARM_CM4F/port.o
 *(.RamFunc)
 *(.RamFunc*)
                0x20000024                        . = ALIGN (0x4)
                0x20000024                        _edata = .

.igot.plt       0x20000024        0x0 load address 0x08007ef4
 .igot.plt      0x20000024        0x0 C:/ST/STM32CubeIDE_1.15.1/STM32CubeIDE/plugins/com.st.stm32cube.ide.mcu.externaltools.gnu-tools-for-stm32.12.3.rel1.win32_1.0.100.202403111256/tools/bin/../lib/gcc/arm-none-eabi/12.3.1/thumb/v7e-m+fp/hard/crtbegin.o
                0x20000024                        . = ALIGN (0x4)

.bss            0x20000024     0x4530 load address 0x08007ef4
                0x20000024                        _sbss = .
                0x20000024                        __bss_start__ = _sbss
 *(.bss)
 .bss           0x20000024       0x1c C:/ST/STM32CubeIDE_1.15.1/STM32CubeIDE/plugins/com.st.stm32cube.ide.mcu.externaltools.gnu-tools-for-stm32.12.3.rel1.win32_1.0.100.202403111256/tools/bin/../lib/gcc/arm-none-eabi/12.3.1/thumb/v7e-m+fp/hard/crtbegin.o
 *(.bss*)
 .bss.SSD1306_Buffer
                0x20000040      0x400 ./Core/Src/Device_Drivers_src/ssd1306.o
 .bss.SSD1306   0x20000440        0x6 ./Core/Src/Device_Drivers_src/ssd1306.o
 *fill*         0x20000446        0x2 
 .bss.xIdleTaskTCBBuffer
                0x20000448       0x54 ./Core/Src/freertos.o
 .bss.xIdleStack
                0x2000049c      0x200 ./Core/Src/freertos.o
 .bss.hi2c1     0x2000069c       0x54 ./Core/Src/main.o
                0x2000069c                hi2c1
 .bss.hspi3     0x200006f0       0x58 ./Core/Src/main.o
                0x200006f0                hspi3
 .bss.huart2    0x20000748       0x48 ./Core/Src/main.o
                0x20000748                huart2
 .bss.uiQueue   0x20000790        0x4 ./Core/Src/main.o
                0x20000790                uiQueue
 .bss.htim2     0x20000794       0x48 ./Core/Src/stm32f4xx_hal_timebase_tim.o
                0x20000794                htim2
 .bss.StateMachine
                0x200007dc        0xc ./Core/Src/tasks.o
                0x200007dc                StateMachine
 .bss.uwTick    0x200007e8        0x4 ./Drivers/STM32F4xx_HAL_Driver/Src/stm32f4xx_hal.o
                0x200007e8                uwTick
 .bss.retUSER   0x200007ec        0x1 ./FATFS/App/fatfs.o
                0x200007ec                retUSER
 *fill*         0x200007ed        0x3 
 .bss.USERPath  0x200007f0        0x4 ./FATFS/App/fatfs.o
                0x200007f0                USERPath
 .bss.disk      0x200007f4        0xc ./Middlewares/Third_Party/FatFs/src/ff_gen_drv.o
                0x200007f4                disk
 .bss.pxCurrentTCB
                0x20000800        0x4 ./Middlewares/Third_Party/FreeRTOS/Source/tasks.o
                0x20000800                pxCurrentTCB
 .bss.pxReadyTasksLists
                0x20000804       0x8c ./Middlewares/Third_Party/FreeRTOS/Source/tasks.o
 .bss.xDelayedTaskList1
                0x20000890       0x14 ./Middlewares/Third_Party/FreeRTOS/Source/tasks.o
 .bss.xDelayedTaskList2
                0x200008a4       0x14 ./Middlewares/Third_Party/FreeRTOS/Source/tasks.o
 .bss.pxDelayedTaskList
                0x200008b8        0x4 ./Middlewares/Third_Party/FreeRTOS/Source/tasks.o
 .bss.pxOverflowDelayedTaskList
                0x200008bc        0x4 ./Middlewares/Third_Party/FreeRTOS/Source/tasks.o
 .bss.xPendingReadyList
                0x200008c0       0x14 ./Middlewares/Third_Party/FreeRTOS/Source/tasks.o
 .bss.xTasksWaitingTermination
                0x200008d4       0x14 ./Middlewares/Third_Party/FreeRTOS/Source/tasks.o
 .bss.uxDeletedTasksWaitingCleanUp
                0x200008e8        0x4 ./Middlewares/Third_Party/FreeRTOS/Source/tasks.o
 .bss.xSuspendedTaskList
                0x200008ec       0x14 ./Middlewares/Third_Party/FreeRTOS/Source/tasks.o
 .bss.uxCurrentNumberOfTasks
                0x20000900        0x4 ./Middlewares/Third_Party/FreeRTOS/Source/tasks.o
 .bss.xTickCount
                0x20000904        0x4 ./Middlewares/Third_Party/FreeRTOS/Source/tasks.o
 .bss.uxTopReadyPriority
                0x20000908        0x4 ./Middlewares/Third_Party/FreeRTOS/Source/tasks.o
 .bss.xSchedulerRunning
                0x2000090c        0x4 ./Middlewares/Third_Party/FreeRTOS/Source/tasks.o
 .bss.xPendedTicks
                0x20000910        0x4 ./Middlewares/Third_Party/FreeRTOS/Source/tasks.o
 .bss.xYieldPending
                0x20000914        0x4 ./Middlewares/Third_Party/FreeRTOS/Source/tasks.o
 .bss.xNumOfOverflows
                0x20000918        0x4 ./Middlewares/Third_Party/FreeRTOS/Source/tasks.o
 .bss.uxTaskNumber
                0x2000091c        0x4 ./Middlewares/Third_Party/FreeRTOS/Source/tasks.o
 .bss.xNextTaskUnblockTime
                0x20000920        0x4 ./Middlewares/Third_Party/FreeRTOS/Source/tasks.o
 .bss.xIdleTaskHandle
                0x20000924        0x4 ./Middlewares/Third_Party/FreeRTOS/Source/tasks.o
 .bss.uxSchedulerSuspended
                0x20000928        0x4 ./Middlewares/Third_Party/FreeRTOS/Source/tasks.o
 .bss.ucMaxSysCallPriority
                0x2000092c        0x1 ./Middlewares/Third_Party/FreeRTOS/Source/portable/GCC/ARM_CM4F/port.o
 *fill*         0x2000092d        0x3 
 .bss.ulMaxPRIGROUPValue
                0x20000930        0x4 ./Middlewares/Third_Party/FreeRTOS/Source/portable/GCC/ARM_CM4F/port.o
 .bss.ucHeap    0x20000934     0x3c00 ./Middlewares/Third_Party/FreeRTOS/Source/portable/MemMang/heap_4.o
 .bss.xStart    0x20004534        0x8 ./Middlewares/Third_Party/FreeRTOS/Source/portable/MemMang/heap_4.o
 .bss.pxEnd     0x2000453c        0x4 ./Middlewares/Third_Party/FreeRTOS/Source/portable/MemMang/heap_4.o
 .bss.xFreeBytesRemaining
                0x20004540        0x4 ./Middlewares/Third_Party/FreeRTOS/Source/portable/MemMang/heap_4.o
 .bss.xMinimumEverFreeBytesRemaining
                0x20004544        0x4 ./Middlewares/Third_Party/FreeRTOS/Source/portable/MemMang/heap_4.o
 .bss.xNumberOfSuccessfulAllocations
                0x20004548        0x4 ./Middlewares/Third_Party/FreeRTOS/Source/portable/MemMang/heap_4.o
 .bss.xNumberOfSuccessfulFrees
                0x2000454c        0x4 ./Middlewares/Third_Party/FreeRTOS/Source/portable/MemMang/heap_4.o
 .bss.xBlockAllocatedBit
                0x20004550        0x4 ./Middlewares/Third_Party/FreeRTOS/Source/portable/MemMang/heap_4.o
 *(COMMON)
                0x20004554                        . = ALIGN (0x4)
                0x20004554                        _ebss = .
                0x20004554                        __bss_end__ = _ebss

._user_heap_stack
                0x20004554      0x604 load address 0x08007ef4
                0x20004558                        . = ALIGN (0x8)
 *fill*         0x20004554        0x4 
                [!provide]                        PROVIDE (end = .)
                0x20004558                        PROVIDE (_end = .)
                0x20004758                        . = (. + _Min_Heap_Size)
 *fill*         0x20004558      0x200 
                0x20004b58                        . = (. + _Min_Stack_Size)
 *fill*         0x20004758      0x400 
                0x20004b58                        . = ALIGN (0x8)

/DISCARD/
 libc.a(*)
 libm.a(*)
 libgcc.a(*)

.ARM.attributes
                0x00000000       0x30
 *(.ARM.attributes)
 .ARM.attributes
                0x00000000       0x22 C:/ST/STM32CubeIDE_1.15.1/STM32CubeIDE/plugins/com.st.stm32cube.ide.mcu.externaltools.gnu-tools-for-stm32.12.3.rel1.win32_1.0.100.202403111256/tools/bin/../lib/gcc/arm-none-eabi/12.3.1/thumb/v7e-m+fp/hard/crti.o
 .ARM.attributes
                0x00000022       0x34 C:/ST/STM32CubeIDE_1.15.1/STM32CubeIDE/plugins/com.st.stm32cube.ide.mcu.externaltools.gnu-tools-for-stm32.12.3.rel1.win32_1.0.100.202403111256/tools/bin/../lib/gcc/arm-none-eabi/12.3.1/thumb/v7e-m+fp/hard/crtbegin.o
 .ARM.attributes
                0x00000056       0x34 ./Core/Src/Device_Drivers_src/keypad.o
 .ARM.attributes
                0x0000008a       0x34 ./Core/Src/Device_Drivers_src/screen.o
 .ARM.attributes
                0x000000be       0x34 ./Core/Src/Device_Drivers_src/ssd1306.o
 .ARM.attributes
                0x000000f2       0x34 ./Core/Src/Device_Drivers_src/ssd1306_fonts.o
 .ARM.attributes
                0x00000126       0x34 ./Core/Src/freertos.o
 .ARM.attributes
                0x0000015a       0x34 ./Core/Src/main.o
 .ARM.attributes
                0x0000018e       0x34 ./Core/Src/stm32f4xx_hal_msp.o
 .ARM.attributes
                0x000001c2       0x34 ./Core/Src/stm32f4xx_hal_timebase_tim.o
 .ARM.attributes
                0x000001f6       0x34 ./Core/Src/stm32f4xx_it.o
 .ARM.attributes
                0x0000022a       0x34 ./Core/Src/system_stm32f4xx.o
 .ARM.attributes
                0x0000025e       0x34 ./Core/Src/tasks.o
 .ARM.attributes
                0x00000292       0x21 ./Core/Startup/startup_stm32f401retx.o
 .ARM.attributes
                0x000002b3       0x34 ./Drivers/STM32F4xx_HAL_Driver/Src/stm32f4xx_hal.o
 .ARM.attributes
                0x000002e7       0x34 ./Drivers/STM32F4xx_HAL_Driver/Src/stm32f4xx_hal_cortex.o
 .ARM.attributes
                0x0000031b       0x34 ./Drivers/STM32F4xx_HAL_Driver/Src/stm32f4xx_hal_gpio.o
 .ARM.attributes
                0x0000034f       0x34 ./Drivers/STM32F4xx_HAL_Driver/Src/stm32f4xx_hal_i2c.o
 .ARM.attributes
                0x00000383       0x34 ./Drivers/STM32F4xx_HAL_Driver/Src/stm32f4xx_hal_rcc.o
 .ARM.attributes
                0x000003b7       0x34 ./Drivers/STM32F4xx_HAL_Driver/Src/stm32f4xx_hal_spi.o
 .ARM.attributes
                0x000003eb       0x34 ./Drivers/STM32F4xx_HAL_Driver/Src/stm32f4xx_hal_tim.o
 .ARM.attributes
                0x0000041f       0x34 ./Drivers/STM32F4xx_HAL_Driver/Src/stm32f4xx_hal_tim_ex.o
 .ARM.attributes
                0x00000453       0x34 ./Drivers/STM32F4xx_HAL_Driver/Src/stm32f4xx_hal_uart.o
 .ARM.attributes
                0x00000487       0x34 ./FATFS/App/fatfs.o
 .ARM.attributes
                0x000004bb       0x34 ./FATFS/Target/user_diskio.o
 .ARM.attributes
                0x000004ef       0x34 ./Middlewares/Third_Party/FatFs/src/ff_gen_drv.o
 .ARM.attributes
                0x00000523       0x34 ./Middlewares/Third_Party/FreeRTOS/Source/list.o
 .ARM.attributes
                0x00000557       0x34 ./Middlewares/Third_Party/FreeRTOS/Source/queue.o
 .ARM.attributes
                0x0000058b       0x34 ./Middlewares/Third_Party/FreeRTOS/Source/tasks.o
 .ARM.attributes
                0x000005bf       0x34 ./Middlewares/Third_Party/FreeRTOS/Source/portable/GCC/ARM_CM4F/port.o
 .ARM.attributes
                0x000005f3       0x34 ./Middlewares/Third_Party/FreeRTOS/Source/portable/MemMang/heap_4.o
 .ARM.attributes
                0x00000627       0x34 C:/ST/STM32CubeIDE_1.15.1/STM32CubeIDE/plugins/com.st.stm32cube.ide.mcu.externaltools.gnu-tools-for-stm32.12.3.rel1.win32_1.0.100.202403111256/tools/bin/../lib/gcc/arm-none-eabi/12.3.1/../../../../arm-none-eabi/lib/thumb/v7e-m+fp/hard\libc_nano.a(libc_a-memset.o)
 .ARM.attributes
                0x0000065b       0x34 C:/ST/STM32CubeIDE_1.15.1/STM32CubeIDE/plugins/com.st.stm32cube.ide.mcu.externaltools.gnu-tools-for-stm32.12.3.rel1.win32_1.0.100.202403111256/tools/bin/../lib/gcc/arm-none-eabi/12.3.1/../../../../arm-none-eabi/lib/thumb/v7e-m+fp/hard\libc_nano.a(libc_a-init.o)
 .ARM.attributes
                0x0000068f       0x34 C:/ST/STM32CubeIDE_1.15.1/STM32CubeIDE/plugins/com.st.stm32cube.ide.mcu.externaltools.gnu-tools-for-stm32.12.3.rel1.win32_1.0.100.202403111256/tools/bin/../lib/gcc/arm-none-eabi/12.3.1/../../../../arm-none-eabi/lib/thumb/v7e-m+fp/hard\libc_nano.a(libc_a-memcpy-stub.o)
 .ARM.attributes
                0x000006c3       0x22 C:/ST/STM32CubeIDE_1.15.1/STM32CubeIDE/plugins/com.st.stm32cube.ide.mcu.externaltools.gnu-tools-for-stm32.12.3.rel1.win32_1.0.100.202403111256/tools/bin/../lib/gcc/arm-none-eabi/12.3.1/thumb/v7e-m+fp/hard\libgcc.a(_aeabi_uldivmod.o)
 .ARM.attributes
                0x000006e5       0x34 C:/ST/STM32CubeIDE_1.15.1/STM32CubeIDE/plugins/com.st.stm32cube.ide.mcu.externaltools.gnu-tools-for-stm32.12.3.rel1.win32_1.0.100.202403111256/tools/bin/../lib/gcc/arm-none-eabi/12.3.1/thumb/v7e-m+fp/hard\libgcc.a(_udivmoddi4.o)
 .ARM.attributes
                0x00000719       0x22 C:/ST/STM32CubeIDE_1.15.1/STM32CubeIDE/plugins/com.st.stm32cube.ide.mcu.externaltools.gnu-tools-for-stm32.12.3.rel1.win32_1.0.100.202403111256/tools/bin/../lib/gcc/arm-none-eabi/12.3.1/thumb/v7e-m+fp/hard\libgcc.a(_dvmd_tls.o)
 .ARM.attributes
                0x0000073b       0x22 C:/ST/STM32CubeIDE_1.15.1/STM32CubeIDE/plugins/com.st.stm32cube.ide.mcu.externaltools.gnu-tools-for-stm32.12.3.rel1.win32_1.0.100.202403111256/tools/bin/../lib/gcc/arm-none-eabi/12.3.1/thumb/v7e-m+fp/hard/crtn.o
OUTPUT(EDIII_Control_Acceso.elf elf32-littlearm)
LOAD linker stubs
LOAD C:/ST/STM32CubeIDE_1.15.1/STM32CubeIDE/plugins/com.st.stm32cube.ide.mcu.externaltools.gnu-tools-for-stm32.12.3.rel1.win32_1.0.100.202403111256/tools/bin/../lib/gcc/arm-none-eabi/12.3.1/../../../../arm-none-eabi/lib/thumb/v7e-m+fp/hard\libc.a
LOAD C:/ST/STM32CubeIDE_1.15.1/STM32CubeIDE/plugins/com.st.stm32cube.ide.mcu.externaltools.gnu-tools-for-stm32.12.3.rel1.win32_1.0.100.202403111256/tools/bin/../lib/gcc/arm-none-eabi/12.3.1/../../../../arm-none-eabi/lib/thumb/v7e-m+fp/hard\libm.a
LOAD C:/ST/STM32CubeIDE_1.15.1/STM32CubeIDE/plugins/com.st.stm32cube.ide.mcu.externaltools.gnu-tools-for-stm32.12.3.rel1.win32_1.0.100.202403111256/tools/bin/../lib/gcc/arm-none-eabi/12.3.1/thumb/v7e-m+fp/hard\libgcc.a

.debug_info     0x00000000    0x17d8e
 .debug_info    0x00000000      0x4b0 ./Core/Src/Device_Drivers_src/keypad.o
 .debug_info    0x000004b0      0x267 ./Core/Src/Device_Drivers_src/screen.o
 .debug_info    0x00000717     0x12a2 ./Core/Src/Device_Drivers_src/ssd1306.o
 .debug_info    0x000019b9      0x2a4 ./Core/Src/Device_Drivers_src/ssd1306_fonts.o
 .debug_info    0x00001c5d      0x279 ./Core/Src/freertos.o
 .debug_info    0x00001ed6     0x16a2 ./Core/Src/main.o
 .debug_info    0x00003578     0x10ed ./Core/Src/stm32f4xx_hal_msp.o
 .debug_info    0x00004665      0xb7d ./Core/Src/stm32f4xx_hal_timebase_tim.o
 .debug_info    0x000051e2      0x6a4 ./Core/Src/stm32f4xx_it.o
 .debug_info    0x00005886      0x53e ./Core/Src/system_stm32f4xx.o
 .debug_info    0x00005dc4      0x4df ./Core/Src/tasks.o
 .debug_info    0x000062a3       0x30 ./Core/Startup/startup_stm32f401retx.o
 .debug_info    0x000062d3      0x8bb ./Drivers/STM32F4xx_HAL_Driver/Src/stm32f4xx_hal.o
 .debug_info    0x00006b8e      0xcc1 ./Drivers/STM32F4xx_HAL_Driver/Src/stm32f4xx_hal_cortex.o
 .debug_info    0x0000784f      0x6f9 ./Drivers/STM32F4xx_HAL_Driver/Src/stm32f4xx_hal_gpio.o
 .debug_info    0x00007f48     0x2426 ./Drivers/STM32F4xx_HAL_Driver/Src/stm32f4xx_hal_i2c.o
 .debug_info    0x0000a36e      0x8f3 ./Drivers/STM32F4xx_HAL_Driver/Src/stm32f4xx_hal_rcc.o
 .debug_info    0x0000ac61     0x1606 ./Drivers/STM32F4xx_HAL_Driver/Src/stm32f4xx_hal_spi.o
 .debug_info    0x0000c267     0x2996 ./Drivers/STM32F4xx_HAL_Driver/Src/stm32f4xx_hal_tim.o
 .debug_info    0x0000ebfd     0x14d4 ./Drivers/STM32F4xx_HAL_Driver/Src/stm32f4xx_hal_tim_ex.o
 .debug_info    0x000100d1     0x2f56 ./Drivers/STM32F4xx_HAL_Driver/Src/stm32f4xx_hal_uart.o
 .debug_info    0x00013027      0x518 ./FATFS/App/fatfs.o
 .debug_info    0x0001353f      0x328 ./FATFS/Target/user_diskio.o
 .debug_info    0x00013867      0x37f ./Middlewares/Third_Party/FatFs/src/ff_gen_drv.o
 .debug_info    0x00013be6      0x2af ./Middlewares/Third_Party/FreeRTOS/Source/list.o
 .debug_info    0x00013e95     0x17cd ./Middlewares/Third_Party/FreeRTOS/Source/queue.o
 .debug_info    0x00015662     0x1d79 ./Middlewares/Third_Party/FreeRTOS/Source/tasks.o
 .debug_info    0x000173db      0x4de ./Middlewares/Third_Party/FreeRTOS/Source/portable/GCC/ARM_CM4F/port.o
 .debug_info    0x000178b9      0x4d5 ./Middlewares/Third_Party/FreeRTOS/Source/portable/MemMang/heap_4.o

.debug_abbrev   0x00000000     0x3c2f
 .debug_abbrev  0x00000000      0x1fc ./Core/Src/Device_Drivers_src/keypad.o
 .debug_abbrev  0x000001fc      0x131 ./Core/Src/Device_Drivers_src/screen.o
 .debug_abbrev  0x0000032d      0x351 ./Core/Src/Device_Drivers_src/ssd1306.o
 .debug_abbrev  0x0000067e       0xcf ./Core/Src/Device_Drivers_src/ssd1306_fonts.o
 .debug_abbrev  0x0000074d       0xd2 ./Core/Src/freertos.o
 .debug_abbrev  0x0000081f      0x319 ./Core/Src/main.o
 .debug_abbrev  0x00000b38      0x1f5 ./Core/Src/stm32f4xx_hal_msp.o
 .debug_abbrev  0x00000d2d      0x207 ./Core/Src/stm32f4xx_hal_timebase_tim.o
 .debug_abbrev  0x00000f34      0x190 ./Core/Src/stm32f4xx_it.o
 .debug_abbrev  0x000010c4      0x11a ./Core/Src/system_stm32f4xx.o
 .debug_abbrev  0x000011de      0x1fc ./Core/Src/tasks.o
 .debug_abbrev  0x000013da       0x24 ./Core/Startup/startup_stm32f401retx.o
 .debug_abbrev  0x000013fe      0x24b ./Drivers/STM32F4xx_HAL_Driver/Src/stm32f4xx_hal.o
 .debug_abbrev  0x00001649      0x328 ./Drivers/STM32F4xx_HAL_Driver/Src/stm32f4xx_hal_cortex.o
 .debug_abbrev  0x00001971      0x1d3 ./Drivers/STM32F4xx_HAL_Driver/Src/stm32f4xx_hal_gpio.o
 .debug_abbrev  0x00001b44      0x2bc ./Drivers/STM32F4xx_HAL_Driver/Src/stm32f4xx_hal_i2c.o
 .debug_abbrev  0x00001e00      0x2b5 ./Drivers/STM32F4xx_HAL_Driver/Src/stm32f4xx_hal_rcc.o
 .debug_abbrev  0x000020b5      0x280 ./Drivers/STM32F4xx_HAL_Driver/Src/stm32f4xx_hal_spi.o
 .debug_abbrev  0x00002335      0x28b ./Drivers/STM32F4xx_HAL_Driver/Src/stm32f4xx_hal_tim.o
 .debug_abbrev  0x000025c0      0x296 ./Drivers/STM32F4xx_HAL_Driver/Src/stm32f4xx_hal_tim_ex.o
 .debug_abbrev  0x00002856      0x31b ./Drivers/STM32F4xx_HAL_Driver/Src/stm32f4xx_hal_uart.o
 .debug_abbrev  0x00002b71      0x167 ./FATFS/App/fatfs.o
 .debug_abbrev  0x00002cd8      0x13c ./FATFS/Target/user_diskio.o
 .debug_abbrev  0x00002e14      0x19f ./Middlewares/Third_Party/FatFs/src/ff_gen_drv.o
 .debug_abbrev  0x00002fb3       0xf5 ./Middlewares/Third_Party/FreeRTOS/Source/list.o
 .debug_abbrev  0x000030a8      0x3b5 ./Middlewares/Third_Party/FreeRTOS/Source/queue.o
 .debug_abbrev  0x0000345d      0x359 ./Middlewares/Third_Party/FreeRTOS/Source/tasks.o
 .debug_abbrev  0x000037b6      0x25c ./Middlewares/Third_Party/FreeRTOS/Source/portable/GCC/ARM_CM4F/port.o
 .debug_abbrev  0x00003a12      0x21d ./Middlewares/Third_Party/FreeRTOS/Source/portable/MemMang/heap_4.o

.debug_aranges  0x00000000     0x1698
 .debug_aranges
                0x00000000       0x40 ./Core/Src/Device_Drivers_src/keypad.o
 .debug_aranges
                0x00000040       0x40 ./Core/Src/Device_Drivers_src/screen.o
 .debug_aranges
                0x00000080       0xe8 ./Core/Src/Device_Drivers_src/ssd1306.o
 .debug_aranges
                0x00000168       0x18 ./Core/Src/Device_Drivers_src/ssd1306_fonts.o
 .debug_aranges
                0x00000180       0x20 ./Core/Src/freertos.o
 .debug_aranges
                0x000001a0       0x60 ./Core/Src/main.o
 .debug_aranges
                0x00000200       0x50 ./Core/Src/stm32f4xx_hal_msp.o
 .debug_aranges
                0x00000250       0x30 ./Core/Src/stm32f4xx_hal_timebase_tim.o
 .debug_aranges
                0x00000280       0x50 ./Core/Src/stm32f4xx_it.o
 .debug_aranges
                0x000002d0       0x28 ./Core/Src/system_stm32f4xx.o
 .debug_aranges
                0x000002f8       0x48 ./Core/Src/tasks.o
 .debug_aranges
                0x00000340       0x28 ./Core/Startup/startup_stm32f401retx.o
 .debug_aranges
                0x00000368       0xf0 ./Drivers/STM32F4xx_HAL_Driver/Src/stm32f4xx_hal.o
 .debug_aranges
                0x00000458      0x120 ./Drivers/STM32F4xx_HAL_Driver/Src/stm32f4xx_hal_cortex.o
 .debug_aranges
                0x00000578       0x58 ./Drivers/STM32F4xx_HAL_Driver/Src/stm32f4xx_hal_gpio.o
 .debug_aranges
                0x000005d0      0x2a8 ./Drivers/STM32F4xx_HAL_Driver/Src/stm32f4xx_hal_i2c.o
 .debug_aranges
                0x00000878       0x88 ./Drivers/STM32F4xx_HAL_Driver/Src/stm32f4xx_hal_rcc.o
 .debug_aranges
                0x00000900      0x1d0 ./Drivers/STM32F4xx_HAL_Driver/Src/stm32f4xx_hal_spi.o
 .debug_aranges
                0x00000ad0      0x3d0 ./Drivers/STM32F4xx_HAL_Driver/Src/stm32f4xx_hal_tim.o
 .debug_aranges
                0x00000ea0      0x168 ./Drivers/STM32F4xx_HAL_Driver/Src/stm32f4xx_hal_tim_ex.o
 .debug_aranges
                0x00001008      0x208 ./Drivers/STM32F4xx_HAL_Driver/Src/stm32f4xx_hal_uart.o
 .debug_aranges
                0x00001210       0x28 ./FATFS/App/fatfs.o
 .debug_aranges
                0x00001238       0x40 ./FATFS/Target/user_diskio.o
 .debug_aranges
                0x00001278       0x40 ./Middlewares/Third_Party/FatFs/src/ff_gen_drv.o
 .debug_aranges
                0x000012b8       0x40 ./Middlewares/Third_Party/FreeRTOS/Source/list.o
 .debug_aranges
                0x000012f8      0x108 ./Middlewares/Third_Party/FreeRTOS/Source/queue.o
 .debug_aranges
                0x00001400      0x1c0 ./Middlewares/Third_Party/FreeRTOS/Source/tasks.o
 .debug_aranges
                0x000015c0       0x80 ./Middlewares/Third_Party/FreeRTOS/Source/portable/GCC/ARM_CM4F/port.o
 .debug_aranges
                0x00001640       0x58 ./Middlewares/Third_Party/FreeRTOS/Source/portable/MemMang/heap_4.o

.debug_rnglists
                0x00000000     0x1198
 .debug_rnglists
                0x00000000       0x2d ./Core/Src/Device_Drivers_src/keypad.o
 .debug_rnglists
                0x0000002d       0x2c ./Core/Src/Device_Drivers_src/screen.o
 .debug_rnglists
                0x00000059       0xb4 ./Core/Src/Device_Drivers_src/ssd1306.o
 .debug_rnglists
                0x0000010d       0x13 ./Core/Src/freertos.o
 .debug_rnglists
                0x00000120       0x46 ./Core/Src/main.o
 .debug_rnglists
                0x00000166       0x3a ./Core/Src/stm32f4xx_hal_msp.o
 .debug_rnglists
                0x000001a0       0x20 ./Core/Src/stm32f4xx_hal_timebase_tim.o
 .debug_rnglists
                0x000001c0       0x37 ./Core/Src/stm32f4xx_it.o
 .debug_rnglists
                0x000001f7       0x1a ./Core/Src/system_stm32f4xx.o
 .debug_rnglists
                0x00000211       0x33 ./Core/Src/tasks.o
 .debug_rnglists
                0x00000244       0x19 ./Core/Startup/startup_stm32f401retx.o
 .debug_rnglists
                0x0000025d       0xaf ./Drivers/STM32F4xx_HAL_Driver/Src/stm32f4xx_hal.o
 .debug_rnglists
                0x0000030c       0xd4 ./Drivers/STM32F4xx_HAL_Driver/Src/stm32f4xx_hal_cortex.o
 .debug_rnglists
                0x000003e0       0x3f ./Drivers/STM32F4xx_HAL_Driver/Src/stm32f4xx_hal_gpio.o
 .debug_rnglists
                0x0000041f      0x23c ./Drivers/STM32F4xx_HAL_Driver/Src/stm32f4xx_hal_i2c.o
 .debug_rnglists
                0x0000065b       0x66 ./Drivers/STM32F4xx_HAL_Driver/Src/stm32f4xx_hal_rcc.o
 .debug_rnglists
                0x000006c1      0x16f ./Drivers/STM32F4xx_HAL_Driver/Src/stm32f4xx_hal_spi.o
 .debug_rnglists
                0x00000830      0x31a ./Drivers/STM32F4xx_HAL_Driver/Src/stm32f4xx_hal_tim.o
 .debug_rnglists
                0x00000b4a      0x125 ./Drivers/STM32F4xx_HAL_Driver/Src/stm32f4xx_hal_tim_ex.o
 .debug_rnglists
                0x00000c6f      0x1bc ./Drivers/STM32F4xx_HAL_Driver/Src/stm32f4xx_hal_uart.o
 .debug_rnglists
                0x00000e2b       0x19 ./FATFS/App/fatfs.o
 .debug_rnglists
                0x00000e44       0x2b ./FATFS/Target/user_diskio.o
 .debug_rnglists
                0x00000e6f       0x2c ./Middlewares/Third_Party/FatFs/src/ff_gen_drv.o
 .debug_rnglists
                0x00000e9b       0x2b ./Middlewares/Third_Party/FreeRTOS/Source/list.o
 .debug_rnglists
                0x00000ec6       0xcd ./Middlewares/Third_Party/FreeRTOS/Source/queue.o
 .debug_rnglists
                0x00000f93      0x166 ./Middlewares/Third_Party/FreeRTOS/Source/tasks.o
 .debug_rnglists
                0x000010f9       0x5d ./Middlewares/Third_Party/FreeRTOS/Source/portable/GCC/ARM_CM4F/port.o
 .debug_rnglists
                0x00001156       0x42 ./Middlewares/Third_Party/FreeRTOS/Source/portable/MemMang/heap_4.o

.debug_macro    0x00000000    0x19edb
 .debug_macro   0x00000000      0x408 ./Core/Src/Device_Drivers_src/keypad.o
 .debug_macro   0x00000408      0x2a7 ./Core/Src/Device_Drivers_src/keypad.o
 .debug_macro   0x000006af       0x2e ./Core/Src/Device_Drivers_src/keypad.o
 .debug_macro   0x000006dd       0x28 ./Core/Src/Device_Drivers_src/keypad.o
 .debug_macro   0x00000705       0x22 ./Core/Src/Device_Drivers_src/keypad.o
 .debug_macro   0x00000727       0x8e ./Core/Src/Device_Drivers_src/keypad.o
 .debug_macro   0x000007b5       0x51 ./Core/Src/Device_Drivers_src/keypad.o
 .debug_macro   0x00000806      0x103 ./Core/Src/Device_Drivers_src/keypad.o
 .debug_macro   0x00000909       0x6a ./Core/Src/Device_Drivers_src/keypad.o
 .debug_macro   0x00000973      0x1df ./Core/Src/Device_Drivers_src/keypad.o
 .debug_macro   0x00000b52       0x1c ./Core/Src/Device_Drivers_src/keypad.o
 .debug_macro   0x00000b6e       0x22 ./Core/Src/Device_Drivers_src/keypad.o
 .debug_macro   0x00000b90       0xfb ./Core/Src/Device_Drivers_src/keypad.o
 .debug_macro   0x00000c8b     0x1011 ./Core/Src/Device_Drivers_src/keypad.o
 .debug_macro   0x00001c9c      0x11f ./Core/Src/Device_Drivers_src/keypad.o
 .debug_macro   0x00001dbb     0xb86c ./Core/Src/Device_Drivers_src/keypad.o
 .debug_macro   0x0000d627       0x6d ./Core/Src/Device_Drivers_src/keypad.o
 .debug_macro   0x0000d694     0x368c ./Core/Src/Device_Drivers_src/keypad.o
 .debug_macro   0x00010d20      0x189 ./Core/Src/Device_Drivers_src/keypad.o
 .debug_macro   0x00010ea9       0x5c ./Core/Src/Device_Drivers_src/keypad.o
 .debug_macro   0x00010f05      0x416 ./Core/Src/Device_Drivers_src/keypad.o
 .debug_macro   0x0001131b      0x9e9 ./Core/Src/Device_Drivers_src/keypad.o
 .debug_macro   0x00011d04      0x115 ./Core/Src/Device_Drivers_src/keypad.o
 .debug_macro   0x00011e19       0xf8 ./Core/Src/Device_Drivers_src/keypad.o
 .debug_macro   0x00011f11       0xa5 ./Core/Src/Device_Drivers_src/keypad.o
 .debug_macro   0x00011fb6      0x15f ./Core/Src/Device_Drivers_src/keypad.o
 .debug_macro   0x00012115      0x287 ./Core/Src/Device_Drivers_src/keypad.o
 .debug_macro   0x0001239c       0x5f ./Core/Src/Device_Drivers_src/keypad.o
 .debug_macro   0x000123fb      0x236 ./Core/Src/Device_Drivers_src/keypad.o
 .debug_macro   0x00012631      0x132 ./Core/Src/Device_Drivers_src/keypad.o
 .debug_macro   0x00012763      0x264 ./Core/Src/Device_Drivers_src/keypad.o
 .debug_macro   0x000129c7       0x2e ./Core/Src/Device_Drivers_src/keypad.o
 .debug_macro   0x000129f5      0x1b5 ./Core/Src/Device_Drivers_src/keypad.o
 .debug_macro   0x00012baa       0x22 ./Core/Src/Device_Drivers_src/keypad.o
 .debug_macro   0x00012bcc       0xd6 ./Core/Src/Device_Drivers_src/keypad.o
 .debug_macro   0x00012ca2      0x127 ./Core/Src/Device_Drivers_src/keypad.o
 .debug_macro   0x00012dc9       0x85 ./Core/Src/Device_Drivers_src/keypad.o
 .debug_macro   0x00012e4e       0x89 ./Core/Src/Device_Drivers_src/keypad.o
 .debug_macro   0x00012ed7      0x225 ./Core/Src/Device_Drivers_src/keypad.o
 .debug_macro   0x000130fc      0x8ed ./Core/Src/Device_Drivers_src/keypad.o
 .debug_macro   0x000139e9       0x47 ./Core/Src/Device_Drivers_src/keypad.o
 .debug_macro   0x00013a30      0x2aa ./Core/Src/Device_Drivers_src/keypad.o
 .debug_macro   0x00013cda      0x126 ./Core/Src/Device_Drivers_src/keypad.o
 .debug_macro   0x00013e00       0x70 ./Core/Src/Device_Drivers_src/keypad.o
 .debug_macro   0x00013e70       0xea ./Core/Src/Device_Drivers_src/keypad.o
 .debug_macro   0x00013f5a      0x15a ./Core/Src/Device_Drivers_src/keypad.o
 .debug_macro   0x000140b4       0xde ./Core/Src/Device_Drivers_src/keypad.o
 .debug_macro   0x00014192       0x1c ./Core/Src/Device_Drivers_src/keypad.o
 .debug_macro   0x000141ae       0x26 ./Core/Src/Device_Drivers_src/keypad.o
 .debug_macro   0x000141d4      0x504 ./Core/Src/Device_Drivers_src/keypad.o
 .debug_macro   0x000146d8       0xb5 ./Core/Src/Device_Drivers_src/keypad.o
 .debug_macro   0x0001478d       0xaa ./Core/Src/Device_Drivers_src/keypad.o
 .debug_macro   0x00014837       0x91 ./Core/Src/Device_Drivers_src/keypad.o
 .debug_macro   0x000148c8       0x8d ./Core/Src/Device_Drivers_src/keypad.o
 .debug_macro   0x00014955       0x7e ./Core/Src/Device_Drivers_src/keypad.o
 .debug_macro   0x000149d3       0x19 ./Core/Src/Device_Drivers_src/keypad.o
 .debug_macro   0x000149ec       0xf2 ./Core/Src/Device_Drivers_src/keypad.o
 .debug_macro   0x00014ade       0x61 ./Core/Src/Device_Drivers_src/keypad.o
 .debug_macro   0x00014b3f       0x2a ./Core/Src/Device_Drivers_src/keypad.o
 .debug_macro   0x00014b69       0x43 ./Core/Src/Device_Drivers_src/keypad.o
 .debug_macro   0x00014bac       0x34 ./Core/Src/Device_Drivers_src/keypad.o
 .debug_macro   0x00014be0       0x16 ./Core/Src/Device_Drivers_src/keypad.o
 .debug_macro   0x00014bf6       0x35 ./Core/Src/Device_Drivers_src/keypad.o
 .debug_macro   0x00014c2b      0x369 ./Core/Src/Device_Drivers_src/keypad.o
 .debug_macro   0x00014f94       0x10 ./Core/Src/Device_Drivers_src/keypad.o
 .debug_macro   0x00014fa4       0x16 ./Core/Src/Device_Drivers_src/keypad.o
 .debug_macro   0x00014fba       0x43 ./Core/Src/Device_Drivers_src/keypad.o
 .debug_macro   0x00014ffd       0x34 ./Core/Src/Device_Drivers_src/keypad.o
 .debug_macro   0x00015031       0x10 ./Core/Src/Device_Drivers_src/keypad.o
 .debug_macro   0x00015041       0x58 ./Core/Src/Device_Drivers_src/keypad.o
 .debug_macro   0x00015099       0x8e ./Core/Src/Device_Drivers_src/keypad.o
 .debug_macro   0x00015127       0x1c ./Core/Src/Device_Drivers_src/keypad.o
 .debug_macro   0x00015143      0x177 ./Core/Src/Device_Drivers_src/keypad.o
 .debug_macro   0x000152ba       0x16 ./Core/Src/Device_Drivers_src/keypad.o
 .debug_macro   0x000152d0       0x16 ./Core/Src/Device_Drivers_src/keypad.o
 .debug_macro   0x000152e6      0x146 ./Core/Src/Device_Drivers_src/keypad.o
 .debug_macro   0x0001542c       0x16 ./Core/Src/Device_Drivers_src/keypad.o
 .debug_macro   0x00015442       0x20 ./Core/Src/Device_Drivers_src/keypad.o
 .debug_macro   0x00015462       0x46 ./Core/Src/Device_Drivers_src/keypad.o
 .debug_macro   0x000154a8       0x4c ./Core/Src/Device_Drivers_src/keypad.o
 .debug_macro   0x000154f4       0x28 ./Core/Src/Device_Drivers_src/keypad.o
 .debug_macro   0x0001551c      0x3ef ./Core/Src/Device_Drivers_src/screen.o
 .debug_macro   0x0001590b       0x28 ./Core/Src/Device_Drivers_src/screen.o
 .debug_macro   0x00015933       0x76 ./Core/Src/Device_Drivers_src/screen.o
 .debug_macro   0x000159a9      0x3d8 ./Core/Src/Device_Drivers_src/ssd1306.o
 .debug_macro   0x00015d81      0x19b ./Core/Src/Device_Drivers_src/ssd1306.o
 .debug_macro   0x00015f1c       0x16 ./Core/Src/Device_Drivers_src/ssd1306.o
 .debug_macro   0x00015f32       0x16 ./Core/Src/Device_Drivers_src/ssd1306.o
 .debug_macro   0x00015f48       0x29 ./Core/Src/Device_Drivers_src/ssd1306.o
 .debug_macro   0x00015f71      0x247 ./Core/Src/Device_Drivers_src/ssd1306_fonts.o
 .debug_macro   0x000161b8      0x268 ./Core/Src/freertos.o
 .debug_macro   0x00016420       0xea ./Core/Src/freertos.o
 .debug_macro   0x0001650a      0x471 ./Core/Src/main.o
 .debug_macro   0x0001697b       0xfa ./Core/Src/main.o
 .debug_macro   0x00016a75       0xe2 ./Core/Src/main.o
 .debug_macro   0x00016b57       0x8e ./Core/Src/main.o
 .debug_macro   0x00016be5      0x200 ./Core/Src/stm32f4xx_hal_msp.o
 .debug_macro   0x00016de5      0x1f1 ./Core/Src/stm32f4xx_hal_timebase_tim.o
 .debug_macro   0x00016fd6      0x20a ./Core/Src/stm32f4xx_it.o
 .debug_macro   0x000171e0      0x1f1 ./Core/Src/system_stm32f4xx.o
 .debug_macro   0x000173d1      0x471 ./Core/Src/tasks.o
 .debug_macro   0x00017842      0x251 ./Drivers/STM32F4xx_HAL_Driver/Src/stm32f4xx_hal.o
 .debug_macro   0x00017a93      0x1f1 ./Drivers/STM32F4xx_HAL_Driver/Src/stm32f4xx_hal_cortex.o
 .debug_macro   0x00017c84      0x1f7 ./Drivers/STM32F4xx_HAL_Driver/Src/stm32f4xx_hal_gpio.o
 .debug_macro   0x00017e7b      0x23f ./Drivers/STM32F4xx_HAL_Driver/Src/stm32f4xx_hal_i2c.o
 .debug_macro   0x000180ba      0x215 ./Drivers/STM32F4xx_HAL_Driver/Src/stm32f4xx_hal_rcc.o
 .debug_macro   0x000182cf      0x200 ./Drivers/STM32F4xx_HAL_Driver/Src/stm32f4xx_hal_spi.o
 .debug_macro   0x000184cf      0x1f2 ./Drivers/STM32F4xx_HAL_Driver/Src/stm32f4xx_hal_tim.o
 .debug_macro   0x000186c1      0x1f1 ./Drivers/STM32F4xx_HAL_Driver/Src/stm32f4xx_hal_tim_ex.o
 .debug_macro   0x000188b2      0x1f2 ./Drivers/STM32F4xx_HAL_Driver/Src/stm32f4xx_hal_uart.o
 .debug_macro   0x00018aa4      0x306 ./FATFS/App/fatfs.o
 .debug_macro   0x00018daa      0x3bb ./FATFS/Target/user_diskio.o
 .debug_macro   0x00019165       0x16 ./FATFS/Target/user_diskio.o
 .debug_macro   0x0001917b       0x7c ./FATFS/Target/user_diskio.o
 .debug_macro   0x000191f7      0x2f3 ./Middlewares/Third_Party/FatFs/src/ff_gen_drv.o
 .debug_macro   0x000194ea      0x187 ./Middlewares/Third_Party/FreeRTOS/Source/list.o
 .debug_macro   0x00019671      0x216 ./Middlewares/Third_Party/FreeRTOS/Source/queue.o
 .debug_macro   0x00019887       0x87 ./Middlewares/Third_Party/FreeRTOS/Source/queue.o
 .debug_macro   0x0001990e      0x279 ./Middlewares/Third_Party/FreeRTOS/Source/tasks.o
 .debug_macro   0x00019b87       0x10 ./Middlewares/Third_Party/FreeRTOS/Source/tasks.o
 .debug_macro   0x00019b97      0x196 ./Middlewares/Third_Party/FreeRTOS/Source/portable/GCC/ARM_CM4F/port.o
 .debug_macro   0x00019d2d      0x1ae ./Middlewares/Third_Party/FreeRTOS/Source/portable/MemMang/heap_4.o

.debug_line     0x00000000    0x1e78e
 .debug_line    0x00000000      0xcd1 ./Core/Src/Device_Drivers_src/keypad.o
 .debug_line    0x00000cd1      0xbec ./Core/Src/Device_Drivers_src/screen.o
 .debug_line    0x000018bd     0x13d4 ./Core/Src/Device_Drivers_src/ssd1306.o
 .debug_line    0x00002c91      0x908 ./Core/Src/Device_Drivers_src/ssd1306_fonts.o
 .debug_line    0x00003599      0x895 ./Core/Src/freertos.o
 .debug_line    0x00003e2e      0xdee ./Core/Src/main.o
 .debug_line    0x00004c1c      0x87f ./Core/Src/stm32f4xx_hal_msp.o
 .debug_line    0x0000549b      0x812 ./Core/Src/stm32f4xx_hal_timebase_tim.o
 .debug_line    0x00005cad      0x833 ./Core/Src/stm32f4xx_it.o
 .debug_line    0x000064e0      0x81b ./Core/Src/system_stm32f4xx.o
 .debug_line    0x00006cfb      0xda5 ./Core/Src/tasks.o
 .debug_line    0x00007aa0       0x7a ./Core/Startup/startup_stm32f401retx.o
 .debug_line    0x00007b1a      0xa84 ./Drivers/STM32F4xx_HAL_Driver/Src/stm32f4xx_hal.o
 .debug_line    0x0000859e      0xd4c ./Drivers/STM32F4xx_HAL_Driver/Src/stm32f4xx_hal_cortex.o
 .debug_line    0x000092ea      0xbd4 ./Drivers/STM32F4xx_HAL_Driver/Src/stm32f4xx_hal_gpio.o
 .debug_line    0x00009ebe     0x3bca ./Drivers/STM32F4xx_HAL_Driver/Src/stm32f4xx_hal_i2c.o
 .debug_line    0x0000da88      0xdf7 ./Drivers/STM32F4xx_HAL_Driver/Src/stm32f4xx_hal_rcc.o
 .debug_line    0x0000e87f     0x1d7f ./Drivers/STM32F4xx_HAL_Driver/Src/stm32f4xx_hal_spi.o
 .debug_line    0x000105fe     0x3602 ./Drivers/STM32F4xx_HAL_Driver/Src/stm32f4xx_hal_tim.o
 .debug_line    0x00013c00     0x1a15 ./Drivers/STM32F4xx_HAL_Driver/Src/stm32f4xx_hal_tim_ex.o
 .debug_line    0x00015615     0x2956 ./Drivers/STM32F4xx_HAL_Driver/Src/stm32f4xx_hal_uart.o
 .debug_line    0x00017f6b      0x9ae ./FATFS/App/fatfs.o
 .debug_line    0x00018919      0xb3e ./FATFS/Target/user_diskio.o
 .debug_line    0x00019457      0xa3b ./Middlewares/Third_Party/FatFs/src/ff_gen_drv.o
 .debug_line    0x00019e92      0x796 ./Middlewares/Third_Party/FreeRTOS/Source/list.o
 .debug_line    0x0001a628     0x1517 ./Middlewares/Third_Party/FreeRTOS/Source/queue.o
 .debug_line    0x0001bb3f     0x1a55 ./Middlewares/Third_Party/FreeRTOS/Source/tasks.o
 .debug_line    0x0001d594      0x839 ./Middlewares/Third_Party/FreeRTOS/Source/portable/GCC/ARM_CM4F/port.o
 .debug_line    0x0001ddcd      0x9c1 ./Middlewares/Third_Party/FreeRTOS/Source/portable/MemMang/heap_4.o

.debug_str      0x00000000    0x9b96c
 .debug_str     0x00000000    0x92db6 ./Core/Src/Device_Drivers_src/keypad.o
                              0x9306f (size before relaxing)
 .debug_str     0x00092db6      0x128 ./Core/Src/Device_Drivers_src/screen.o
                              0x92e55 (size before relaxing)
 .debug_str     0x00092ede     0x1160 ./Core/Src/Device_Drivers_src/ssd1306.o
                              0x939a2 (size before relaxing)
 .debug_str     0x0009403e       0x91 ./Core/Src/Device_Drivers_src/ssd1306_fonts.o
                              0x89894 (size before relaxing)
 .debug_str     0x000940cf      0x144 ./Core/Src/freertos.o
                              0x8d2e1 (size before relaxing)
 .debug_str     0x00094213     0x1004 ./Core/Src/main.o
                              0x9443f (size before relaxing)
 .debug_str     0x00095217      0x455 ./Core/Src/stm32f4xx_hal_msp.o
                              0x8a1f5 (size before relaxing)
 .debug_str     0x0009566c      0x11a ./Core/Src/stm32f4xx_hal_timebase_tim.o
                              0x89da8 (size before relaxing)
 .debug_str     0x00095786       0xb5 ./Core/Src/stm32f4xx_it.o
                              0x89978 (size before relaxing)
 .debug_str     0x0009583b       0xdb ./Core/Src/system_stm32f4xx.o
                              0x89413 (size before relaxing)
 .debug_str     0x00095916       0x99 ./Core/Src/tasks.o
                              0x93776 (size before relaxing)
 .debug_str     0x000959af       0x44 ./Core/Startup/startup_stm32f401retx.o
                                 0x94 (size before relaxing)
 .debug_str     0x000959f3      0x5bf ./Drivers/STM32F4xx_HAL_Driver/Src/stm32f4xx_hal.o
                              0x89e35 (size before relaxing)
 .debug_str     0x00095fb2      0x33d ./Drivers/STM32F4xx_HAL_Driver/Src/stm32f4xx_hal_cortex.o
                              0x89b6d (size before relaxing)
 .debug_str     0x000962ef      0x110 ./Drivers/STM32F4xx_HAL_Driver/Src/stm32f4xx_hal_gpio.o
                              0x8958e (size before relaxing)
 .debug_str     0x000963ff      0xb23 ./Drivers/STM32F4xx_HAL_Driver/Src/stm32f4xx_hal_i2c.o
                              0x8a424 (size before relaxing)
 .debug_str     0x00096f22      0x1f2 ./Drivers/STM32F4xx_HAL_Driver/Src/stm32f4xx_hal_rcc.o
                              0x89847 (size before relaxing)
 .debug_str     0x00097114      0x560 ./Drivers/STM32F4xx_HAL_Driver/Src/stm32f4xx_hal_spi.o
                              0x89cc5 (size before relaxing)
 .debug_str     0x00097674      0xe41 ./Drivers/STM32F4xx_HAL_Driver/Src/stm32f4xx_hal_tim.o
                              0x8a78b (size before relaxing)
 .debug_str     0x000984b5      0x503 ./Drivers/STM32F4xx_HAL_Driver/Src/stm32f4xx_hal_tim_ex.o
                              0x89f97 (size before relaxing)
 .debug_str     0x000989b8      0x608 ./Drivers/STM32F4xx_HAL_Driver/Src/stm32f4xx_hal_uart.o
                              0x89e16 (size before relaxing)
 .debug_str     0x00098fc0      0x1cb ./FATFS/App/fatfs.o
                              0x8fb82 (size before relaxing)
 .debug_str     0x0009918b       0x70 ./FATFS/Target/user_diskio.o
                              0x92b9a (size before relaxing)
 .debug_str     0x000991fb       0xba ./Middlewares/Third_Party/FatFs/src/ff_gen_drv.o
                              0x8fa9f (size before relaxing)
 .debug_str     0x000992b5      0x12d ./Middlewares/Third_Party/FreeRTOS/Source/list.o
                               0xab13 (size before relaxing)
 .debug_str     0x000993e2      0xa1d ./Middlewares/Third_Party/FreeRTOS/Source/queue.o
                               0xc4a6 (size before relaxing)
 .debug_str     0x00099dff     0x10bd ./Middlewares/Third_Party/FreeRTOS/Source/tasks.o
                               0xcebd (size before relaxing)
 .debug_str     0x0009aebc      0x783 ./Middlewares/Third_Party/FreeRTOS/Source/portable/GCC/ARM_CM4F/port.o
                               0x8758 (size before relaxing)
 .debug_str     0x0009b63f      0x32d ./Middlewares/Third_Party/FreeRTOS/Source/portable/MemMang/heap_4.o
                               0xb455 (size before relaxing)

.comment        0x00000000       0x43
 .comment       0x00000000       0x43 ./Core/Src/Device_Drivers_src/keypad.o
                                 0x44 (size before relaxing)
 .comment       0x00000043       0x44 ./Core/Src/Device_Drivers_src/screen.o
 .comment       0x00000043       0x44 ./Core/Src/Device_Drivers_src/ssd1306.o
 .comment       0x00000043       0x44 ./Core/Src/Device_Drivers_src/ssd1306_fonts.o
 .comment       0x00000043       0x44 ./Core/Src/freertos.o
 .comment       0x00000043       0x44 ./Core/Src/main.o
 .comment       0x00000043       0x44 ./Core/Src/stm32f4xx_hal_msp.o
 .comment       0x00000043       0x44 ./Core/Src/stm32f4xx_hal_timebase_tim.o
 .comment       0x00000043       0x44 ./Core/Src/stm32f4xx_it.o
 .comment       0x00000043       0x44 ./Core/Src/system_stm32f4xx.o
 .comment       0x00000043       0x44 ./Core/Src/tasks.o
 .comment       0x00000043       0x44 ./Drivers/STM32F4xx_HAL_Driver/Src/stm32f4xx_hal.o
 .comment       0x00000043       0x44 ./Drivers/STM32F4xx_HAL_Driver/Src/stm32f4xx_hal_cortex.o
 .comment       0x00000043       0x44 ./Drivers/STM32F4xx_HAL_Driver/Src/stm32f4xx_hal_gpio.o
 .comment       0x00000043       0x44 ./Drivers/STM32F4xx_HAL_Driver/Src/stm32f4xx_hal_i2c.o
 .comment       0x00000043       0x44 ./Drivers/STM32F4xx_HAL_Driver/Src/stm32f4xx_hal_rcc.o
 .comment       0x00000043       0x44 ./Drivers/STM32F4xx_HAL_Driver/Src/stm32f4xx_hal_spi.o
 .comment       0x00000043       0x44 ./Drivers/STM32F4xx_HAL_Driver/Src/stm32f4xx_hal_tim.o
 .comment       0x00000043       0x44 ./Drivers/STM32F4xx_HAL_Driver/Src/stm32f4xx_hal_tim_ex.o
 .comment       0x00000043       0x44 ./Drivers/STM32F4xx_HAL_Driver/Src/stm32f4xx_hal_uart.o
 .comment       0x00000043       0x44 ./FATFS/App/fatfs.o
 .comment       0x00000043       0x44 ./FATFS/Target/user_diskio.o
 .comment       0x00000043       0x44 ./Middlewares/Third_Party/FatFs/src/ff_gen_drv.o
 .comment       0x00000043       0x44 ./Middlewares/Third_Party/FreeRTOS/Source/list.o
 .comment       0x00000043       0x44 ./Middlewares/Third_Party/FreeRTOS/Source/queue.o
 .comment       0x00000043       0x44 ./Middlewares/Third_Party/FreeRTOS/Source/tasks.o
 .comment       0x00000043       0x44 ./Middlewares/Third_Party/FreeRTOS/Source/portable/GCC/ARM_CM4F/port.o
 .comment       0x00000043       0x44 ./Middlewares/Third_Party/FreeRTOS/Source/portable/MemMang/heap_4.o

.debug_frame    0x00000000     0x5e2c
 .debug_frame   0x00000000       0xd4 ./Core/Src/Device_Drivers_src/keypad.o
 .debug_frame   0x000000d4       0xbc ./Core/Src/Device_Drivers_src/screen.o
 .debug_frame   0x00000190      0x3e4 ./Core/Src/Device_Drivers_src/ssd1306.o
 .debug_frame   0x00000574       0x38 ./Core/Src/freertos.o
 .debug_frame   0x000005ac      0x12c ./Core/Src/main.o
 .debug_frame   0x000006d8      0x10c ./Core/Src/stm32f4xx_hal_msp.o
 .debug_frame   0x000007e4       0x74 ./Core/Src/stm32f4xx_hal_timebase_tim.o
 .debug_frame   0x00000858       0xc4 ./Core/Src/stm32f4xx_it.o
 .debug_frame   0x0000091c       0x58 ./Core/Src/system_stm32f4xx.o
 .debug_frame   0x00000974       0xe4 ./Core/Src/tasks.o
 .debug_frame   0x00000a58      0x374 ./Drivers/STM32F4xx_HAL_Driver/Src/stm32f4xx_hal.o
 .debug_frame   0x00000dcc      0x4b8 ./Drivers/STM32F4xx_HAL_Driver/Src/stm32f4xx_hal_cortex.o
 .debug_frame   0x00001284      0x14c ./Drivers/STM32F4xx_HAL_Driver/Src/stm32f4xx_hal_gpio.o
 .debug_frame   0x000013d0      0xc84 ./Drivers/STM32F4xx_HAL_Driver/Src/stm32f4xx_hal_i2c.o
 .debug_frame   0x00002054      0x1f4 ./Drivers/STM32F4xx_HAL_Driver/Src/stm32f4xx_hal_rcc.o
 .debug_frame   0x00002248      0x828 ./Drivers/STM32F4xx_HAL_Driver/Src/stm32f4xx_hal_spi.o
 .debug_frame   0x00002a70     0x11b8 ./Drivers/STM32F4xx_HAL_Driver/Src/stm32f4xx_hal_tim.o
 .debug_frame   0x00003c28      0x638 ./Drivers/STM32F4xx_HAL_Driver/Src/stm32f4xx_hal_tim_ex.o
 .debug_frame   0x00004260      0x954 ./Drivers/STM32F4xx_HAL_Driver/Src/stm32f4xx_hal_uart.o
 .debug_frame   0x00004bb4       0x4c ./FATFS/App/fatfs.o
 .debug_frame   0x00004c00       0xd8 ./FATFS/Target/user_diskio.o
 .debug_frame   0x00004cd8       0xc8 ./Middlewares/Third_Party/FatFs/src/ff_gen_drv.o
 .debug_frame   0x00004da0       0xd8 ./Middlewares/Third_Party/FreeRTOS/Source/list.o
 .debug_frame   0x00004e78      0x46c ./Middlewares/Third_Party/FreeRTOS/Source/queue.o
 .debug_frame   0x000052e4      0x7a0 ./Middlewares/Third_Party/FreeRTOS/Source/tasks.o
 .debug_frame   0x00005a84      0x1a8 ./Middlewares/Third_Party/FreeRTOS/Source/portable/GCC/ARM_CM4F/port.o
 .debug_frame   0x00005c2c      0x12c ./Middlewares/Third_Party/FreeRTOS/Source/portable/MemMang/heap_4.o
 .debug_frame   0x00005d58       0x20 C:/ST/STM32CubeIDE_1.15.1/STM32CubeIDE/plugins/com.st.stm32cube.ide.mcu.externaltools.gnu-tools-for-stm32.12.3.rel1.win32_1.0.100.202403111256/tools/bin/../lib/gcc/arm-none-eabi/12.3.1/../../../../arm-none-eabi/lib/thumb/v7e-m+fp/hard\libc_nano.a(libc_a-memset.o)
 .debug_frame   0x00005d78       0x2c C:/ST/STM32CubeIDE_1.15.1/STM32CubeIDE/plugins/com.st.stm32cube.ide.mcu.externaltools.gnu-tools-for-stm32.12.3.rel1.win32_1.0.100.202403111256/tools/bin/../lib/gcc/arm-none-eabi/12.3.1/../../../../arm-none-eabi/lib/thumb/v7e-m+fp/hard\libc_nano.a(libc_a-init.o)
 .debug_frame   0x00005da4       0x28 C:/ST/STM32CubeIDE_1.15.1/STM32CubeIDE/plugins/com.st.stm32cube.ide.mcu.externaltools.gnu-tools-for-stm32.12.3.rel1.win32_1.0.100.202403111256/tools/bin/../lib/gcc/arm-none-eabi/12.3.1/../../../../arm-none-eabi/lib/thumb/v7e-m+fp/hard\libc_nano.a(libc_a-memcpy-stub.o)
 .debug_frame   0x00005dcc       0x2c C:/ST/STM32CubeIDE_1.15.1/STM32CubeIDE/plugins/com.st.stm32cube.ide.mcu.externaltools.gnu-tools-for-stm32.12.3.rel1.win32_1.0.100.202403111256/tools/bin/../lib/gcc/arm-none-eabi/12.3.1/thumb/v7e-m+fp/hard\libgcc.a(_aeabi_uldivmod.o)
 .debug_frame   0x00005df8       0x34 C:/ST/STM32CubeIDE_1.15.1/STM32CubeIDE/plugins/com.st.stm32cube.ide.mcu.externaltools.gnu-tools-for-stm32.12.3.rel1.win32_1.0.100.202403111256/tools/bin/../lib/gcc/arm-none-eabi/12.3.1/thumb/v7e-m+fp/hard\libgcc.a(_udivmoddi4.o)

.debug_line_str
                0x00000000       0x78
 .debug_line_str
                0x00000000       0x78 ./Core/Startup/startup_stm32f401retx.o
