Archive member included to satisfy reference by file (symbol)

C:/ST/STM32CubeIDE_1.15.1/STM32CubeIDE/plugins/com.st.stm32cube.ide.mcu.externaltools.gnu-tools-for-stm32.12.3.rel1.win32_1.0.100.202403111256/tools/bin/../lib/gcc/arm-none-eabi/12.3.1/../../../../arm-none-eabi/lib/thumb/v7e-m+fp/hard\libc_nano.a(libc_a-exit.o)
                              C:/ST/STM32CubeIDE_1.15.1/STM32CubeIDE/plugins/com.st.stm32cube.ide.mcu.externaltools.gnu-tools-for-stm32.12.3.rel1.win32_1.0.100.202403111256/tools/bin/../lib/gcc/arm-none-eabi/12.3.1/../../../../arm-none-eabi/lib/thumb/v7e-m+fp/hard/crt0.o (exit)
C:/ST/STM32CubeIDE_1.15.1/STM32CubeIDE/plugins/com.st.stm32cube.ide.mcu.externaltools.gnu-tools-for-stm32.12.3.rel1.win32_1.0.100.202403111256/tools/bin/../lib/gcc/arm-none-eabi/12.3.1/../../../../arm-none-eabi/lib/thumb/v7e-m+fp/hard\libc_nano.a(libc_a-findfp.o)
                              C:/ST/STM32CubeIDE_1.15.1/STM32CubeIDE/plugins/com.st.stm32cube.ide.mcu.externaltools.gnu-tools-for-stm32.12.3.rel1.win32_1.0.100.202403111256/tools/bin/../lib/gcc/arm-none-eabi/12.3.1/../../../../arm-none-eabi/lib/thumb/v7e-m+fp/hard\libc_nano.a(libc_a-exit.o) (__stdio_exit_handler)
C:/ST/STM32CubeIDE_1.15.1/STM32CubeIDE/plugins/com.st.stm32cube.ide.mcu.externaltools.gnu-tools-for-stm32.12.3.rel1.win32_1.0.100.202403111256/tools/bin/../lib/gcc/arm-none-eabi/12.3.1/../../../../arm-none-eabi/lib/thumb/v7e-m+fp/hard\libc_nano.a(libc_a-fwalk.o)
                              C:/ST/STM32CubeIDE_1.15.1/STM32CubeIDE/plugins/com.st.stm32cube.ide.mcu.externaltools.gnu-tools-for-stm32.12.3.rel1.win32_1.0.100.202403111256/tools/bin/../lib/gcc/arm-none-eabi/12.3.1/../../../../arm-none-eabi/lib/thumb/v7e-m+fp/hard\libc_nano.a(libc_a-findfp.o) (_fwalk_sglue)
C:/ST/STM32CubeIDE_1.15.1/STM32CubeIDE/plugins/com.st.stm32cube.ide.mcu.externaltools.gnu-tools-for-stm32.12.3.rel1.win32_1.0.100.202403111256/tools/bin/../lib/gcc/arm-none-eabi/12.3.1/../../../../arm-none-eabi/lib/thumb/v7e-m+fp/hard\libc_nano.a(libc_a-snprintf.o)
                              ./Core/Src/Device_Drivers_src/ssd1306_tests.o (snprintf)
C:/ST/STM32CubeIDE_1.15.1/STM32CubeIDE/plugins/com.st.stm32cube.ide.mcu.externaltools.gnu-tools-for-stm32.12.3.rel1.win32_1.0.100.202403111256/tools/bin/../lib/gcc/arm-none-eabi/12.3.1/../../../../arm-none-eabi/lib/thumb/v7e-m+fp/hard\libc_nano.a(libc_a-sprintf.o)
                              ./Core/Src/Device_Drivers_src/File_Handling_RTOS.o (sprintf)
C:/ST/STM32CubeIDE_1.15.1/STM32CubeIDE/plugins/com.st.stm32cube.ide.mcu.externaltools.gnu-tools-for-stm32.12.3.rel1.win32_1.0.100.202403111256/tools/bin/../lib/gcc/arm-none-eabi/12.3.1/../../../../arm-none-eabi/lib/thumb/v7e-m+fp/hard\libc_nano.a(libc_a-stdio.o)
                              C:/ST/STM32CubeIDE_1.15.1/STM32CubeIDE/plugins/com.st.stm32cube.ide.mcu.externaltools.gnu-tools-for-stm32.12.3.rel1.win32_1.0.100.202403111256/tools/bin/../lib/gcc/arm-none-eabi/12.3.1/../../../../arm-none-eabi/lib/thumb/v7e-m+fp/hard\libc_nano.a(libc_a-findfp.o) (__sread)
C:/ST/STM32CubeIDE_1.15.1/STM32CubeIDE/plugins/com.st.stm32cube.ide.mcu.externaltools.gnu-tools-for-stm32.12.3.rel1.win32_1.0.100.202403111256/tools/bin/../lib/gcc/arm-none-eabi/12.3.1/../../../../arm-none-eabi/lib/thumb/v7e-m+fp/hard\libc_nano.a(libc_a-memmove.o)
                              ./Core/Src/Device_Drivers_src/ssd1306_tests.o (memmove)
C:/ST/STM32CubeIDE_1.15.1/STM32CubeIDE/plugins/com.st.stm32cube.ide.mcu.externaltools.gnu-tools-for-stm32.12.3.rel1.win32_1.0.100.202403111256/tools/bin/../lib/gcc/arm-none-eabi/12.3.1/../../../../arm-none-eabi/lib/thumb/v7e-m+fp/hard\libc_nano.a(libc_a-memset.o)
                              C:/ST/STM32CubeIDE_1.15.1/STM32CubeIDE/plugins/com.st.stm32cube.ide.mcu.externaltools.gnu-tools-for-stm32.12.3.rel1.win32_1.0.100.202403111256/tools/bin/../lib/gcc/arm-none-eabi/12.3.1/../../../../arm-none-eabi/lib/thumb/v7e-m+fp/hard/crt0.o (memset)
C:/ST/STM32CubeIDE_1.15.1/STM32CubeIDE/plugins/com.st.stm32cube.ide.mcu.externaltools.gnu-tools-for-stm32.12.3.rel1.win32_1.0.100.202403111256/tools/bin/../lib/gcc/arm-none-eabi/12.3.1/../../../../arm-none-eabi/lib/thumb/v7e-m+fp/hard\libc_nano.a(libc_a-closer.o)
                              C:/ST/STM32CubeIDE_1.15.1/STM32CubeIDE/plugins/com.st.stm32cube.ide.mcu.externaltools.gnu-tools-for-stm32.12.3.rel1.win32_1.0.100.202403111256/tools/bin/../lib/gcc/arm-none-eabi/12.3.1/../../../../arm-none-eabi/lib/thumb/v7e-m+fp/hard\libc_nano.a(libc_a-stdio.o) (_close_r)
C:/ST/STM32CubeIDE_1.15.1/STM32CubeIDE/plugins/com.st.stm32cube.ide.mcu.externaltools.gnu-tools-for-stm32.12.3.rel1.win32_1.0.100.202403111256/tools/bin/../lib/gcc/arm-none-eabi/12.3.1/../../../../arm-none-eabi/lib/thumb/v7e-m+fp/hard\libc_nano.a(libc_a-reent.o)
[...]
Memory Configuration

Name             Origin             Length             Attributes
RAM              0x20000000         0x00018000         xrw
FLASH            0x08000000         0x00080000         xr
*default*        0x00000000         0xffffffff

Linker script and memory map

LOAD C:/ST/STM32CubeIDE_1.15.1/STM32CubeIDE/plugins/com.st.stm32cube.ide.mcu.externaltools.gnu-tools-for-stm32.12.3.rel1.win32_1.0.100.202403111256/tools/bin/../lib/gcc/arm-none-eabi/12.3.1/thumb/v7e-m+fp/hard/crti.o
LOAD C:/ST/STM32CubeIDE_1.15.1/STM32CubeIDE/plugins/com.st.stm32cube.ide.mcu.externaltools.gnu-tools-for-stm32.12.3.rel1.win32_1.0.100.202403111256/tools/bin/../lib/gcc/arm-none-eabi/12.3.1/thumb/v7e-m+fp/hard/crtbegin.o
LOAD C:/ST/STM32CubeIDE_1.15.1/STM32CubeIDE/plugins/com.st.stm32cube.ide.mcu.externaltools.gnu-tools-for-stm32.12.3.rel1.win32_1.0.100.202403111256/tools/bin/../lib/gcc/arm-none-eabi/12.3.1/../../../../arm-none-eabi/lib/thumb/v7e-m+fp/hard/crt0.o
LOAD ./Core/Src/Device_Drivers_src/File_Handling_RTOS.o
LOAD ./Core/Src/Device_Drivers_src/adc.o
LOAD ./Core/Src/Device_Drivers_src/fatfs_sd.o
LOAD ./Core/Src/Device_Drivers_src/keypad.o
LOAD ./Core/Src/Device_Drivers_src/lock.o
LOAD ./Core/Src/Device_Drivers_src/screen.o
LOAD ./Core/Src/Device_Drivers_src/sd.o
LOAD ./Core/Src/Device_Drivers_src/ssd1306.o
LOAD ./Core/Src/Device_Drivers_src/ssd1306_fonts.o
LOAD ./Core/Src/Device_Drivers_src/ssd1306_tests.o
LOAD ./Core/Src/freertos.o
LOAD ./Core/Src/main.o
LOAD ./Core/Src/stm32f4xx_hal_msp.o
LOAD ./Core/Src/stm32f4xx_hal_timebase_tim.o
LOAD ./Core/Src/stm32f4xx_it.o
LOAD ./Core/Src/syscalls.o
LOAD ./Core/Src/sysmem.o
LOAD ./Core/Src/system_stm32f4xx.o
LOAD ./Core/Src/tasks.o
LOAD ./Core/Startup/startup_stm32f401retx.o
LOAD ./Drivers/STM32F4xx_HAL_Driver/Src/stm32f4xx_hal.o
LOAD ./Drivers/STM32F4xx_HAL_Driver/Src/stm32f4xx_hal_cortex.o
LOAD ./Drivers/STM32F4xx_HAL_Driver/Src/stm32f4xx_hal_dma.o
LOAD ./Drivers/STM32F4xx_HAL_Driver/Src/stm32f4xx_hal_dma_ex.o
LOAD ./Drivers/STM32F4xx_HAL_Driver/Src/stm32f4xx_hal_exti.o
LOAD ./Drivers/STM32F4xx_HAL_Driver/Src/stm32f4xx_hal_flash.o
LOAD ./Drivers/STM32F4xx_HAL_Driver/Src/stm32f4xx_hal_flash_ex.o
LOAD ./Drivers/STM32F4xx_HAL_Driver/Src/stm32f4xx_hal_flash_ramfunc.o
LOAD ./Drivers/STM32F4xx_HAL_Driver/Src/stm32f4xx_hal_gpio.o
LOAD ./Drivers/STM32F4xx_HAL_Driver/Src/stm32f4xx_hal_i2c.o
LOAD ./Drivers/STM32F4xx_HAL_Driver/Src/stm32f4xx_hal_i2c_ex.o
LOAD ./Drivers/STM32F4xx_HAL_Driver/Src/stm32f4xx_hal_pwr.o
LOAD ./Drivers/STM32F4xx_HAL_Driver/Src/stm32f4xx_hal_pwr_ex.o
LOAD ./Drivers/STM32F4xx_HAL_Driver/Src/stm32f4xx_hal_rcc.o
LOAD ./Drivers/STM32F4xx_HAL_Driver/Src/stm32f4xx_hal_rcc_ex.o
LOAD ./Drivers/STM32F4xx_HAL_Driver/Src/stm32f4xx_hal_spi.o
LOAD ./Drivers/STM32F4xx_HAL_Driver/Src/stm32f4xx_hal_tim.o
LOAD ./Drivers/STM32F4xx_HAL_Driver/Src/stm32f4xx_hal_tim_ex.o
LOAD ./Drivers/STM32F4xx_HAL_Driver/Src/stm32f4xx_hal_uart.o
LOAD ./FATFS/App/fatfs.o
LOAD ./FATFS/Target/user_diskio.o
LOAD ./Middlewares/Third_Party/FatFs/src/diskio.o
LOAD ./Middlewares/Third_Party/FatFs/src/ff.o
LOAD ./Middlewares/Third_Party/FatFs/src/ff_gen_drv.o
LOAD ./Middlewares/Third_Party/FatFs/src/option/ccsbcs.o
LOAD ./Middlewares/Third_Party/FatFs/src/option/syscall.o
LOAD ./Middlewares/Third_Party/FreeRTOS/Source/CMSIS_RTOS/cmsis_os.o
LOAD ./Middlewares/Third_Party/FreeRTOS/Source/croutine.o
LOAD ./Middlewares/Third_Party/FreeRTOS/Source/event_groups.o
LOAD ./Middlewares/Third_Party/FreeRTOS/Source/list.o
LOAD ./Middlewares/Third_Party/FreeRTOS/Source/queue.o
LOAD ./Middlewares/Third_Party/FreeRTOS/Source/stream_buffer.o
LOAD ./Middlewares/Third_Party/FreeRTOS/Source/tasks.o
LOAD ./Middlewares/Third_Party/FreeRTOS/Source/timers.o
LOAD ./Middlewares/Third_Party/FreeRTOS/Source/portable/GCC/ARM_CM4F/port.o
LOAD ./Middlewares/Third_Party/FreeRTOS/Source/portable/MemMang/heap_4.o
START GROUP
LOAD C:/ST/STM32CubeIDE_1.15.1/STM32CubeIDE/plugins/com.st.stm32cube.ide.mcu.externaltools.gnu-tools-for-stm32.12.3.rel1.win32_1.0.100.202403111256/tools/bin/../lib/gcc/arm-none-eabi/12.3.1/../../../../arm-none-eabi/lib/thumb/v7e-m+fp/hard\libc_nano.a
LOAD C:/ST/STM32CubeIDE_1.15.1/STM32CubeIDE/plugins/com.st.stm32cube.ide.mcu.externaltools.gnu-tools-for-stm32.12.3.rel1.win32_1.0.100.202403111256/tools/bin/../lib/gcc/arm-none-eabi/12.3.1/../../../../arm-none-eabi/lib/thumb/v7e-m+fp/hard\libm.a
END GROUP
START GROUP
LOAD C:/ST/STM32CubeIDE_1.15.1/STM32CubeIDE/plugins/com.st.stm32cube.ide.mcu.externaltools.gnu-tools-for-stm32.12.3.rel1.win32_1.0.100.202403111256/tools/bin/../lib/gcc/arm-none-eabi/12.3.1/thumb/v7e-m+fp/hard\libgcc.a
LOAD C:/ST/STM32CubeIDE_1.15.1/STM32CubeIDE/plugins/com.st.stm32cube.ide.mcu.externaltools.gnu-tools-for-stm32.12.3.rel1.win32_1.0.100.202403111256/tools/bin/../lib/gcc/arm-none-eabi/12.3.1/../../../../arm-none-eabi/lib/thumb/v7e-m+fp/hard\libc_nano.a
END GROUP
START GROUP
LOAD C:/ST/STM32CubeIDE_1.15.1/STM32CubeIDE/plugins/com.st.stm32cube.ide.mcu.externaltools.gnu-tools-for-stm32.12.3.rel1.win32_1.0.100.202403111256/tools/bin/../lib/gcc/arm-none-eabi/12.3.1/thumb/v7e-m+fp/hard\libgcc.a
LOAD C:/ST/STM32CubeIDE_1.15.1/STM32CubeIDE/plugins/com.st.stm32cube.ide.mcu.externaltools.gnu-tools-for-stm32.12.3.rel1.win32_1.0.100.202403111256/tools/bin/../lib/gcc/arm-none-eabi/12.3.1/../../../../arm-none-eabi/lib/thumb/v7e-m+fp/hard\libc_nano.a
LOAD C:/ST/STM32CubeIDE_1.15.1/STM32CubeIDE/plugins/com.st.stm32cube.ide.mcu.externaltools.gnu-tools-for-stm32.12.3.rel1.win32_1.0.100.202403111256/tools/bin/../lib/gcc/arm-none-eabi/12.3.1/../../../../arm-none-eabi/lib/thumb/v7e-m+fp/hard\libnosys.a
END GROUP
START GROUP
LOAD C:/ST/STM32CubeIDE_1.15.1/STM32CubeIDE/plugins/com.st.stm32cube.ide.mcu.externaltools.gnu-tools-for-stm32.12.3.rel1.win32_1.0.100.202403111256/tools/bin/../lib/gcc/arm-none-eabi/12.3.1/thumb/v7e-m+fp/hard\libgcc.a
LOAD C:/ST/STM32CubeIDE_1.15.1/STM32CubeIDE/plugins/com.st.stm32cube.ide.mcu.externaltools.gnu-tools-for-stm32.12.3.rel1.win32_1.0.100.202403111256/tools/bin/../lib/gcc/arm-none-eabi/12.3.1/../../../../arm-none-eabi/lib/thumb/v7e-m+fp/hard\libc_nano.a
LOAD C:/ST/STM32CubeIDE_1.15.1/STM32CubeIDE/plugins/com.st.stm32cube.ide.mcu.externaltools.gnu-tools-for-stm32.12.3.rel1.win32_1.0.100.202403111256/tools/bin/../lib/gcc/arm-none-eabi/12.3.1/../../../../arm-none-eabi/lib/thumb/v7e-m+fp/hard\libnosys.a
END GROUP
LOAD C:/ST/STM32CubeIDE_1.15.1/STM32CubeIDE/plugins/com.st.stm32cube.ide.mcu.externaltools.gnu-tools-for-stm32.12.3.rel1.win32_1.0.100.202403111256/tools/bin/../lib/gcc/arm-none-eabi/12.3.1/thumb/v7e-m+fp/hard/crtend.o
LOAD C:/ST/STM32CubeIDE_1.15.1/STM32CubeIDE/plugins/com.st.stm32cube.ide.mcu.externaltools.gnu-tools-for-stm32.12.3.rel1.win32_1.0.100.202403111256/tools/bin/../lib/gcc/arm-none-eabi/12.3.1/thumb/v7e-m+fp/hard/crtn.o
                0x20018000                        _estack = (ORIGIN (RAM) + LENGTH (RAM))
                0x00000200                        _Min_Heap_Size = 0x200
                0x00000400                        _Min_Stack_Size = 0x400

.isr_vector     0x08000000      0x194
                0x08000000                        . = ALIGN (0x4)
 *(.isr_vector)
 .isr_vector    0x08000000      0x194 ./Core/Startup/startup_stm32f401retx.o
                0x08000000                g_pfnVectors
                0x08000194                        . = ALIGN (0x4)

.text           0x080001a0     0x6d60
                0x080001a0                        . = ALIGN (0x4)
 *(.text)
 .text          0x080001a0       0x40 C:/ST/STM32CubeIDE_1.15.1/STM32CubeIDE/plugins/com.st.stm32cube.ide.mcu.externaltools.gnu-tools-for-stm32.12.3.rel1.win32_1.0.100.202403111256/tools/bin/../lib/gcc/arm-none-eabi/12.3.1/thumb/v7e-m+fp/hard/crtbegin.o
 .text          0x080001e0       0x30 C:/ST/STM32CubeIDE_1.15.1/STM32CubeIDE/plugins/com.st.stm32cube.ide.mcu.externaltools.gnu-tools-for-stm32.12.3.rel1.win32_1.0.100.202403111256/tools/bin/../lib/gcc/arm-none-eabi/12.3.1/thumb/v7e-m+fp/hard\libgcc.a(_aeabi_uldivmod.o)
                0x080001e0                __aeabi_uldivmod
 .text          0x08000210      0x2bc C:/ST/STM32CubeIDE_1.15.1/STM32CubeIDE/plugins/com.st.stm32cube.ide.mcu.externaltools.gnu-tools-for-stm32.12.3.rel1.win32_1.0.100.202403111256/tools/bin/../lib/gcc/arm-none-eabi/12.3.1/thumb/v7e-m+fp/hard\libgcc.a(_udivmoddi4.o)
                0x08000210                __udivmoddi4
 .text          0x080004cc        0x4 C:/ST/STM32CubeIDE_1.15.1/STM32CubeIDE/plugins/com.st.stm32cube.ide.mcu.externaltools.gnu-tools-for-stm32.12.3.rel1.win32_1.0.100.202403111256/tools/bin/../lib/gcc/arm-none-eabi/12.3.1/thumb/v7e-m+fp/hard\libgcc.a(_dvmd_tls.o)
                0x080004cc                __aeabi_idiv0
                0x080004cc                __aeabi_ldiv0
 *(.text*)
 .text.SELECT   0x080004d0       0x1c ./Core/Src/Device_Drivers_src/fatfs_sd.o
 .text.DESELECT
                0x080004ec       0x1c ./Core/Src/Device_Drivers_src/fatfs_sd.o
 .text.SPI_TxByte
                0x08000508       0x34 ./Core/Src/Device_Drivers_src/fatfs_sd.o
 .text.SPI_TxBuffer
                0x0800053c       0x34 ./Core/Src/Device_Drivers_src/fatfs_sd.o
 .text.SPI_RxByte
                0x08000570       0x38 ./Core/Src/Device_Drivers_src/fatfs_sd.o
 .text.SPI_RxBytePtr
                0x080005a8       0x1c ./Core/Src/Device_Drivers_src/fatfs_sd.o
 .text.SD_ReadyWait
                0x080005c4       0x34 ./Core/Src/Device_Drivers_src/fatfs_sd.o
 .text.SD_PowerOn
                0x080005f8       0x84 ./Core/Src/Device_Drivers_src/fatfs_sd.o
 .text.SD_PowerOff
                0x0800067c       0x18 ./Core/Src/Device_Drivers_src/fatfs_sd.o
 .text.SD_CheckPower
                0x08000694       0x18 ./Core/Src/Device_Drivers_src/fatfs_sd.o
 .text.SD_RxDataBlock
                0x080006ac       0x60 ./Core/Src/Device_Drivers_src/fatfs_sd.o
 .text.SD_TxDataBlock
                0x0800070c       0x86 ./Core/Src/Device_Drivers_src/fatfs_sd.o
 .text.SD_SendCmd
                0x08000792       0xa8 ./Core/Src/Device_Drivers_src/fatfs_sd.o
 *fill*         0x0800083a        0x2 
 .text.SD_disk_initialize
                0x0800083c      0x1d8 ./Core/Src/Device_Drivers_src/fatfs_sd.o
                0x0800083c                SD_disk_initialize
 .text.SD_disk_status
                0x08000a14       0x2c ./Core/Src/Device_Drivers_src/fatfs_sd.o
                0x08000a14                SD_disk_status
 .text.SD_disk_read
                0x08000a40       0xd4 ./Core/Src/Device_Drivers_src/fatfs_sd.o
                0x08000a40                SD_disk_read
 .text.SD_disk_write
                0x08000b14      0x108 ./Core/Src/Device_Drivers_src/fatfs_sd.o
                0x08000b14                SD_disk_write
 .text.SD_disk_ioctl
                0x08000c1c      0x254 ./Core/Src/Device_Drivers_src/fatfs_sd.o
                0x08000c1c                SD_disk_ioctl
 .text.HandleInput
                0x08000e70       0xc4 ./Core/Src/Device_Drivers_src/keypad.o
                0x08000e70                HandleInput
 .text.GetKey   0x08000f34      0x124 ./Core/Src/Device_Drivers_src/keypad.o
                0x08000f34                GetKey
 .text.ClearBuffer
                0x08001058       0x36 ./Core/Src/Device_Drivers_src/keypad.o
                0x08001058                ClearBuffer
 .text.displayInit
                0x0800108e        0xc ./Core/Src/Device_Drivers_src/screen.o
                0x0800108e                displayInit
 *fill*         0x0800109a        0x2 
 .text.displayInsertKeyMsg
                0x0800109c       0x74 ./Core/Src/Device_Drivers_src/screen.o
                0x0800109c                displayInsertKeyMsg
 .text.displayTimeoutMsg
                0x08001110       0x44 ./Core/Src/Device_Drivers_src/screen.o
                0x08001110                displayTimeoutMsg
 .text.displayIncompleteMsg
                0x08001154       0x94 ./Core/Src/Device_Drivers_src/screen.o
                0x08001154                displayIncompleteMsg
 .text.displayAccessState
                0x080011e8       0x68 ./Core/Src/Device_Drivers_src/screen.o
                0x080011e8                displayAccessState
 .text.ssd1306_Reset
                0x08001250        0xe ./Core/Src/Device_Drivers_src/ssd1306.o
                0x08001250                ssd1306_Reset
 *fill*         0x0800125e        0x2 
 .text.ssd1306_WriteCommand
                0x08001260       0x30 ./Core/Src/Device_Drivers_src/ssd1306.o
                0x08001260                ssd1306_WriteCommand
 .text.ssd1306_WriteData
                0x08001290       0x34 ./Core/Src/Device_Drivers_src/ssd1306.o
                0x08001290                ssd1306_WriteData
 .text.ssd1306_Init
                0x080012c4       0xd4 ./Core/Src/Device_Drivers_src/ssd1306.o
                0x080012c4                ssd1306_Init
 .text.ssd1306_Fill
                0x08001398       0x30 ./Core/Src/Device_Drivers_src/ssd1306.o
                0x08001398                ssd1306_Fill
 .text.ssd1306_UpdateScreen
                0x080013c8       0x50 ./Core/Src/Device_Drivers_src/ssd1306.o
                0x080013c8                ssd1306_UpdateScreen
 .text.ssd1306_DrawPixel
                0x08001418       0xa8 ./Core/Src/Device_Drivers_src/ssd1306.o
                0x08001418                ssd1306_DrawPixel
 .text.ssd1306_WriteChar
                0x080014c0      0x120 ./Core/Src/Device_Drivers_src/ssd1306.o
                0x080014c0                ssd1306_WriteChar
 .text.ssd1306_WriteString
                0x080015e0       0x4c ./Core/Src/Device_Drivers_src/ssd1306.o
                0x080015e0                ssd1306_WriteString
 .text.ssd1306_SetCursor
                0x0800162c       0x30 ./Core/Src/Device_Drivers_src/ssd1306.o
                0x0800162c                ssd1306_SetCursor
 .text.ssd1306_SetContrast
                0x0800165c       0x26 ./Core/Src/Device_Drivers_src/ssd1306.o
                0x0800165c                ssd1306_SetContrast
 *fill*         0x08001682        0x2 
 .text.ssd1306_SetDisplayOn
                0x08001684       0x3c ./Core/Src/Device_Drivers_src/ssd1306.o
                0x08001684                ssd1306_SetDisplayOn
 .text.vApplicationGetIdleTaskMemory
                0x080016c0       0x34 ./Core/Src/freertos.o
                0x080016c0                vApplicationGetIdleTaskMemory
 .text.main     0x080016f4       0x94 ./Core/Src/main.o
                0x080016f4                main
 .text.SystemClock_Config
                0x08001788       0xd8 ./Core/Src/main.o
                0x08001788                SystemClock_Config
 .text.MX_I2C1_Init
                0x08001860       0x5c ./Core/Src/main.o
 .text.MX_SPI3_Init
                0x080018bc       0x6c ./Core/Src/main.o
 .text.MX_USART2_UART_Init
                0x08001928       0x54 ./Core/Src/main.o
 .text.MX_GPIO_Init
                0x0800197c      0x164 ./Core/Src/main.o
 .text.HAL_TIM_PeriodElapsedCallback
                0x08001ae0       0x1e ./Core/Src/main.o
                0x08001ae0                HAL_TIM_PeriodElapsedCallback
 .text.Error_Handler
                0x08001afe        0xc ./Core/Src/main.o
                0x08001afe                Error_Handler
 *fill*         0x08001b0a        0x2 
 .text.HAL_MspInit
                0x08001b0c       0x58 ./Core/Src/stm32f4xx_hal_msp.o
                0x08001b0c                HAL_MspInit
 .text.HAL_I2C_MspInit
                0x08001b64       0x90 ./Core/Src/stm32f4xx_hal_msp.o
                0x08001b64                HAL_I2C_MspInit
 .text.HAL_SPI_MspInit
                0x08001bf4       0x90 ./Core/Src/stm32f4xx_hal_msp.o
                0x08001bf4                HAL_SPI_MspInit
 .text.HAL_UART_MspInit
                0x08001c84       0x90 ./Core/Src/stm32f4xx_hal_msp.o
                0x08001c84                HAL_UART_MspInit
 .text.HAL_InitTick
                0x08001d14       0xf8 ./Core/Src/stm32f4xx_hal_timebase_tim.o
                0x08001d14                HAL_InitTick
 .text.SDTimer_Handler
                0x08001e0c       0x48 ./Core/Src/stm32f4xx_it.o
                0x08001e0c                SDTimer_Handler
 .text.NMI_Handler
                0x08001e54        0x8 ./Core/Src/stm32f4xx_it.o
                0x08001e54                NMI_Handler
 .text.HardFault_Handler
                0x08001e5c        0x8 ./Core/Src/stm32f4xx_it.o
                0x08001e5c                HardFault_Handler
 .text.MemManage_Handler
                0x08001e64        0x8 ./Core/Src/stm32f4xx_it.o
                0x08001e64                MemManage_Handler
 .text.BusFault_Handler
                0x08001e6c        0x8 ./Core/Src/stm32f4xx_it.o
                0x08001e6c                BusFault_Handler
 .text.UsageFault_Handler
                0x08001e74        0x8 ./Core/Src/stm32f4xx_it.o
                0x08001e74                UsageFault_Handler
 .text.DebugMon_Handler
                0x08001e7c        0xe ./Core/Src/stm32f4xx_it.o
                0x08001e7c                DebugMon_Handler
 *fill*         0x08001e8a        0x2 
 .text.TIM2_IRQHandler
                0x08001e8c       0x38 ./Core/Src/stm32f4xx_it.o
                0x08001e8c                TIM2_IRQHandler
 .text.SystemInit
                0x08001ec4       0x24 ./Core/Src/system_stm32f4xx.o
                0x08001ec4                SystemInit
 .text.KeypadScanning
                0x08001ee8      0x1e8 ./Core/Src/tasks.o
                0x08001ee8                KeypadScanning
 .text.ScreenManager
                0x080020d0       0xec ./Core/Src/tasks.o
                0x080020d0                ScreenManager
 .text.IdleTask
                0x080021bc        0xc ./Core/Src/tasks.o
                0x080021bc                IdleTask
 .text.Reset_Handler
                0x080021c8       0x50 ./Core/Startup/startup_stm32f401retx.o
                0x080021c8                Reset_Handler
 .text.Default_Handler
                0x08002218        0x2 ./Core/Startup/startup_stm32f401retx.o
                0x08002218                RTC_Alarm_IRQHandler
                0x08002218                EXTI2_IRQHandler
                0x08002218                SPI4_IRQHandler
                0x08002218                TIM1_CC_IRQHandler
                0x08002218                DMA2_Stream5_IRQHandler
                0x08002218                DMA1_Stream5_IRQHandler
                0x08002218                PVD_IRQHandler
                0x08002218                SDIO_IRQHandler
                0x08002218                TAMP_STAMP_IRQHandler
                0x08002218                EXTI3_IRQHandler
                0x08002218                TIM1_UP_TIM10_IRQHandler
                0x08002218                I2C3_ER_IRQHandler
                0x08002218                EXTI0_IRQHandler
                0x08002218                I2C2_EV_IRQHandler
                0x08002218                DMA1_Stream2_IRQHandler
                0x08002218                FPU_IRQHandler
                0x08002218                DMA2_Stream2_IRQHandler
                0x08002218                SPI1_IRQHandler
                0x08002218                TIM1_BRK_TIM9_IRQHandler
                0x08002218                DMA2_Stream3_IRQHandler
                0x08002218                USART6_IRQHandler
                0x08002218                DMA2_Stream0_IRQHandler
                0x08002218                TIM4_IRQHandler
                0x08002218                I2C1_EV_IRQHandler
                0x08002218                DMA1_Stream6_IRQHandler
                0x08002218                DMA1_Stream1_IRQHandler
                0x08002218                TIM3_IRQHandler
                0x08002218                RCC_IRQHandler
                0x08002218                Default_Handler
                0x08002218                EXTI15_10_IRQHandler
                0x08002218                ADC_IRQHandler
                0x08002218                DMA1_Stream7_IRQHandler
                0x08002218                TIM5_IRQHandler
                0x08002218                DMA2_Stream7_IRQHandler
                0x08002218                I2C3_EV_IRQHandler
                0x08002218                EXTI9_5_IRQHandler
                0x08002218                RTC_WKUP_IRQHandler
                0x08002218                SPI2_IRQHandler
                0x08002218                DMA1_Stream0_IRQHandler
                0x08002218                EXTI4_IRQHandler
                0x08002218                WWDG_IRQHandler
                0x08002218                OTG_FS_WKUP_IRQHandler
                0x08002218                TIM1_TRG_COM_TIM11_IRQHandler
                0x08002218                EXTI1_IRQHandler
                0x08002218                USART2_IRQHandler
                0x08002218                I2C2_ER_IRQHandler
                0x08002218                DMA2_Stream1_IRQHandler
                0x08002218                FLASH_IRQHandler
                0x08002218                DMA2_Stream4_IRQHandler
                0x08002218                USART1_IRQHandler
                0x08002218                OTG_FS_IRQHandler
                0x08002218                SPI3_IRQHandler
                0x08002218                DMA1_Stream4_IRQHandler
                0x08002218                I2C1_ER_IRQHandler
                0x08002218                DMA2_Stream6_IRQHandler
                0x08002218                DMA1_Stream3_IRQHandler
 *fill*         0x0800221a        0x2 
 .text.HAL_Init
                0x0800221c       0x44 ./Drivers/STM32F4xx_HAL_Driver/Src/stm32f4xx_hal.o
                0x0800221c                HAL_Init
 .text.HAL_IncTick
                0x08002260       0x28 ./Drivers/STM32F4xx_HAL_Driver/Src/stm32f4xx_hal.o
                0x08002260                HAL_IncTick
 .text.HAL_GetTick
                0x08002288       0x18 ./Drivers/STM32F4xx_HAL_Driver/Src/stm32f4xx_hal.o
                0x08002288                HAL_GetTick
 .text.HAL_Delay
                0x080022a0       0x48 ./Drivers/STM32F4xx_HAL_Driver/Src/stm32f4xx_hal.o
                0x080022a0                HAL_Delay
 .text.__NVIC_SetPriorityGrouping
                0x080022e8       0x48 ./Drivers/STM32F4xx_HAL_Driver/Src/stm32f4xx_hal_cortex.o
 .text.__NVIC_GetPriorityGrouping
                0x08002330       0x1c ./Drivers/STM32F4xx_HAL_Driver/Src/stm32f4xx_hal_cortex.o
 .text.__NVIC_EnableIRQ
                0x0800234c       0x3c ./Drivers/STM32F4xx_HAL_Driver/Src/stm32f4xx_hal_cortex.o
 .text.__NVIC_SetPriority
                0x08002388       0x54 ./Drivers/STM32F4xx_HAL_Driver/Src/stm32f4xx_hal_cortex.o
 .text.NVIC_EncodePriority
                0x080023dc       0x66 ./Drivers/STM32F4xx_HAL_Driver/Src/stm32f4xx_hal_cortex.o
 .text.HAL_NVIC_SetPriorityGrouping
                0x08002442       0x16 ./Drivers/STM32F4xx_HAL_Driver/Src/stm32f4xx_hal_cortex.o
                0x08002442                HAL_NVIC_SetPriorityGrouping
 .text.HAL_NVIC_SetPriority
                0x08002458       0x38 ./Drivers/STM32F4xx_HAL_Driver/Src/stm32f4xx_hal_cortex.o
                0x08002458                HAL_NVIC_SetPriority
 .text.HAL_NVIC_EnableIRQ
                0x08002490       0x1c ./Drivers/STM32F4xx_HAL_Driver/Src/stm32f4xx_hal_cortex.o
                0x08002490                HAL_NVIC_EnableIRQ
 .text.HAL_GPIO_Init
                0x080024ac      0x308 ./Drivers/STM32F4xx_HAL_Driver/Src/stm32f4xx_hal_gpio.o
                0x080024ac                HAL_GPIO_Init
 .text.HAL_GPIO_ReadPin
                0x080027b4       0x30 ./Drivers/STM32F4xx_HAL_Driver/Src/stm32f4xx_hal_gpio.o
                0x080027b4                HAL_GPIO_ReadPin
 .text.HAL_GPIO_WritePin
                0x080027e4       0x32 ./Drivers/STM32F4xx_HAL_Driver/Src/stm32f4xx_hal_gpio.o
                0x080027e4                HAL_GPIO_WritePin
 *fill*         0x08002816        0x2 
 .text.HAL_I2C_Init
                0x08002818      0x288 ./Drivers/STM32F4xx_HAL_Driver/Src/stm32f4xx_hal_i2c.o
                0x08002818                HAL_I2C_Init
 .text.HAL_I2C_Mem_Write
                0x08002aa0      0x1f4 ./Drivers/STM32F4xx_HAL_Driver/Src/stm32f4xx_hal_i2c.o
                0x08002aa0                HAL_I2C_Mem_Write
 .text.I2C_RequestMemoryWrite
                0x08002c94      0x12c ./Drivers/STM32F4xx_HAL_Driver/Src/stm32f4xx_hal_i2c.o
 .text.I2C_WaitOnFlagUntilTimeout
                0x08002dc0       0xf4 ./Drivers/STM32F4xx_HAL_Driver/Src/stm32f4xx_hal_i2c.o
 .text.I2C_WaitOnMasterAddressFlagUntilTimeout
                0x08002eb4      0x140 ./Drivers/STM32F4xx_HAL_Driver/Src/stm32f4xx_hal_i2c.o
 .text.I2C_WaitOnTXEFlagUntilTimeout
                0x08002ff4       0x90 ./Drivers/STM32F4xx_HAL_Driver/Src/stm32f4xx_hal_i2c.o
 .text.I2C_WaitOnBTFFlagUntilTimeout
                0x08003084       0x90 ./Drivers/STM32F4xx_HAL_Driver/Src/stm32f4xx_hal_i2c.o
 .text.I2C_IsAcknowledgeFailed
                0x08003114       0x5e ./Drivers/STM32F4xx_HAL_Driver/Src/stm32f4xx_hal_i2c.o
 *fill*         0x08003172        0x2 
 .text.HAL_RCC_OscConfig
                0x08003174      0x4f0 ./Drivers/STM32F4xx_HAL_Driver/Src/stm32f4xx_hal_rcc.o
                0x08003174                HAL_RCC_OscConfig
 .text.HAL_RCC_ClockConfig
                0x08003664      0x1cc ./Drivers/STM32F4xx_HAL_Driver/Src/stm32f4xx_hal_rcc.o
                0x08003664                HAL_RCC_ClockConfig
 .text.HAL_RCC_GetSysClockFreq
                0x08003830      0x20c ./Drivers/STM32F4xx_HAL_Driver/Src/stm32f4xx_hal_rcc.o
                0x08003830                HAL_RCC_GetSysClockFreq
 .text.HAL_RCC_GetHCLKFreq
                0x08003a3c       0x18 ./Drivers/STM32F4xx_HAL_Driver/Src/stm32f4xx_hal_rcc.o
                0x08003a3c                HAL_RCC_GetHCLKFreq
 .text.HAL_RCC_GetPCLK1Freq
                0x08003a54       0x28 ./Drivers/STM32F4xx_HAL_Driver/Src/stm32f4xx_hal_rcc.o
                0x08003a54                HAL_RCC_GetPCLK1Freq
 .text.HAL_RCC_GetPCLK2Freq
                0x08003a7c       0x28 ./Drivers/STM32F4xx_HAL_Driver/Src/stm32f4xx_hal_rcc.o
                0x08003a7c                HAL_RCC_GetPCLK2Freq
 .text.HAL_RCC_GetClockConfig
                0x08003aa4       0x64 ./Drivers/STM32F4xx_HAL_Driver/Src/stm32f4xx_hal_rcc.o
                0x08003aa4                HAL_RCC_GetClockConfig
 .text.HAL_SPI_Init
                0x08003b08      0x112 ./Drivers/STM32F4xx_HAL_Driver/Src/stm32f4xx_hal_spi.o
                0x08003b08                HAL_SPI_Init
 .text.HAL_SPI_Transmit
                0x08003c1a      0x286 ./Drivers/STM32F4xx_HAL_Driver/Src/stm32f4xx_hal_spi.o
                0x08003c1a                HAL_SPI_Transmit
 .text.HAL_SPI_TransmitReceive
                0x08003ea0      0x360 ./Drivers/STM32F4xx_HAL_Driver/Src/stm32f4xx_hal_spi.o
                0x08003ea0                HAL_SPI_TransmitReceive
 .text.SPI_WaitFlagStateUntilTimeout
                0x08004200      0x110 ./Drivers/STM32F4xx_HAL_Driver/Src/stm32f4xx_hal_spi.o
 .text.SPI_EndRxTxTransaction
                0x08004310       0xa8 ./Drivers/STM32F4xx_HAL_Driver/Src/stm32f4xx_hal_spi.o
 .text.HAL_TIM_Base_Init
                0x080043b8       0x9e ./Drivers/STM32F4xx_HAL_Driver/Src/stm32f4xx_hal_tim.o
                0x080043b8                HAL_TIM_Base_Init
 .text.HAL_TIM_Base_MspInit
                0x08004456       0x14 ./Drivers/STM32F4xx_HAL_Driver/Src/stm32f4xx_hal_tim.o
                0x08004456                HAL_TIM_Base_MspInit
 *fill*         0x0800446a        0x2 
 .text.HAL_TIM_Base_Start_IT
                0x0800446c       0xc4 ./Drivers/STM32F4xx_HAL_Driver/Src/stm32f4xx_hal_tim.o
                0x0800446c                HAL_TIM_Base_Start_IT
 .text.HAL_TIM_IRQHandler
                0x08004530      0x1e0 ./Drivers/STM32F4xx_HAL_Driver/Src/stm32f4xx_hal_tim.o
                0x08004530                HAL_TIM_IRQHandler
 .text.HAL_TIM_OC_DelayElapsedCallback
                0x08004710       0x14 ./Drivers/STM32F4xx_HAL_Driver/Src/stm32f4xx_hal_tim.o
                0x08004710                HAL_TIM_OC_DelayElapsedCallback
 .text.HAL_TIM_IC_CaptureCallback
                0x08004724       0x14 ./Drivers/STM32F4xx_HAL_Driver/Src/stm32f4xx_hal_tim.o
                0x08004724                HAL_TIM_IC_CaptureCallback
 .text.HAL_TIM_PWM_PulseFinishedCallback
                0x08004738       0x14 ./Drivers/STM32F4xx_HAL_Driver/Src/stm32f4xx_hal_tim.o
                0x08004738                HAL_TIM_PWM_PulseFinishedCallback
 .text.HAL_TIM_TriggerCallback
                0x0800474c       0x14 ./Drivers/STM32F4xx_HAL_Driver/Src/stm32f4xx_hal_tim.o
                0x0800474c                HAL_TIM_TriggerCallback
 .text.TIM_Base_SetConfig
                0x08004760      0x118 ./Drivers/STM32F4xx_HAL_Driver/Src/stm32f4xx_hal_tim.o
                0x08004760                TIM_Base_SetConfig
 .text.HAL_TIMEx_CommutCallback
                0x08004878       0x14 ./Drivers/STM32F4xx_HAL_Driver/Src/stm32f4xx_hal_tim_ex.o
                0x08004878                HAL_TIMEx_CommutCallback
 .text.HAL_TIMEx_BreakCallback
                0x0800488c       0x14 ./Drivers/STM32F4xx_HAL_Driver/Src/stm32f4xx_hal_tim_ex.o
                0x0800488c                HAL_TIMEx_BreakCallback
 .text.HAL_UART_Init
                0x080048a0       0xa0 ./Drivers/STM32F4xx_HAL_Driver/Src/stm32f4xx_hal_uart.o
                0x080048a0                HAL_UART_Init
 .text.UART_SetConfig
                0x08004940      0x4e8 ./Drivers/STM32F4xx_HAL_Driver/Src/stm32f4xx_hal_uart.o
 .text.MX_FATFS_Init
                0x08004e28       0x24 ./FATFS/App/fatfs.o
                0x08004e28                MX_FATFS_Init
 .text.USER_initialize
                0x08004e4c       0x1c ./FATFS/Target/user_diskio.o
                0x08004e4c                USER_initialize
 .text.USER_status
                0x08004e68       0x1c ./FATFS/Target/user_diskio.o
                0x08004e68                USER_status
 .text.USER_read
                0x08004e84       0x26 ./FATFS/Target/user_diskio.o
                0x08004e84                USER_read
 .text.USER_write
                0x08004eaa       0x26 ./FATFS/Target/user_diskio.o
                0x08004eaa                USER_write
 .text.USER_ioctl
                0x08004ed0       0x26 ./FATFS/Target/user_diskio.o
                0x08004ed0                USER_ioctl
 *fill*         0x08004ef6        0x2 
 .text.FATFS_LinkDriverEx
                0x08004ef8       0x98 ./Middlewares/Third_Party/FatFs/src/ff_gen_drv.o
                0x08004ef8                FATFS_LinkDriverEx
 .text.FATFS_LinkDriver
                0x08004f90       0x1e ./Middlewares/Third_Party/FatFs/src/ff_gen_drv.o
                0x08004f90                FATFS_LinkDriver
 .text.vListInitialise
                0x08004fae       0x40 ./Middlewares/Third_Party/FreeRTOS/Source/list.o
                0x08004fae                vListInitialise
 .text.vListInitialiseItem
                0x08004fee       0x1a ./Middlewares/Third_Party/FreeRTOS/Source/list.o
                0x08004fee                vListInitialiseItem
 .text.vListInsertEnd
                0x08005008       0x48 ./Middlewares/Third_Party/FreeRTOS/Source/list.o
                0x08005008                vListInsertEnd
 .text.vListInsert
                0x08005050       0x72 ./Middlewares/Third_Party/FreeRTOS/Source/list.o
                0x08005050                vListInsert
 .text.uxListRemove
                0x080050c2       0x54 ./Middlewares/Third_Party/FreeRTOS/Source/list.o
                0x080050c2                uxListRemove
 *fill*         0x08005116        0x2 
 .text.xQueueGenericReset
                0x08005118       0xd4 ./Middlewares/Third_Party/FreeRTOS/Source/queue.o
                0x08005118                xQueueGenericReset
 .text.xQueueGenericCreate
                0x080051ec       0x76 ./Middlewares/Third_Party/FreeRTOS/Source/queue.o
                0x080051ec                xQueueGenericCreate
 .text.prvInitialiseNewQueue
                0x08005262       0x3e ./Middlewares/Third_Party/FreeRTOS/Source/queue.o
 .text.xQueueGenericSend
                0x080052a0      0x204 ./Middlewares/Third_Party/FreeRTOS/Source/queue.o
                0x080052a0                xQueueGenericSend
 .text.xQueueReceive
                0x080054a4      0x1c4 ./Middlewares/Third_Party/FreeRTOS/Source/queue.o
                0x080054a4                xQueueReceive
 .text.prvCopyDataToQueue
                0x08005668       0xd4 ./Middlewares/Third_Party/FreeRTOS/Source/queue.o
 .text.prvCopyDataFromQueue
                0x0800573c       0x4c ./Middlewares/Third_Party/FreeRTOS/Source/queue.o
 .text.prvUnlockQueue
                0x08005788       0xa4 ./Middlewares/Third_Party/FreeRTOS/Source/queue.o
 .text.prvIsQueueEmpty
                0x0800582c       0x2c ./Middlewares/Third_Party/FreeRTOS/Source/queue.o
 .text.prvIsQueueFull
                0x08005858       0x30 ./Middlewares/Third_Party/FreeRTOS/Source/queue.o
 .text.xTaskCreateStatic
                0x08005888       0xc0 ./Middlewares/Third_Party/FreeRTOS/Source/tasks.o
                0x08005888                xTaskCreateStatic
 .text.xTaskCreate
                0x08005948       0x8a ./Middlewares/Third_Party/FreeRTOS/Source/tasks.o
                0x08005948                xTaskCreate
 .text.prvInitialiseNewTask
                0x080059d2      0x110 ./Middlewares/Third_Party/FreeRTOS/Source/tasks.o
 *fill*         0x08005ae2        0x2 
 .text.prvAddNewTaskToReadyList
                0x08005ae4       0xd4 ./Middlewares/Third_Party/FreeRTOS/Source/tasks.o
 .text.vTaskDelay
                0x08005bb8       0x6c ./Middlewares/Third_Party/FreeRTOS/Source/tasks.o
                0x08005bb8                vTaskDelay
 .text.vTaskStartScheduler
                0x08005c24       0xc4 ./Middlewares/Third_Party/FreeRTOS/Source/tasks.o
                0x08005c24                vTaskStartScheduler
 .text.vTaskSuspendAll
                0x08005ce8       0x1c ./Middlewares/Third_Party/FreeRTOS/Source/tasks.o
                0x08005ce8                vTaskSuspendAll
 .text.xTaskResumeAll
                0x08005d04      0x13c ./Middlewares/Third_Party/FreeRTOS/Source/tasks.o
                0x08005d04                xTaskResumeAll
 .text.xTaskGetTickCount
                0x08005e40       0x20 ./Middlewares/Third_Party/FreeRTOS/Source/tasks.o
                0x08005e40                xTaskGetTickCount
 .text.xTaskIncrementTick
                0x08005e60      0x174 ./Middlewares/Third_Party/FreeRTOS/Source/tasks.o
                0x08005e60                xTaskIncrementTick
 .text.vTaskSwitchContext
                0x08005fd4       0xb8 ./Middlewares/Third_Party/FreeRTOS/Source/tasks.o
                0x08005fd4                vTaskSwitchContext
 .text.vTaskPlaceOnEventList
                0x0800608c       0x4c ./Middlewares/Third_Party/FreeRTOS/Source/tasks.o
                0x0800608c                vTaskPlaceOnEventList
 .text.xTaskRemoveFromEventList
                0x080060d8       0xc8 ./Middlewares/Third_Party/FreeRTOS/Source/tasks.o
                0x080060d8                xTaskRemoveFromEventList
 .text.vTaskInternalSetTimeOutState
                0x080061a0       0x2c ./Middlewares/Third_Party/FreeRTOS/Source/tasks.o
                0x080061a0                vTaskInternalSetTimeOutState
 .text.xTaskCheckForTimeOut
                0x080061cc       0xc8 ./Middlewares/Third_Party/FreeRTOS/Source/tasks.o
                0x080061cc                xTaskCheckForTimeOut
 .text.vTaskMissedYield
                0x08006294       0x18 ./Middlewares/Third_Party/FreeRTOS/Source/tasks.o
                0x08006294                vTaskMissedYield
 .text.prvIdleTask
                0x080062ac       0x30 ./Middlewares/Third_Party/FreeRTOS/Source/tasks.o
 .text.prvInitialiseTaskLists
                0x080062dc       0x80 ./Middlewares/Third_Party/FreeRTOS/Source/tasks.o
 .text.prvCheckTasksWaitingTermination
                0x0800635c       0x5c ./Middlewares/Third_Party/FreeRTOS/Source/tasks.o
 .text.prvDeleteTCB
                0x080063b8       0x60 ./Middlewares/Third_Party/FreeRTOS/Source/tasks.o
 .text.prvResetNextTaskUnblockTime
                0x08006418       0x40 ./Middlewares/Third_Party/FreeRTOS/Source/tasks.o
 .text.xTaskGetSchedulerState
                0x08006458       0x3c ./Middlewares/Third_Party/FreeRTOS/Source/tasks.o
                0x08006458                xTaskGetSchedulerState
 .text.xTaskPriorityDisinherit
                0x08006494      0x110 ./Middlewares/Third_Party/FreeRTOS/Source/tasks.o
                0x08006494                xTaskPriorityDisinherit
 .text.prvAddCurrentTaskToDelayedList
                0x080065a4       0xcc ./Middlewares/Third_Party/FreeRTOS/Source/tasks.o
 .text.pxPortInitialiseStack
                0x08006670       0x68 ./Middlewares/Third_Party/FreeRTOS/Source/portable/GCC/ARM_CM4F/port.o
                0x08006670                pxPortInitialiseStack
 .text.prvTaskExitError
                0x080066d8       0x5c ./Middlewares/Third_Party/FreeRTOS/Source/portable/GCC/ARM_CM4F/port.o
 *fill*         0x08006734        0xc 
 .text.SVC_Handler
                0x08006740       0x28 ./Middlewares/Third_Party/FreeRTOS/Source/portable/GCC/ARM_CM4F/port.o
                0x08006740                SVC_Handler
 .text.prvPortStartFirstTask
                0x08006768       0x28 ./Middlewares/Third_Party/FreeRTOS/Source/portable/GCC/ARM_CM4F/port.o
 .text.xPortStartScheduler
                0x08006790      0x148 ./Middlewares/Third_Party/FreeRTOS/Source/portable/GCC/ARM_CM4F/port.o
                0x08006790                xPortStartScheduler
 .text.vPortEnterCritical
                0x080068d8       0x64 ./Middlewares/Third_Party/FreeRTOS/Source/portable/GCC/ARM_CM4F/port.o
                0x080068d8                vPortEnterCritical
 .text.vPortExitCritical
                0x0800693c       0x54 ./Middlewares/Third_Party/FreeRTOS/Source/portable/GCC/ARM_CM4F/port.o
                0x0800693c                vPortExitCritical
 .text.PendSV_Handler
                0x08006990       0x68 ./Middlewares/Third_Party/FreeRTOS/Source/portable/GCC/ARM_CM4F/port.o
                0x08006990                PendSV_Handler
 .text.SysTick_Handler
                0x080069f8       0x44 ./Middlewares/Third_Party/FreeRTOS/Source/portable/GCC/ARM_CM4F/port.o
                0x080069f8                SysTick_Handler
 .text.vPortSetupTimerInterrupt
                0x08006a3c       0x48 ./Middlewares/Third_Party/FreeRTOS/Source/portable/GCC/ARM_CM4F/port.o
                0x08006a3c                vPortSetupTimerInterrupt
 .text.vPortEnableVFP
                0x08006a84       0x14 ./Middlewares/Third_Party/FreeRTOS/Source/portable/GCC/ARM_CM4F/port.o
 .text.pvPortMalloc
                0x08006a98      0x19c ./Middlewares/Third_Party/FreeRTOS/Source/portable/MemMang/heap_4.o
                0x08006a98                pvPortMalloc
 .text.vPortFree
                0x08006c34       0xc8 ./Middlewares/Third_Party/FreeRTOS/Source/portable/MemMang/heap_4.o
                0x08006c34                vPortFree
 .text.prvHeapInit
                0x08006cfc       0xc4 ./Middlewares/Third_Party/FreeRTOS/Source/portable/MemMang/heap_4.o
 .text.prvInsertBlockIntoFreeList
                0x08006dc0       0xb4 ./Middlewares/Third_Party/FreeRTOS/Source/portable/MemMang/heap_4.o
 .text.memset   0x08006e74       0x10 C:/ST/STM32CubeIDE_1.15.1/STM32CubeIDE/plugins/com.st.stm32cube.ide.mcu.externaltools.gnu-tools-for-stm32.12.3.rel1.win32_1.0.100.202403111256/tools/bin/../lib/gcc/arm-none-eabi/12.3.1/../../../../arm-none-eabi/lib/thumb/v7e-m+fp/hard\libc_nano.a(libc_a-memset.o)
                0x08006e74                memset
 .text.__libc_init_array
                0x08006e84       0x48 C:/ST/STM32CubeIDE_1.15.1/STM32CubeIDE/plugins/com.st.stm32cube.ide.mcu.externaltools.gnu-tools-for-stm32.12.3.rel1.win32_1.0.100.202403111256/tools/bin/../lib/gcc/arm-none-eabi/12.3.1/../../../../arm-none-eabi/lib/thumb/v7e-m+fp/hard\libc_nano.a(libc_a-init.o)
                0x08006e84                __libc_init_array
 .text.memcpy   0x08006ecc       0x1c C:/ST/STM32CubeIDE_1.15.1/STM32CubeIDE/plugins/com.st.stm32cube.ide.mcu.externaltools.gnu-tools-for-stm32.12.3.rel1.win32_1.0.100.202403111256/tools/bin/../lib/gcc/arm-none-eabi/12.3.1/../../../../arm-none-eabi/lib/thumb/v7e-m+fp/hard\libc_nano.a(libc_a-memcpy-stub.o)
                0x08006ecc                memcpy
 *(.glue_7)
 .glue_7        0x08006ee8        0x0 linker stubs
 *(.glue_7t)
 .glue_7t       0x08006ee8        0x0 linker stubs
 *(.eh_frame)
 .eh_frame      0x08006ee8        0x0 C:/ST/STM32CubeIDE_1.15.1/STM32CubeIDE/plugins/com.st.stm32cube.ide.mcu.externaltools.gnu-tools-for-stm32.12.3.rel1.win32_1.0.100.202403111256/tools/bin/../lib/gcc/arm-none-eabi/12.3.1/thumb/v7e-m+fp/hard/crtbegin.o
 *(.init)
 .init          0x08006ee8        0x4 C:/ST/STM32CubeIDE_1.15.1/STM32CubeIDE/plugins/com.st.stm32cube.ide.mcu.externaltools.gnu-tools-for-stm32.12.3.rel1.win32_1.0.100.202403111256/tools/bin/../lib/gcc/arm-none-eabi/12.3.1/thumb/v7e-m+fp/hard/crti.o
                0x08006ee8                _init
 .init          0x08006eec        0x8 C:/ST/STM32CubeIDE_1.15.1/STM32CubeIDE/plugins/com.st.stm32cube.ide.mcu.externaltools.gnu-tools-for-stm32.12.3.rel1.win32_1.0.100.202403111256/tools/bin/../lib/gcc/arm-none-eabi/12.3.1/thumb/v7e-m+fp/hard/crtn.o
 *(.fini)
 .fini          0x08006ef4        0x4 C:/ST/STM32CubeIDE_1.15.1/STM32CubeIDE/plugins/com.st.stm32cube.ide.mcu.externaltools.gnu-tools-for-stm32.12.3.rel1.win32_1.0.100.202403111256/tools/bin/../lib/gcc/arm-none-eabi/12.3.1/thumb/v7e-m+fp/hard/crti.o
                0x08006ef4                _fini
 .fini          0x08006ef8        0x8 C:/ST/STM32CubeIDE_1.15.1/STM32CubeIDE/plugins/com.st.stm32cube.ide.mcu.externaltools.gnu-tools-for-stm32.12.3.rel1.win32_1.0.100.202403111256/tools/bin/../lib/gcc/arm-none-eabi/12.3.1/thumb/v7e-m+fp/hard/crtn.o
                0x08006f00                        . = ALIGN (0x4)
                0x08006f00                        _etext = .

.vfp11_veneer   0x08006f00        0x0
 .vfp11_veneer  0x08006f00        0x0 linker stubs

.v4_bx          0x08006f00        0x0
 .v4_bx         0x08006f00        0x0 linker stubs

.iplt           0x08006f00        0x0
 .iplt          0x08006f00        0x0 C:/ST/STM32CubeIDE_1.15.1/STM32CubeIDE/plugins/com.st.stm32cube.ide.mcu.externaltools.gnu-tools-for-stm32.12.3.rel1.win32_1.0.100.202403111256/tools/bin/../lib/gcc/arm-none-eabi/12.3.1/thumb/v7e-m+fp/hard/crtbegin.o

.rodata         0x08006f00     0x2170
                0x08006f00                        . = ALIGN (0x4)
 *(.rodata)
 .rodata        0x08006f00       0x20 ./Core/Src/Device_Drivers_src/keypad.o
 .rodata        0x08006f20       0x42 ./Core/Src/Device_Drivers_src/screen.o
 *fill*         0x08006f62        0x2 
 .rodata        0x08006f64       0x23 ./Core/Src/main.o
 *fill*         0x08006f87        0x1 
 .rodata        0x08006f88        0x6 ./Core/Src/tasks.o
 *fill*         0x08006f8e        0x2 
 .rodata        0x08006f90        0x5 ./Middlewares/Third_Party/FreeRTOS/Source/tasks.o
 *(.rodata*)
 *fill*         0x08006f95        0x3 
 .rodata.Font11x18
                0x08006f98      0xd5c ./Core/Src/Device_Drivers_src/ssd1306_fonts.o
 .rodata.Font16x26
                0x08007cf4     0x134c ./Core/Src/Device_Drivers_src/ssd1306_fonts.o
 .rodata.Font_11x18
                0x08009040        0xc ./Core/Src/Device_Drivers_src/ssd1306_fonts.o
                0x08009040                Font_11x18
 .rodata.Font_16x26
                0x0800904c        0xc ./Core/Src/Device_Drivers_src/ssd1306_fonts.o
                0x0800904c                Font_16x26
 .rodata.AHBPrescTable
                0x08009058       0x10 ./Core/Src/system_stm32f4xx.o
                0x08009058                AHBPrescTable
 .rodata.APBPrescTable
                0x08009068        0x8 ./Core/Src/system_stm32f4xx.o
                0x08009068                APBPrescTable
                0x08009070                        . = ALIGN (0x4)

.ARM.extab      0x08009070        0x0
                0x08009070                        . = ALIGN (0x4)
 *(.ARM.extab* .gnu.linkonce.armextab.*)
                0x08009070                        . = ALIGN (0x4)

.ARM            0x08009070        0x8
                0x08009070                        . = ALIGN (0x4)
                0x08009070                        __exidx_start = .
 *(.ARM.exidx*)
 .ARM.exidx     0x08009070        0x8 C:/ST/STM32CubeIDE_1.15.1/STM32CubeIDE/plugins/com.st.stm32cube.ide.mcu.externaltools.gnu-tools-for-stm32.12.3.rel1.win32_1.0.100.202403111256/tools/bin/../lib/gcc/arm-none-eabi/12.3.1/thumb/v7e-m+fp/hard\libgcc.a(_udivmoddi4.o)
                0x08009078                        __exidx_end = .
                0x08009078                        . = ALIGN (0x4)

.preinit_array  0x08009078        0x0
                0x08009078                        . = ALIGN (0x4)
                0x08009078                        PROVIDE (__preinit_array_start = .)
 *(.preinit_array*)
                0x08009078                        PROVIDE (__preinit_array_end = .)
                0x08009078                        . = ALIGN (0x4)

.init_array     0x08009078        0x4
                0x08009078                        . = ALIGN (0x4)
                0x08009078                        PROVIDE (__init_array_start = .)
 *(SORT_BY_NAME(.init_array.*))
 *(.init_array*)
 .init_array    0x08009078        0x4 C:/ST/STM32CubeIDE_1.15.1/STM32CubeIDE/plugins/com.st.stm32cube.ide.mcu.externaltools.gnu-tools-for-stm32.12.3.rel1.win32_1.0.100.202403111256/tools/bin/../lib/gcc/arm-none-eabi/12.3.1/thumb/v7e-m+fp/hard/crtbegin.o
                0x0800907c                        PROVIDE (__init_array_end = .)
                0x0800907c                        . = ALIGN (0x4)

.fini_array     0x0800907c        0x4
                0x0800907c                        . = ALIGN (0x4)
                [!provide]                        PROVIDE (__fini_array_start = .)
 *(SORT_BY_NAME(.fini_array.*))
 *(.fini_array*)
 .fini_array    0x0800907c        0x4 C:/ST/STM32CubeIDE_1.15.1/STM32CubeIDE/plugins/com.st.stm32cube.ide.mcu.externaltools.gnu-tools-for-stm32.12.3.rel1.win32_1.0.100.202403111256/tools/bin/../lib/gcc/arm-none-eabi/12.3.1/thumb/v7e-m+fp/hard/crtbegin.o
                [!provide]                        PROVIDE (__fini_array_end = .)
                0x08009080                        . = ALIGN (0x4)
                0x08009080                        _sidata = LOADADDR (.data)

.rel.dyn        0x08009080        0x0
 .rel.iplt      0x08009080        0x0 C:/ST/STM32CubeIDE_1.15.1/STM32CubeIDE/plugins/com.st.stm32cube.ide.mcu.externaltools.gnu-tools-for-stm32.12.3.rel1.win32_1.0.100.202403111256/tools/bin/../lib/gcc/arm-none-eabi/12.3.1/thumb/v7e-m+fp/hard/crtbegin.o

.data           0x20000000       0x28 load address 0x08009080
                0x20000000                        . = ALIGN (0x4)
                0x20000000                        _sdata = .
 *(.data)
 *(.data*)
 .data.Stat     0x20000000        0x1 ./Core/Src/Device_Drivers_src/fatfs_sd.o
 *fill*         0x20000001        0x3 
 .data.SystemCoreClock
                0x20000004        0x4 ./Core/Src/system_stm32f4xx.o
                0x20000004                SystemCoreClock
 .data.uwTickPrio
                0x20000008        0x4 ./Drivers/STM32F4xx_HAL_Driver/Src/stm32f4xx_hal.o
                0x20000008                uwTickPrio
 .data.uwTickFreq
                0x2000000c        0x1 ./Drivers/STM32F4xx_HAL_Driver/Src/stm32f4xx_hal.o
                0x2000000c                uwTickFreq
 *fill*         0x2000000d        0x3 
 .data.USER_Driver
                0x20000010       0x14 ./FATFS/Target/user_diskio.o
                0x20000010                USER_Driver
 .data.uxCriticalNesting
                0x20000024        0x4 ./Middlewares/Third_Party/FreeRTOS/Source/portable/GCC/ARM_CM4F/port.o
 *(.RamFunc)
 *(.RamFunc*)
                0x20000028                        . = ALIGN (0x4)
                0x20000028                        _edata = .

.igot.plt       0x20000028        0x0 load address 0x080090a8
 .igot.plt      0x20000028        0x0 C:/ST/STM32CubeIDE_1.15.1/STM32CubeIDE/plugins/com.st.stm32cube.ide.mcu.externaltools.gnu-tools-for-stm32.12.3.rel1.win32_1.0.100.202403111256/tools/bin/../lib/gcc/arm-none-eabi/12.3.1/thumb/v7e-m+fp/hard/crtbegin.o
                0x20000028                        . = ALIGN (0x4)

.bss            0x20000028     0x4538 load address 0x080090a8
                0x20000028                        _sbss = .
                0x20000028                        __bss_start__ = _sbss
 *(.bss)
 .bss           0x20000028       0x1c C:/ST/STM32CubeIDE_1.15.1/STM32CubeIDE/plugins/com.st.stm32cube.ide.mcu.externaltools.gnu-tools-for-stm32.12.3.rel1.win32_1.0.100.202403111256/tools/bin/../lib/gcc/arm-none-eabi/12.3.1/thumb/v7e-m+fp/hard/crtbegin.o
 *(.bss*)
 .bss.CardType  0x20000044        0x1 ./Core/Src/Device_Drivers_src/fatfs_sd.o
 .bss.PowerFlag
                0x20000045        0x1 ./Core/Src/Device_Drivers_src/fatfs_sd.o
 *fill*         0x20000046        0x2 
 .bss.SSD1306_Buffer
                0x20000048      0x400 ./Core/Src/Device_Drivers_src/ssd1306.o
 .bss.SSD1306   0x20000448        0x6 ./Core/Src/Device_Drivers_src/ssd1306.o
 *fill*         0x2000044e        0x2 
 .bss.xIdleTaskTCBBuffer
                0x20000450       0x54 ./Core/Src/freertos.o
 .bss.xIdleStack
                0x200004a4      0x200 ./Core/Src/freertos.o
 .bss.hi2c1     0x200006a4       0x54 ./Core/Src/main.o
                0x200006a4                hi2c1
 .bss.hspi3     0x200006f8       0x58 ./Core/Src/main.o
                0x200006f8                hspi3
 .bss.huart2    0x20000750       0x48 ./Core/Src/main.o
                0x20000750                huart2
 .bss.uiQueue   0x20000798        0x4 ./Core/Src/main.o
                0x20000798                uiQueue
 .bss.htim2     0x2000079c       0x48 ./Core/Src/stm32f4xx_hal_timebase_tim.o
                0x2000079c                htim2
 .bss.FatFsCnt  0x200007e4        0x1 ./Core/Src/stm32f4xx_it.o
                0x200007e4                FatFsCnt
 .bss.Timer1    0x200007e5        0x1 ./Core/Src/stm32f4xx_it.o
                0x200007e5                Timer1
 .bss.Timer2    0x200007e6        0x1 ./Core/Src/stm32f4xx_it.o
                0x200007e6                Timer2
 *fill*         0x200007e7        0x1 
 .bss.StateMachine
                0x200007e8        0xc ./Core/Src/tasks.o
                0x200007e8                StateMachine
 .bss.uwTick    0x200007f4        0x4 ./Drivers/STM32F4xx_HAL_Driver/Src/stm32f4xx_hal.o
                0x200007f4                uwTick
 .bss.retUSER   0x200007f8        0x1 ./FATFS/App/fatfs.o
                0x200007f8                retUSER
 *fill*         0x200007f9        0x3 
 .bss.USERPath  0x200007fc        0x4 ./FATFS/App/fatfs.o
                0x200007fc                USERPath
 .bss.disk      0x20000800        0xc ./Middlewares/Third_Party/FatFs/src/ff_gen_drv.o
                0x20000800                disk
 .bss.pxCurrentTCB
                0x2000080c        0x4 ./Middlewares/Third_Party/FreeRTOS/Source/tasks.o
                0x2000080c                pxCurrentTCB
 .bss.pxReadyTasksLists
                0x20000810       0x8c ./Middlewares/Third_Party/FreeRTOS/Source/tasks.o
 .bss.xDelayedTaskList1
                0x2000089c       0x14 ./Middlewares/Third_Party/FreeRTOS/Source/tasks.o
 .bss.xDelayedTaskList2
                0x200008b0       0x14 ./Middlewares/Third_Party/FreeRTOS/Source/tasks.o
 .bss.pxDelayedTaskList
                0x200008c4        0x4 ./Middlewares/Third_Party/FreeRTOS/Source/tasks.o
 .bss.pxOverflowDelayedTaskList
                0x200008c8        0x4 ./Middlewares/Third_Party/FreeRTOS/Source/tasks.o
 .bss.xPendingReadyList
                0x200008cc       0x14 ./Middlewares/Third_Party/FreeRTOS/Source/tasks.o
 .bss.xTasksWaitingTermination
                0x200008e0       0x14 ./Middlewares/Third_Party/FreeRTOS/Source/tasks.o
 .bss.uxDeletedTasksWaitingCleanUp
                0x200008f4        0x4 ./Middlewares/Third_Party/FreeRTOS/Source/tasks.o
 .bss.xSuspendedTaskList
                0x200008f8       0x14 ./Middlewares/Third_Party/FreeRTOS/Source/tasks.o
 .bss.uxCurrentNumberOfTasks
                0x2000090c        0x4 ./Middlewares/Third_Party/FreeRTOS/Source/tasks.o
 .bss.xTickCount
                0x20000910        0x4 ./Middlewares/Third_Party/FreeRTOS/Source/tasks.o
 .bss.uxTopReadyPriority
                0x20000914        0x4 ./Middlewares/Third_Party/FreeRTOS/Source/tasks.o
 .bss.xSchedulerRunning
                0x20000918        0x4 ./Middlewares/Third_Party/FreeRTOS/Source/tasks.o
 .bss.xPendedTicks
                0x2000091c        0x4 ./Middlewares/Third_Party/FreeRTOS/Source/tasks.o
 .bss.xYieldPending
                0x20000920        0x4 ./Middlewares/Third_Party/FreeRTOS/Source/tasks.o
 .bss.xNumOfOverflows
                0x20000924        0x4 ./Middlewares/Third_Party/FreeRTOS/Source/tasks.o
 .bss.uxTaskNumber
                0x20000928        0x4 ./Middlewares/Third_Party/FreeRTOS/Source/tasks.o
 .bss.xNextTaskUnblockTime
                0x2000092c        0x4 ./Middlewares/Third_Party/FreeRTOS/Source/tasks.o
 .bss.xIdleTaskHandle
                0x20000930        0x4 ./Middlewares/Third_Party/FreeRTOS/Source/tasks.o
 .bss.uxSchedulerSuspended
                0x20000934        0x4 ./Middlewares/Third_Party/FreeRTOS/Source/tasks.o
 .bss.ucMaxSysCallPriority
                0x20000938        0x1 ./Middlewares/Third_Party/FreeRTOS/Source/portable/GCC/ARM_CM4F/port.o
 *fill*         0x20000939        0x3 
 .bss.ulMaxPRIGROUPValue
                0x2000093c        0x4 ./Middlewares/Third_Party/FreeRTOS/Source/portable/GCC/ARM_CM4F/port.o
 .bss.ucHeap    0x20000940     0x3c00 ./Middlewares/Third_Party/FreeRTOS/Source/portable/MemMang/heap_4.o
 .bss.xStart    0x20004540        0x8 ./Middlewares/Third_Party/FreeRTOS/Source/portable/MemMang/heap_4.o
 .bss.pxEnd     0x20004548        0x4 ./Middlewares/Third_Party/FreeRTOS/Source/portable/MemMang/heap_4.o
 .bss.xFreeBytesRemaining
                0x2000454c        0x4 ./Middlewares/Third_Party/FreeRTOS/Source/portable/MemMang/heap_4.o
 .bss.xMinimumEverFreeBytesRemaining
                0x20004550        0x4 ./Middlewares/Third_Party/FreeRTOS/Source/portable/MemMang/heap_4.o
 .bss.xNumberOfSuccessfulAllocations
                0x20004554        0x4 ./Middlewares/Third_Party/FreeRTOS/Source/portable/MemMang/heap_4.o
 .bss.xNumberOfSuccessfulFrees
                0x20004558        0x4 ./Middlewares/Third_Party/FreeRTOS/Source/portable/MemMang/heap_4.o
 .bss.xBlockAllocatedBit
                0x2000455c        0x4 ./Middlewares/Third_Party/FreeRTOS/Source/portable/MemMang/heap_4.o
 *(COMMON)
                0x20004560                        . = ALIGN (0x4)
                0x20004560                        _ebss = .
                0x20004560                        __bss_end__ = _ebss

._user_heap_stack
                0x20004560      0x600 load address 0x080090a8
                0x20004560                        . = ALIGN (0x8)
                [!provide]                        PROVIDE (end = .)
                0x20004560                        PROVIDE (_end = .)
                0x20004760                        . = (. + _Min_Heap_Size)
 *fill*         0x20004560      0x200 
                0x20004b60                        . = (. + _Min_Stack_Size)
 *fill*         0x20004760      0x400 
                0x20004b60                        . = ALIGN (0x8)

/DISCARD/
 libc.a(*)
 libm.a(*)
 libgcc.a(*)

.ARM.attributes
                0x00000000       0x30
 *(.ARM.attributes)
 .ARM.attributes
                0x00000000       0x22 C:/ST/STM32CubeIDE_1.15.1/STM32CubeIDE/plugins/com.st.stm32cube.ide.mcu.externaltools.gnu-tools-for-stm32.12.3.rel1.win32_1.0.100.202403111256/tools/bin/../lib/gcc/arm-none-eabi/12.3.1/thumb/v7e-m+fp/hard/crti.o
 .ARM.attributes
                0x00000022       0x34 C:/ST/STM32CubeIDE_1.15.1/STM32CubeIDE/plugins/com.st.stm32cube.ide.mcu.externaltools.gnu-tools-for-stm32.12.3.rel1.win32_1.0.100.202403111256/tools/bin/../lib/gcc/arm-none-eabi/12.3.1/thumb/v7e-m+fp/hard/crtbegin.o
 .ARM.attributes
                0x00000056       0x34 ./Core/Src/Device_Drivers_src/fatfs_sd.o
 .ARM.attributes
                0x0000008a       0x34 ./Core/Src/Device_Drivers_src/keypad.o
 .ARM.attributes
                0x000000be       0x34 ./Core/Src/Device_Drivers_src/screen.o
 .ARM.attributes
                0x000000f2       0x34 ./Core/Src/Device_Drivers_src/ssd1306.o
 .ARM.attributes
                0x00000126       0x34 ./Core/Src/Device_Drivers_src/ssd1306_fonts.o
 .ARM.attributes
                0x0000015a       0x34 ./Core/Src/freertos.o
 .ARM.attributes
                0x0000018e       0x34 ./Core/Src/main.o
 .ARM.attributes
                0x000001c2       0x34 ./Core/Src/stm32f4xx_hal_msp.o
 .ARM.attributes
                0x000001f6       0x34 ./Core/Src/stm32f4xx_hal_timebase_tim.o
 .ARM.attributes
                0x0000022a       0x34 ./Core/Src/stm32f4xx_it.o
 .ARM.attributes
                0x0000025e       0x34 ./Core/Src/system_stm32f4xx.o
 .ARM.attributes
                0x00000292       0x34 ./Core/Src/tasks.o
 .ARM.attributes
                0x000002c6       0x21 ./Core/Startup/startup_stm32f401retx.o
 .ARM.attributes
                0x000002e7       0x34 ./Drivers/STM32F4xx_HAL_Driver/Src/stm32f4xx_hal.o
 .ARM.attributes
                0x0000031b       0x34 ./Drivers/STM32F4xx_HAL_Driver/Src/stm32f4xx_hal_cortex.o
 .ARM.attributes
                0x0000034f       0x34 ./Drivers/STM32F4xx_HAL_Driver/Src/stm32f4xx_hal_gpio.o
 .ARM.attributes
                0x00000383       0x34 ./Drivers/STM32F4xx_HAL_Driver/Src/stm32f4xx_hal_i2c.o
 .ARM.attributes
                0x000003b7       0x34 ./Drivers/STM32F4xx_HAL_Driver/Src/stm32f4xx_hal_rcc.o
 .ARM.attributes
                0x000003eb       0x34 ./Drivers/STM32F4xx_HAL_Driver/Src/stm32f4xx_hal_spi.o
 .ARM.attributes
                0x0000041f       0x34 ./Drivers/STM32F4xx_HAL_Driver/Src/stm32f4xx_hal_tim.o
 .ARM.attributes
                0x00000453       0x34 ./Drivers/STM32F4xx_HAL_Driver/Src/stm32f4xx_hal_tim_ex.o
 .ARM.attributes
                0x00000487       0x34 ./Drivers/STM32F4xx_HAL_Driver/Src/stm32f4xx_hal_uart.o
 .ARM.attributes
                0x000004bb       0x34 ./FATFS/App/fatfs.o
 .ARM.attributes
                0x000004ef       0x34 ./FATFS/Target/user_diskio.o
 .ARM.attributes
                0x00000523       0x34 ./Middlewares/Third_Party/FatFs/src/ff_gen_drv.o
 .ARM.attributes
                0x00000557       0x34 ./Middlewares/Third_Party/FreeRTOS/Source/list.o
 .ARM.attributes
                0x0000058b       0x34 ./Middlewares/Third_Party/FreeRTOS/Source/queue.o
 .ARM.attributes
                0x000005bf       0x34 ./Middlewares/Third_Party/FreeRTOS/Source/tasks.o
 .ARM.attributes
                0x000005f3       0x34 ./Middlewares/Third_Party/FreeRTOS/Source/portable/GCC/ARM_CM4F/port.o
 .ARM.attributes
                0x00000627       0x34 ./Middlewares/Third_Party/FreeRTOS/Source/portable/MemMang/heap_4.o
 .ARM.attributes
                0x0000065b       0x34 C:/ST/STM32CubeIDE_1.15.1/STM32CubeIDE/plugins/com.st.stm32cube.ide.mcu.externaltools.gnu-tools-for-stm32.12.3.rel1.win32_1.0.100.202403111256/tools/bin/../lib/gcc/arm-none-eabi/12.3.1/../../../../arm-none-eabi/lib/thumb/v7e-m+fp/hard\libc_nano.a(libc_a-memset.o)
 .ARM.attributes
                0x0000068f       0x34 C:/ST/STM32CubeIDE_1.15.1/STM32CubeIDE/plugins/com.st.stm32cube.ide.mcu.externaltools.gnu-tools-for-stm32.12.3.rel1.win32_1.0.100.202403111256/tools/bin/../lib/gcc/arm-none-eabi/12.3.1/../../../../arm-none-eabi/lib/thumb/v7e-m+fp/hard\libc_nano.a(libc_a-init.o)
 .ARM.attributes
                0x000006c3       0x34 C:/ST/STM32CubeIDE_1.15.1/STM32CubeIDE/plugins/com.st.stm32cube.ide.mcu.externaltools.gnu-tools-for-stm32.12.3.rel1.win32_1.0.100.202403111256/tools/bin/../lib/gcc/arm-none-eabi/12.3.1/../../../../arm-none-eabi/lib/thumb/v7e-m+fp/hard\libc_nano.a(libc_a-memcpy-stub.o)
 .ARM.attributes
                0x000006f7       0x22 C:/ST/STM32CubeIDE_1.15.1/STM32CubeIDE/plugins/com.st.stm32cube.ide.mcu.externaltools.gnu-tools-for-stm32.12.3.rel1.win32_1.0.100.202403111256/tools/bin/../lib/gcc/arm-none-eabi/12.3.1/thumb/v7e-m+fp/hard\libgcc.a(_aeabi_uldivmod.o)
 .ARM.attributes
                0x00000719       0x34 C:/ST/STM32CubeIDE_1.15.1/STM32CubeIDE/plugins/com.st.stm32cube.ide.mcu.externaltools.gnu-tools-for-stm32.12.3.rel1.win32_1.0.100.202403111256/tools/bin/../lib/gcc/arm-none-eabi/12.3.1/thumb/v7e-m+fp/hard\libgcc.a(_udivmoddi4.o)
 .ARM.attributes
                0x0000074d       0x22 C:/ST/STM32CubeIDE_1.15.1/STM32CubeIDE/plugins/com.st.stm32cube.ide.mcu.externaltools.gnu-tools-for-stm32.12.3.rel1.win32_1.0.100.202403111256/tools/bin/../lib/gcc/arm-none-eabi/12.3.1/thumb/v7e-m+fp/hard\libgcc.a(_dvmd_tls.o)
 .ARM.attributes
                0x0000076f       0x22 C:/ST/STM32CubeIDE_1.15.1/STM32CubeIDE/plugins/com.st.stm32cube.ide.mcu.externaltools.gnu-tools-for-stm32.12.3.rel1.win32_1.0.100.202403111256/tools/bin/../lib/gcc/arm-none-eabi/12.3.1/thumb/v7e-m+fp/hard/crtn.o
OUTPUT(EDIII_Control_Acceso.elf elf32-littlearm)
LOAD linker stubs
LOAD C:/ST/STM32CubeIDE_1.15.1/STM32CubeIDE/plugins/com.st.stm32cube.ide.mcu.externaltools.gnu-tools-for-stm32.12.3.rel1.win32_1.0.100.202403111256/tools/bin/../lib/gcc/arm-none-eabi/12.3.1/../../../../arm-none-eabi/lib/thumb/v7e-m+fp/hard\libc.a
LOAD C:/ST/STM32CubeIDE_1.15.1/STM32CubeIDE/plugins/com.st.stm32cube.ide.mcu.externaltools.gnu-tools-for-stm32.12.3.rel1.win32_1.0.100.202403111256/tools/bin/../lib/gcc/arm-none-eabi/12.3.1/../../../../arm-none-eabi/lib/thumb/v7e-m+fp/hard\libm.a
LOAD C:/ST/STM32CubeIDE_1.15.1/STM32CubeIDE/plugins/com.st.stm32cube.ide.mcu.externaltools.gnu-tools-for-stm32.12.3.rel1.win32_1.0.100.202403111256/tools/bin/../lib/gcc/arm-none-eabi/12.3.1/thumb/v7e-m+fp/hard\libgcc.a

.debug_info     0x00000000    0x18b31
 .debug_info    0x00000000      0xc31 ./Core/Src/Device_Drivers_src/fatfs_sd.o
 .debug_info    0x00000c31      0x4b0 ./Core/Src/Device_Drivers_src/keypad.o
 .debug_info    0x000010e1      0x267 ./Core/Src/Device_Drivers_src/screen.o
 .debug_info    0x00001348     0x12a2 ./Core/Src/Device_Drivers_src/ssd1306.o
 .debug_info    0x000025ea      0x2a4 ./Core/Src/Device_Drivers_src/ssd1306_fonts.o
 .debug_info    0x0000288e      0x279 ./Core/Src/freertos.o
 .debug_info    0x00002b07     0x170f ./Core/Src/main.o
 .debug_info    0x00004216     0x10ed ./Core/Src/stm32f4xx_hal_msp.o
 .debug_info    0x00005303      0xb7d ./Core/Src/stm32f4xx_hal_timebase_tim.o
 .debug_info    0x00005e80      0x704 ./Core/Src/stm32f4xx_it.o
 .debug_info    0x00006584      0x53e ./Core/Src/system_stm32f4xx.o
 .debug_info    0x00006ac2      0x4dc ./Core/Src/tasks.o
 .debug_info    0x00006f9e       0x30 ./Core/Startup/startup_stm32f401retx.o
 .debug_info    0x00006fce      0x8bb ./Drivers/STM32F4xx_HAL_Driver/Src/stm32f4xx_hal.o
 .debug_info    0x00007889      0xcc1 ./Drivers/STM32F4xx_HAL_Driver/Src/stm32f4xx_hal_cortex.o
 .debug_info    0x0000854a      0x6f9 ./Drivers/STM32F4xx_HAL_Driver/Src/stm32f4xx_hal_gpio.o
 .debug_info    0x00008c43     0x2426 ./Drivers/STM32F4xx_HAL_Driver/Src/stm32f4xx_hal_i2c.o
 .debug_info    0x0000b069      0x8f3 ./Drivers/STM32F4xx_HAL_Driver/Src/stm32f4xx_hal_rcc.o
 .debug_info    0x0000b95c     0x1606 ./Drivers/STM32F4xx_HAL_Driver/Src/stm32f4xx_hal_spi.o
 .debug_info    0x0000cf62     0x2996 ./Drivers/STM32F4xx_HAL_Driver/Src/stm32f4xx_hal_tim.o
 .debug_info    0x0000f8f8     0x14d4 ./Drivers/STM32F4xx_HAL_Driver/Src/stm32f4xx_hal_tim_ex.o
 .debug_info    0x00010dcc     0x2f56 ./Drivers/STM32F4xx_HAL_Driver/Src/stm32f4xx_hal_uart.o
 .debug_info    0x00013d22      0x543 ./FATFS/App/fatfs.o
 .debug_info    0x00014265      0x3a5 ./FATFS/Target/user_diskio.o
 .debug_info    0x0001460a      0x37f ./Middlewares/Third_Party/FatFs/src/ff_gen_drv.o
 .debug_info    0x00014989      0x2af ./Middlewares/Third_Party/FreeRTOS/Source/list.o
 .debug_info    0x00014c38     0x17cd ./Middlewares/Third_Party/FreeRTOS/Source/queue.o
 .debug_info    0x00016405     0x1d79 ./Middlewares/Third_Party/FreeRTOS/Source/tasks.o
 .debug_info    0x0001817e      0x4de ./Middlewares/Third_Party/FreeRTOS/Source/portable/GCC/ARM_CM4F/port.o
 .debug_info    0x0001865c      0x4d5 ./Middlewares/Third_Party/FreeRTOS/Source/portable/MemMang/heap_4.o

.debug_abbrev   0x00000000     0x3f1d
 .debug_abbrev  0x00000000      0x2da ./Core/Src/Device_Drivers_src/fatfs_sd.o
 .debug_abbrev  0x000002da      0x1fc ./Core/Src/Device_Drivers_src/keypad.o
 .debug_abbrev  0x000004d6      0x131 ./Core/Src/Device_Drivers_src/screen.o
 .debug_abbrev  0x00000607      0x351 ./Core/Src/Device_Drivers_src/ssd1306.o
 .debug_abbrev  0x00000958       0xcf ./Core/Src/Device_Drivers_src/ssd1306_fonts.o
 .debug_abbrev  0x00000a27       0xd2 ./Core/Src/freertos.o
 .debug_abbrev  0x00000af9      0x310 ./Core/Src/main.o
 .debug_abbrev  0x00000e09      0x1f5 ./Core/Src/stm32f4xx_hal_msp.o
 .debug_abbrev  0x00000ffe      0x207 ./Core/Src/stm32f4xx_hal_timebase_tim.o
 .debug_abbrev  0x00001205      0x1a4 ./Core/Src/stm32f4xx_it.o
 .debug_abbrev  0x000013a9      0x11a ./Core/Src/system_stm32f4xx.o
 .debug_abbrev  0x000014c3      0x1fd ./Core/Src/tasks.o
 .debug_abbrev  0x000016c0       0x24 ./Core/Startup/startup_stm32f401retx.o
 .debug_abbrev  0x000016e4      0x24b ./Drivers/STM32F4xx_HAL_Driver/Src/stm32f4xx_hal.o
 .debug_abbrev  0x0000192f      0x328 ./Drivers/STM32F4xx_HAL_Driver/Src/stm32f4xx_hal_cortex.o
 .debug_abbrev  0x00001c57      0x1d3 ./Drivers/STM32F4xx_HAL_Driver/Src/stm32f4xx_hal_gpio.o
 .debug_abbrev  0x00001e2a      0x2bc ./Drivers/STM32F4xx_HAL_Driver/Src/stm32f4xx_hal_i2c.o
 .debug_abbrev  0x000020e6      0x2b5 ./Drivers/STM32F4xx_HAL_Driver/Src/stm32f4xx_hal_rcc.o
 .debug_abbrev  0x0000239b      0x280 ./Drivers/STM32F4xx_HAL_Driver/Src/stm32f4xx_hal_spi.o
 .debug_abbrev  0x0000261b      0x28b ./Drivers/STM32F4xx_HAL_Driver/Src/stm32f4xx_hal_tim.o
 .debug_abbrev  0x000028a6      0x296 ./Drivers/STM32F4xx_HAL_Driver/Src/stm32f4xx_hal_tim_ex.o
 .debug_abbrev  0x00002b3c      0x31b ./Drivers/STM32F4xx_HAL_Driver/Src/stm32f4xx_hal_uart.o
 .debug_abbrev  0x00002e57      0x167 ./FATFS/App/fatfs.o
 .debug_abbrev  0x00002fbe      0x144 ./FATFS/Target/user_diskio.o
 .debug_abbrev  0x00003102      0x19f ./Middlewares/Third_Party/FatFs/src/ff_gen_drv.o
 .debug_abbrev  0x000032a1       0xf5 ./Middlewares/Third_Party/FreeRTOS/Source/list.o
 .debug_abbrev  0x00003396      0x3b5 ./Middlewares/Third_Party/FreeRTOS/Source/queue.o
 .debug_abbrev  0x0000374b      0x359 ./Middlewares/Third_Party/FreeRTOS/Source/tasks.o
 .debug_abbrev  0x00003aa4      0x25c ./Middlewares/Third_Party/FreeRTOS/Source/portable/GCC/ARM_CM4F/port.o
 .debug_abbrev  0x00003d00      0x21d ./Middlewares/Third_Party/FreeRTOS/Source/portable/MemMang/heap_4.o

.debug_aranges  0x00000000     0x1748
 .debug_aranges
                0x00000000       0xa8 ./Core/Src/Device_Drivers_src/fatfs_sd.o
 .debug_aranges
                0x000000a8       0x40 ./Core/Src/Device_Drivers_src/keypad.o
 .debug_aranges
                0x000000e8       0x40 ./Core/Src/Device_Drivers_src/screen.o
 .debug_aranges
                0x00000128       0xe8 ./Core/Src/Device_Drivers_src/ssd1306.o
 .debug_aranges
                0x00000210       0x18 ./Core/Src/Device_Drivers_src/ssd1306_fonts.o
 .debug_aranges
                0x00000228       0x20 ./Core/Src/freertos.o
 .debug_aranges
                0x00000248       0x60 ./Core/Src/main.o
 .debug_aranges
                0x000002a8       0x50 ./Core/Src/stm32f4xx_hal_msp.o
 .debug_aranges
                0x000002f8       0x30 ./Core/Src/stm32f4xx_hal_timebase_tim.o
 .debug_aranges
                0x00000328       0x58 ./Core/Src/stm32f4xx_it.o
 .debug_aranges
                0x00000380       0x28 ./Core/Src/system_stm32f4xx.o
 .debug_aranges
                0x000003a8       0x48 ./Core/Src/tasks.o
 .debug_aranges
                0x000003f0       0x28 ./Core/Startup/startup_stm32f401retx.o
 .debug_aranges
                0x00000418       0xf0 ./Drivers/STM32F4xx_HAL_Driver/Src/stm32f4xx_hal.o
 .debug_aranges
                0x00000508      0x120 ./Drivers/STM32F4xx_HAL_Driver/Src/stm32f4xx_hal_cortex.o
 .debug_aranges
                0x00000628       0x58 ./Drivers/STM32F4xx_HAL_Driver/Src/stm32f4xx_hal_gpio.o
 .debug_aranges
                0x00000680      0x2a8 ./Drivers/STM32F4xx_HAL_Driver/Src/stm32f4xx_hal_i2c.o
 .debug_aranges
                0x00000928       0x88 ./Drivers/STM32F4xx_HAL_Driver/Src/stm32f4xx_hal_rcc.o
 .debug_aranges
                0x000009b0      0x1d0 ./Drivers/STM32F4xx_HAL_Driver/Src/stm32f4xx_hal_spi.o
 .debug_aranges
                0x00000b80      0x3d0 ./Drivers/STM32F4xx_HAL_Driver/Src/stm32f4xx_hal_tim.o
 .debug_aranges
                0x00000f50      0x168 ./Drivers/STM32F4xx_HAL_Driver/Src/stm32f4xx_hal_tim_ex.o
 .debug_aranges
                0x000010b8      0x208 ./Drivers/STM32F4xx_HAL_Driver/Src/stm32f4xx_hal_uart.o
 .debug_aranges
                0x000012c0       0x28 ./FATFS/App/fatfs.o
 .debug_aranges
                0x000012e8       0x40 ./FATFS/Target/user_diskio.o
 .debug_aranges
                0x00001328       0x40 ./Middlewares/Third_Party/FatFs/src/ff_gen_drv.o
 .debug_aranges
                0x00001368       0x40 ./Middlewares/Third_Party/FreeRTOS/Source/list.o
 .debug_aranges
                0x000013a8      0x108 ./Middlewares/Third_Party/FreeRTOS/Source/queue.o
 .debug_aranges
                0x000014b0      0x1c0 ./Middlewares/Third_Party/FreeRTOS/Source/tasks.o
 .debug_aranges
                0x00001670       0x80 ./Middlewares/Third_Party/FreeRTOS/Source/portable/GCC/ARM_CM4F/port.o
 .debug_aranges
                0x000016f0       0x58 ./Middlewares/Third_Party/FreeRTOS/Source/portable/MemMang/heap_4.o

.debug_rnglists
                0x00000000     0x121e
 .debug_rnglists
                0x00000000       0x80 ./Core/Src/Device_Drivers_src/fatfs_sd.o
 .debug_rnglists
                0x00000080       0x2d ./Core/Src/Device_Drivers_src/keypad.o
 .debug_rnglists
                0x000000ad       0x2c ./Core/Src/Device_Drivers_src/screen.o
 .debug_rnglists
                0x000000d9       0xb4 ./Core/Src/Device_Drivers_src/ssd1306.o
 .debug_rnglists
                0x0000018d       0x13 ./Core/Src/freertos.o
 .debug_rnglists
                0x000001a0       0x46 ./Core/Src/main.o
 .debug_rnglists
                0x000001e6       0x3a ./Core/Src/stm32f4xx_hal_msp.o
 .debug_rnglists
                0x00000220       0x20 ./Core/Src/stm32f4xx_hal_timebase_tim.o
 .debug_rnglists
                0x00000240       0x3d ./Core/Src/stm32f4xx_it.o
 .debug_rnglists
                0x0000027d       0x1a ./Core/Src/system_stm32f4xx.o
 .debug_rnglists
                0x00000297       0x33 ./Core/Src/tasks.o
 .debug_rnglists
                0x000002ca       0x19 ./Core/Startup/startup_stm32f401retx.o
 .debug_rnglists
                0x000002e3       0xaf ./Drivers/STM32F4xx_HAL_Driver/Src/stm32f4xx_hal.o
 .debug_rnglists
                0x00000392       0xd4 ./Drivers/STM32F4xx_HAL_Driver/Src/stm32f4xx_hal_cortex.o
 .debug_rnglists
                0x00000466       0x3f ./Drivers/STM32F4xx_HAL_Driver/Src/stm32f4xx_hal_gpio.o
 .debug_rnglists
                0x000004a5      0x23c ./Drivers/STM32F4xx_HAL_Driver/Src/stm32f4xx_hal_i2c.o
 .debug_rnglists
                0x000006e1       0x66 ./Drivers/STM32F4xx_HAL_Driver/Src/stm32f4xx_hal_rcc.o
 .debug_rnglists
                0x00000747      0x16f ./Drivers/STM32F4xx_HAL_Driver/Src/stm32f4xx_hal_spi.o
 .debug_rnglists
                0x000008b6      0x31a ./Drivers/STM32F4xx_HAL_Driver/Src/stm32f4xx_hal_tim.o
 .debug_rnglists
                0x00000bd0      0x125 ./Drivers/STM32F4xx_HAL_Driver/Src/stm32f4xx_hal_tim_ex.o
 .debug_rnglists
                0x00000cf5      0x1bc ./Drivers/STM32F4xx_HAL_Driver/Src/stm32f4xx_hal_uart.o
 .debug_rnglists
                0x00000eb1       0x19 ./FATFS/App/fatfs.o
 .debug_rnglists
                0x00000eca       0x2b ./FATFS/Target/user_diskio.o
 .debug_rnglists
                0x00000ef5       0x2c ./Middlewares/Third_Party/FatFs/src/ff_gen_drv.o
 .debug_rnglists
                0x00000f21       0x2b ./Middlewares/Third_Party/FreeRTOS/Source/list.o
 .debug_rnglists
                0x00000f4c       0xcd ./Middlewares/Third_Party/FreeRTOS/Source/queue.o
 .debug_rnglists
                0x00001019      0x166 ./Middlewares/Third_Party/FreeRTOS/Source/tasks.o
 .debug_rnglists
                0x0000117f       0x5d ./Middlewares/Third_Party/FreeRTOS/Source/portable/GCC/ARM_CM4F/port.o
 .debug_rnglists
                0x000011dc       0x42 ./Middlewares/Third_Party/FreeRTOS/Source/portable/MemMang/heap_4.o

.debug_macro    0x00000000     0x4e98
 .debug_macro   0x00000000      0x236 ./Core/Src/Device_Drivers_src/fatfs_sd.o
 .debug_macro   0x00000236       0x16 ./Core/Src/Device_Drivers_src/fatfs_sd.o
 .debug_macro   0x0000024c       0x7c ./Core/Src/Device_Drivers_src/fatfs_sd.o
 .debug_macro   0x000002c8      0x408 ./Core/Src/Device_Drivers_src/keypad.o
 .debug_macro   0x000006d0       0x16 ./Core/Src/Device_Drivers_src/keypad.o
 .debug_macro   0x000006e6       0x16 ./Core/Src/Device_Drivers_src/keypad.o
 .debug_macro   0x000006fc       0x16 ./Core/Src/Device_Drivers_src/keypad.o
 .debug_macro   0x00000712       0x46 ./Core/Src/Device_Drivers_src/keypad.o
 .debug_macro   0x00000758       0x4c ./Core/Src/Device_Drivers_src/keypad.o
 .debug_macro   0x000007a4       0x28 ./Core/Src/Device_Drivers_src/keypad.o
 .debug_macro   0x000007cc      0x3ef ./Core/Src/Device_Drivers_src/screen.o
 .debug_macro   0x00000bbb       0x28 ./Core/Src/Device_Drivers_src/screen.o
 .debug_macro   0x00000be3       0x76 ./Core/Src/Device_Drivers_src/screen.o
 .debug_macro   0x00000c59      0x3d8 ./Core/Src/Device_Drivers_src/ssd1306.o
 .debug_macro   0x00001031      0x19b ./Core/Src/Device_Drivers_src/ssd1306.o
 .debug_macro   0x000011cc       0x16 ./Core/Src/Device_Drivers_src/ssd1306.o
 .debug_macro   0x000011e2       0x16 ./Core/Src/Device_Drivers_src/ssd1306.o
 .debug_macro   0x000011f8       0x29 ./Core/Src/Device_Drivers_src/ssd1306.o
 .debug_macro   0x00001221      0x247 ./Core/Src/Device_Drivers_src/ssd1306_fonts.o
 .debug_macro   0x00001468      0x268 ./Core/Src/freertos.o
 .debug_macro   0x000016d0       0xea ./Core/Src/freertos.o
 .debug_macro   0x000017ba      0x471 ./Core/Src/main.o
 .debug_macro   0x00001c2b      0x200 ./Core/Src/stm32f4xx_hal_msp.o
 .debug_macro   0x00001e2b      0x1f1 ./Core/Src/stm32f4xx_hal_timebase_tim.o
 .debug_macro   0x0000201c      0x20a ./Core/Src/stm32f4xx_it.o
 .debug_macro   0x00002226      0x1f1 ./Core/Src/system_stm32f4xx.o
 .debug_macro   0x00002417      0x471 ./Core/Src/tasks.o
 .debug_macro   0x00002888      0x251 ./Drivers/STM32F4xx_HAL_Driver/Src/stm32f4xx_hal.o
 .debug_macro   0x00002ad9      0x1f1 ./Drivers/STM32F4xx_HAL_Driver/Src/stm32f4xx_hal_cortex.o
 .debug_macro   0x00002cca      0x1f7 ./Drivers/STM32F4xx_HAL_Driver/Src/stm32f4xx_hal_gpio.o
 .debug_macro   0x00002ec1      0x23f ./Drivers/STM32F4xx_HAL_Driver/Src/stm32f4xx_hal_i2c.o
 .debug_macro   0x00003100      0x215 ./Drivers/STM32F4xx_HAL_Driver/Src/stm32f4xx_hal_rcc.o
 .debug_macro   0x00003315      0x200 ./Drivers/STM32F4xx_HAL_Driver/Src/stm32f4xx_hal_spi.o
 .debug_macro   0x00003515      0x1f2 ./Drivers/STM32F4xx_HAL_Driver/Src/stm32f4xx_hal_tim.o
 .debug_macro   0x00003707      0x1f1 ./Drivers/STM32F4xx_HAL_Driver/Src/stm32f4xx_hal_tim_ex.o
 .debug_macro   0x000038f8      0x1f2 ./Drivers/STM32F4xx_HAL_Driver/Src/stm32f4xx_hal_uart.o
 .debug_macro   0x00003aea      0x306 ./FATFS/App/fatfs.o
 .debug_macro   0x00003df0      0x3c4 ./FATFS/Target/user_diskio.o
 .debug_macro   0x000041b4      0x2f3 ./Middlewares/Third_Party/FatFs/src/ff_gen_drv.o
 .debug_macro   0x000044a7      0x187 ./Middlewares/Third_Party/FreeRTOS/Source/list.o
 .debug_macro   0x0000462e      0x216 ./Middlewares/Third_Party/FreeRTOS/Source/queue.o
 .debug_macro   0x00004844       0x87 ./Middlewares/Third_Party/FreeRTOS/Source/queue.o
 .debug_macro   0x000048cb      0x279 ./Middlewares/Third_Party/FreeRTOS/Source/tasks.o
 .debug_macro   0x00004b44       0x10 ./Middlewares/Third_Party/FreeRTOS/Source/tasks.o
 .debug_macro   0x00004b54      0x196 ./Middlewares/Third_Party/FreeRTOS/Source/portable/GCC/ARM_CM4F/port.o
 .debug_macro   0x00004cea      0x1ae ./Middlewares/Third_Party/FreeRTOS/Source/portable/MemMang/heap_4.o

.debug_line     0x00000000    0x1f734
 .debug_line    0x00000000      0xf23 ./Core/Src/Device_Drivers_src/fatfs_sd.o
 .debug_line    0x00000f23      0xcd1 ./Core/Src/Device_Drivers_src/keypad.o
 .debug_line    0x00001bf4      0xbec ./Core/Src/Device_Drivers_src/screen.o
 .debug_line    0x000027e0     0x13d4 ./Core/Src/Device_Drivers_src/ssd1306.o
 .debug_line    0x00003bb4      0x908 ./Core/Src/Device_Drivers_src/ssd1306_fonts.o
 .debug_line    0x000044bc      0x895 ./Core/Src/freertos.o
 .debug_line    0x00004d51      0xdd1 ./Core/Src/main.o
 .debug_line    0x00005b22      0x87f ./Core/Src/stm32f4xx_hal_msp.o
 .debug_line    0x000063a1      0x812 ./Core/Src/stm32f4xx_hal_timebase_tim.o
 .debug_line    0x00006bb3      0x868 ./Core/Src/stm32f4xx_it.o
 .debug_line    0x0000741b      0x81b ./Core/Src/system_stm32f4xx.o
 .debug_line    0x00007c36      0xda5 ./Core/Src/tasks.o
 .debug_line    0x000089db       0x7a ./Core/Startup/startup_stm32f401retx.o
 .debug_line    0x00008a55      0xa84 ./Drivers/STM32F4xx_HAL_Driver/Src/stm32f4xx_hal.o
 .debug_line    0x000094d9      0xd4c ./Drivers/STM32F4xx_HAL_Driver/Src/stm32f4xx_hal_cortex.o
 .debug_line    0x0000a225      0xbd4 ./Drivers/STM32F4xx_HAL_Driver/Src/stm32f4xx_hal_gpio.o
 .debug_line    0x0000adf9     0x3bca ./Drivers/STM32F4xx_HAL_Driver/Src/stm32f4xx_hal_i2c.o
 .debug_line    0x0000e9c3      0xdf7 ./Drivers/STM32F4xx_HAL_Driver/Src/stm32f4xx_hal_rcc.o
 .debug_line    0x0000f7ba     0x1d7f ./Drivers/STM32F4xx_HAL_Driver/Src/stm32f4xx_hal_spi.o
 .debug_line    0x00011539     0x3602 ./Drivers/STM32F4xx_HAL_Driver/Src/stm32f4xx_hal_tim.o
 .debug_line    0x00014b3b     0x1a15 ./Drivers/STM32F4xx_HAL_Driver/Src/stm32f4xx_hal_tim_ex.o
 .debug_line    0x00016550     0x2956 ./Drivers/STM32F4xx_HAL_Driver/Src/stm32f4xx_hal_uart.o
 .debug_line    0x00018ea6      0x9ae ./FATFS/App/fatfs.o
 .debug_line    0x00019854      0xba9 ./FATFS/Target/user_diskio.o
 .debug_line    0x0001a3fd      0xa3b ./Middlewares/Third_Party/FatFs/src/ff_gen_drv.o
 .debug_line    0x0001ae38      0x796 ./Middlewares/Third_Party/FreeRTOS/Source/list.o
 .debug_line    0x0001b5ce     0x1517 ./Middlewares/Third_Party/FreeRTOS/Source/queue.o
 .debug_line    0x0001cae5     0x1a55 ./Middlewares/Third_Party/FreeRTOS/Source/tasks.o
 .debug_line    0x0001e53a      0x839 ./Middlewares/Third_Party/FreeRTOS/Source/portable/GCC/ARM_CM4F/port.o
 .debug_line    0x0001ed73      0x9c1 ./Middlewares/Third_Party/FreeRTOS/Source/portable/MemMang/heap_4.o

.debug_str      0x00000000    0x9bd08
 .debug_str     0x00000000    0x898fd ./Core/Src/Device_Drivers_src/fatfs_sd.o
                              0x89c19 (size before relaxing)
 .debug_str     0x000898fd     0x9d92 ./Core/Src/Device_Drivers_src/keypad.o
                              0x9306f (size before relaxing)
 .debug_str     0x0009368f      0x128 ./Core/Src/Device_Drivers_src/screen.o
                              0x92e55 (size before relaxing)
 .debug_str     0x000937b7      0xf09 ./Core/Src/Device_Drivers_src/ssd1306.o
                              0x939a2 (size before relaxing)
 .debug_str     0x000946c0       0x91 ./Core/Src/Device_Drivers_src/ssd1306_fonts.o
                              0x89894 (size before relaxing)
 .debug_str     0x00094751      0x144 ./Core/Src/freertos.o
                              0x8d2e1 (size before relaxing)
 .debug_str     0x00094895      0xdcf ./Core/Src/main.o
                              0x94503 (size before relaxing)
 .debug_str     0x00095664      0x455 ./Core/Src/stm32f4xx_hal_msp.o
                              0x8a1f5 (size before relaxing)
 .debug_str     0x00095ab9      0x11a ./Core/Src/stm32f4xx_hal_timebase_tim.o
                              0x89da8 (size before relaxing)
 .debug_str     0x00095bd3       0xce ./Core/Src/stm32f4xx_it.o
                              0x899b1 (size before relaxing)
 .debug_str     0x00095ca1       0xdb ./Core/Src/system_stm32f4xx.o
                              0x89413 (size before relaxing)
 .debug_str     0x00095d7c       0x8e ./Core/Src/tasks.o
                              0x93776 (size before relaxing)
 .debug_str     0x00095e0a       0x44 ./Core/Startup/startup_stm32f401retx.o
                                 0x94 (size before relaxing)
 .debug_str     0x00095e4e      0x5bf ./Drivers/STM32F4xx_HAL_Driver/Src/stm32f4xx_hal.o
                              0x89e35 (size before relaxing)
 .debug_str     0x0009640d      0x33d ./Drivers/STM32F4xx_HAL_Driver/Src/stm32f4xx_hal_cortex.o
                              0x89b6d (size before relaxing)
 .debug_str     0x0009674a      0x110 ./Drivers/STM32F4xx_HAL_Driver/Src/stm32f4xx_hal_gpio.o
                              0x8958e (size before relaxing)
 .debug_str     0x0009685a      0xb1e ./Drivers/STM32F4xx_HAL_Driver/Src/stm32f4xx_hal_i2c.o
                              0x8a424 (size before relaxing)
 .debug_str     0x00097378      0x1f2 ./Drivers/STM32F4xx_HAL_Driver/Src/stm32f4xx_hal_rcc.o
                              0x89847 (size before relaxing)
 .debug_str     0x0009756a      0x537 ./Drivers/STM32F4xx_HAL_Driver/Src/stm32f4xx_hal_spi.o
                              0x89cc5 (size before relaxing)
 .debug_str     0x00097aa1      0xe41 ./Drivers/STM32F4xx_HAL_Driver/Src/stm32f4xx_hal_tim.o
                              0x8a78b (size before relaxing)
 .debug_str     0x000988e2      0x503 ./Drivers/STM32F4xx_HAL_Driver/Src/stm32f4xx_hal_tim_ex.o
                              0x89f97 (size before relaxing)
 .debug_str     0x00098de5      0x608 ./Drivers/STM32F4xx_HAL_Driver/Src/stm32f4xx_hal_uart.o
                              0x89e16 (size before relaxing)
 .debug_str     0x000993ed      0x150 ./FATFS/App/fatfs.o
                              0x8fb96 (size before relaxing)
 .debug_str     0x0009953d       0x5a ./FATFS/Target/user_diskio.o
                              0x92d2a (size before relaxing)
 .debug_str     0x00099597       0xba ./Middlewares/Third_Party/FatFs/src/ff_gen_drv.o
                              0x8faa0 (size before relaxing)
 .debug_str     0x00099651      0x12d ./Middlewares/Third_Party/FreeRTOS/Source/list.o
                               0xab13 (size before relaxing)
 .debug_str     0x0009977e      0xa1d ./Middlewares/Third_Party/FreeRTOS/Source/queue.o
                               0xc4a6 (size before relaxing)
 .debug_str     0x0009a19b     0x10bd ./Middlewares/Third_Party/FreeRTOS/Source/tasks.o
                               0xcebd (size before relaxing)
 .debug_str     0x0009b258      0x783 ./Middlewares/Third_Party/FreeRTOS/Source/portable/GCC/ARM_CM4F/port.o
                               0x8758 (size before relaxing)
 .debug_str     0x0009b9db      0x32d ./Middlewares/Third_Party/FreeRTOS/Source/portable/MemMang/heap_4.o
                               0xb455 (size before relaxing)

.comment        0x00000000       0x43
 .comment       0x00000000       0x43 ./Core/Src/Device_Drivers_src/fatfs_sd.o
                                 0x44 (size before relaxing)
 .comment       0x00000043       0x44 ./Core/Src/Device_Drivers_src/keypad.o
 .comment       0x00000043       0x44 ./Core/Src/Device_Drivers_src/screen.o
 .comment       0x00000043       0x44 ./Core/Src/Device_Drivers_src/ssd1306.o
 .comment       0x00000043       0x44 ./Core/Src/Device_Drivers_src/ssd1306_fonts.o
 .comment       0x00000043       0x44 ./Core/Src/freertos.o
 .comment       0x00000043       0x44 ./Core/Src/main.o
 .comment       0x00000043       0x44 ./Core/Src/stm32f4xx_hal_msp.o
 .comment       0x00000043       0x44 ./Core/Src/stm32f4xx_hal_timebase_tim.o
 .comment       0x00000043       0x44 ./Core/Src/stm32f4xx_it.o
 .comment       0x00000043       0x44 ./Core/Src/system_stm32f4xx.o
 .comment       0x00000043       0x44 ./Core/Src/tasks.o
 .comment       0x00000043       0x44 ./Drivers/STM32F4xx_HAL_Driver/Src/stm32f4xx_hal.o
 .comment       0x00000043       0x44 ./Drivers/STM32F4xx_HAL_Driver/Src/stm32f4xx_hal_cortex.o
 .comment       0x00000043       0x44 ./Drivers/STM32F4xx_HAL_Driver/Src/stm32f4xx_hal_gpio.o
 .comment       0x00000043       0x44 ./Drivers/STM32F4xx_HAL_Driver/Src/stm32f4xx_hal_i2c.o
 .comment       0x00000043       0x44 ./Drivers/STM32F4xx_HAL_Driver/Src/stm32f4xx_hal_rcc.o
 .comment       0x00000043       0x44 ./Drivers/STM32F4xx_HAL_Driver/Src/stm32f4xx_hal_spi.o
 .comment       0x00000043       0x44 ./Drivers/STM32F4xx_HAL_Driver/Src/stm32f4xx_hal_tim.o
 .comment       0x00000043       0x44 ./Drivers/STM32F4xx_HAL_Driver/Src/stm32f4xx_hal_tim_ex.o
 .comment       0x00000043       0x44 ./Drivers/STM32F4xx_HAL_Driver/Src/stm32f4xx_hal_uart.o
 .comment       0x00000043       0x44 ./FATFS/App/fatfs.o
 .comment       0x00000043       0x44 ./FATFS/Target/user_diskio.o
 .comment       0x00000043       0x44 ./Middlewares/Third_Party/FatFs/src/ff_gen_drv.o
 .comment       0x00000043       0x44 ./Middlewares/Third_Party/FreeRTOS/Source/list.o
 .comment       0x00000043       0x44 ./Middlewares/Third_Party/FreeRTOS/Source/queue.o
 .comment       0x00000043       0x44 ./Middlewares/Third_Party/FreeRTOS/Source/tasks.o
 .comment       0x00000043       0x44 ./Middlewares/Third_Party/FreeRTOS/Source/portable/GCC/ARM_CM4F/port.o
 .comment       0x00000043       0x44 ./Middlewares/Third_Party/FreeRTOS/Source/portable/MemMang/heap_4.o

.debug_frame    0x00000000     0x60c0
 .debug_frame   0x00000000      0x28c ./Core/Src/Device_Drivers_src/fatfs_sd.o
 .debug_frame   0x0000028c       0xd4 ./Core/Src/Device_Drivers_src/keypad.o
 .debug_frame   0x00000360       0xbc ./Core/Src/Device_Drivers_src/screen.o
 .debug_frame   0x0000041c      0x3e4 ./Core/Src/Device_Drivers_src/ssd1306.o
 .debug_frame   0x00000800       0x38 ./Core/Src/freertos.o
 .debug_frame   0x00000838      0x128 ./Core/Src/main.o
 .debug_frame   0x00000960      0x10c ./Core/Src/stm32f4xx_hal_msp.o
 .debug_frame   0x00000a6c       0x74 ./Core/Src/stm32f4xx_hal_timebase_tim.o
 .debug_frame   0x00000ae0       0xe4 ./Core/Src/stm32f4xx_it.o
 .debug_frame   0x00000bc4       0x58 ./Core/Src/system_stm32f4xx.o
 .debug_frame   0x00000c1c       0xe4 ./Core/Src/tasks.o
 .debug_frame   0x00000d00      0x374 ./Drivers/STM32F4xx_HAL_Driver/Src/stm32f4xx_hal.o
 .debug_frame   0x00001074      0x4b8 ./Drivers/STM32F4xx_HAL_Driver/Src/stm32f4xx_hal_cortex.o
 .debug_frame   0x0000152c      0x14c ./Drivers/STM32F4xx_HAL_Driver/Src/stm32f4xx_hal_gpio.o
 .debug_frame   0x00001678      0xc84 ./Drivers/STM32F4xx_HAL_Driver/Src/stm32f4xx_hal_i2c.o
 .debug_frame   0x000022fc      0x1f4 ./Drivers/STM32F4xx_HAL_Driver/Src/stm32f4xx_hal_rcc.o
 .debug_frame   0x000024f0      0x828 ./Drivers/STM32F4xx_HAL_Driver/Src/stm32f4xx_hal_spi.o
 .debug_frame   0x00002d18     0x11b8 ./Drivers/STM32F4xx_HAL_Driver/Src/stm32f4xx_hal_tim.o
 .debug_frame   0x00003ed0      0x638 ./Drivers/STM32F4xx_HAL_Driver/Src/stm32f4xx_hal_tim_ex.o
 .debug_frame   0x00004508      0x954 ./Drivers/STM32F4xx_HAL_Driver/Src/stm32f4xx_hal_uart.o
 .debug_frame   0x00004e5c       0x4c ./FATFS/App/fatfs.o
 .debug_frame   0x00004ea8       0xc4 ./FATFS/Target/user_diskio.o
 .debug_frame   0x00004f6c       0xc8 ./Middlewares/Third_Party/FatFs/src/ff_gen_drv.o
 .debug_frame   0x00005034       0xd8 ./Middlewares/Third_Party/FreeRTOS/Source/list.o
 .debug_frame   0x0000510c      0x46c ./Middlewares/Third_Party/FreeRTOS/Source/queue.o
 .debug_frame   0x00005578      0x7a0 ./Middlewares/Third_Party/FreeRTOS/Source/tasks.o
 .debug_frame   0x00005d18      0x1a8 ./Middlewares/Third_Party/FreeRTOS/Source/portable/GCC/ARM_CM4F/port.o
 .debug_frame   0x00005ec0      0x12c ./Middlewares/Third_Party/FreeRTOS/Source/portable/MemMang/heap_4.o
 .debug_frame   0x00005fec       0x20 C:/ST/STM32CubeIDE_1.15.1/STM32CubeIDE/plugins/com.st.stm32cube.ide.mcu.externaltools.gnu-tools-for-stm32.12.3.rel1.win32_1.0.100.202403111256/tools/bin/../lib/gcc/arm-none-eabi/12.3.1/../../../../arm-none-eabi/lib/thumb/v7e-m+fp/hard\libc_nano.a(libc_a-memset.o)
 .debug_frame   0x0000600c       0x2c C:/ST/STM32CubeIDE_1.15.1/STM32CubeIDE/plugins/com.st.stm32cube.ide.mcu.externaltools.gnu-tools-for-stm32.12.3.rel1.win32_1.0.100.202403111256/tools/bin/../lib/gcc/arm-none-eabi/12.3.1/../../../../arm-none-eabi/lib/thumb/v7e-m+fp/hard\libc_nano.a(libc_a-init.o)
 .debug_frame   0x00006038       0x28 C:/ST/STM32CubeIDE_1.15.1/STM32CubeIDE/plugins/com.st.stm32cube.ide.mcu.externaltools.gnu-tools-for-stm32.12.3.rel1.win32_1.0.100.202403111256/tools/bin/../lib/gcc/arm-none-eabi/12.3.1/../../../../arm-none-eabi/lib/thumb/v7e-m+fp/hard\libc_nano.a(libc_a-memcpy-stub.o)
 .debug_frame   0x00006060       0x2c C:/ST/STM32CubeIDE_1.15.1/STM32CubeIDE/plugins/com.st.stm32cube.ide.mcu.externaltools.gnu-tools-for-stm32.12.3.rel1.win32_1.0.100.202403111256/tools/bin/../lib/gcc/arm-none-eabi/12.3.1/thumb/v7e-m+fp/hard\libgcc.a(_aeabi_uldivmod.o)
 .debug_frame   0x0000608c       0x34 C:/ST/STM32CubeIDE_1.15.1/STM32CubeIDE/plugins/com.st.stm32cube.ide.mcu.externaltools.gnu-tools-for-stm32.12.3.rel1.win32_1.0.100.202403111256/tools/bin/../lib/gcc/arm-none-eabi/12.3.1/thumb/v7e-m+fp/hard\libgcc.a(_udivmoddi4.o)

.debug_line_str
                0x00000000       0x78
 .debug_line_str
                0x00000000       0x78 ./Core/Startup/startup_stm32f401retx.o
